################################################################################
#                                                                              #
#      IAR Universal Linker V4.52D/WIN                                         #
#                                                                              #
#           Link time     =  15/Nov/2011  18:38:43                             #
#           Target CPU    =  Z80/64180                                         #
#           List file     =  C:\Users\DimkaM\Documents\projects\fatfs\Release\ #
#                            List\fatfs.map                                    #
#           Output file 1 =  C:\Users\DimkaM\Documents\projects\fatfs\Release\ #
#                            Exe\fatfs.raw                                     #
#                            Format: simple                                    #
#           Command line  =  C:\Users\DimkaM\Documents\projects\fatfs\Release\ #
#                            Obj\diskio.r01                                    #
#                            C:\Users\DimkaM\Documents\projects\fatfs\Release\ #
#                            Obj\ff.r01                                        #
#                            C:\Users\DimkaM\Documents\projects\fatfs\Release\ #
#                            Obj\mylib.r01                                     #
#                            C:\Users\DimkaM\Documents\projects\fatfs\Release\ #
#                            Obj\savelij.r01                                   #
#                            -o                                                #
#                            C:\Users\DimkaM\Documents\projects\fatfs\Release\ #
#                            Exe\fatfs.raw                                     #
#                            -Fsimple -l                                       #
#                            C:\Users\DimkaM\Documents\projects\fatfs\Release\ #
#                            List\fatfs.map                                    #
#                            -xes "-IC:\Program Files\IAR ewz80\z80\LIB\" -f   #
#                            C:\Users\DimkaM\Documents\projects\fatfs\Lnkz80.x #
#                            cl                                                #
#                            (-cZ80                                            #
#                            -Z(CODE)RCODE,CODE,CDATA0,CONST,CSTR,CCSTR,DATA0, #
#                            IDATA0,UDATA0,ECSTR,TEMP=4000-8FFF                #
#                            -Z(CODE)INTVEC=9000-9FFF                          #
#                            -Z(DATA)CSTACK+200=A000-BFFF                      #
#                            -e_small_write=_formatted_write                   #
#                            -e_medium_read=_formatted_read clz80) -n          #
#                                                                              #
#                        Copyright 1987-2001 IAR Systems. All rights reserved. #
################################################################################





                ****************************************
                *                                      *
                *           CROSS REFERENCE            *
                *                                      *
                ****************************************

                  There are no program entries.


                ****************************************
                *                                      *
                *              ENTRY LIST              *
                *                                      *
                ****************************************

diskio ( C:\Users\DimkaM\Documents\projects\fatfs\Release\Obj\diskio.r01 )
  disk_ioctl                                 4303 
ff ( C:\Users\DimkaM\Documents\projects\fatfs\Release\Obj\ff.r01 )
  clust2sect                                 4542 
  f_chdir                                    691A 
  f_chdrive                                  6907 
  f_chmod                                    773B 
  f_close                                    68EB 
  f_getfree                                  6F36 
  f_lseek                                    69B4 
  f_mkdir                                    7472 
  f_mount                                    5E49 
  f_open                                     5E8F 
  f_opendir                                  6DC7 
  f_read                                     612F 
  f_readdir                                  6E66 
  f_rename                                   7863 
  f_stat                                     6EDD 
  f_sync                                     6822 
  f_truncate                                 7193 
  f_unlink                                   72F0 
  f_utime                                    77D2 
  f_write                                    649D 
  get_fat                                    45BF 
  put_fat                                    478E 
mylib ( C:\Users\DimkaM\Documents\projects\fatfs\Release\Obj\mylib.r01 )
  tablcall                                   4000 
  LD_CLUST                                   4028 
  get_fattime                                4054 
SAVELIJ ( C:\Users\DimkaM\Documents\projects\fatfs\Release\Obj\savelij.r01 )
  disk_initialize                            7A65 
  disk_read                                  7AB6 
  disk_write                                 7AD3 
  ds_m                                       7A61 
  FatFs                                      7A5B 
  Fsid                                       7A5F 
  CurrVol                                    7A5A 
  dio_par                                    7A54 
?LIB_VERSION_L00 ( C:\Program Files\IAR ewz80\z80\LIB\clz80.r01 )
  ?CLZ80L_4_06_L00                           0000 
?US_RSH_L02 ( C:\Program Files\IAR ewz80\z80\LIB\clz80.r01 )
  ?US_RSH_L02                                40B6 
?L_LSH_L03 ( C:\Program Files\IAR ewz80\z80\LIB\clz80.r01 )
  ?L_LSH_L03                                 40C0 
?UL_RSH_L03 ( C:\Program Files\IAR ewz80\z80\LIB\clz80.r01 )
  ?UL_RSH_L03                                40D8 
?L_MUL_L03 ( C:\Program Files\IAR ewz80\z80\LIB\clz80.r01 )
  ?L_MUL_L03                                 40F3 
?UL_DIV_L03 ( C:\Program Files\IAR ewz80\z80\LIB\clz80.r01 )
  ?UL_DIV_L03                                415B 
?L_DIVMOD_L03 ( C:\Program Files\IAR ewz80\z80\LIB\clz80.r01 )
  ?L_DIVMOD_L03                              4183 
?L_AND_L03 ( C:\Program Files\IAR ewz80\z80\LIB\clz80.r01 )
  ?L_AND_L03                                 41DB 
?L_INC_L03 ( C:\Program Files\IAR ewz80\z80\LIB\clz80.r01 )
  ?L_INC_L03                                 41F9 
?L_DEC_L03 ( C:\Program Files\IAR ewz80\z80\LIB\clz80.r01 )
  ?L_DEC_L03                                 4201 
?L_NOT_L03 ( C:\Program Files\IAR ewz80\z80\LIB\clz80.r01 )
  ?L_NOT_L03                                 420A 
?L_MULASG_L03 ( C:\Program Files\IAR ewz80\z80\LIB\clz80.r01 )
  ?L_MULASG_L03                              4219 
?L_END_MULDIVASG_L03 ( C:\Program Files\IAR ewz80\z80\LIB\clz80.r01 )
  ?L_END_MULDIVASG_L03                       4229 
?L_ADDASG_L03 ( C:\Program Files\IAR ewz80\z80\LIB\clz80.r01 )
  ?L_ADDASG_L03                              4232 
?L_SUBASG_L03 ( C:\Program Files\IAR ewz80\z80\LIB\clz80.r01 )
  ?L_SUBASG_L03                              424B 
?L_ORASG_L03 ( C:\Program Files\IAR ewz80\z80\LIB\clz80.r01 )
  ?L_ORASG_L03                               4264 
?L_INCASG_L03 ( C:\Program Files\IAR ewz80\z80\LIB\clz80.r01 )
  ?L_INCASG_L03                              427D 
?L_END_ASG_L03 ( C:\Program Files\IAR ewz80\z80\LIB\clz80.r01 )
  ?L_END_ASG_L03                             428B 
?ENT_PARM_DIRECT_L09 ( C:\Program Files\IAR ewz80\z80\LIB\clz80.r01 )
  ?ENT_PARM_DIRECT_L09                       4294 
?ENT_AUTO_DIRECT_L09 ( C:\Program Files\IAR ewz80\z80\LIB\clz80.r01 )
  ?ENT_AUTO_DIRECT_L09                       42A0 
?LEAVE_DIRECT_L09 ( C:\Program Files\IAR ewz80\z80\LIB\clz80.r01 )
  ?LEAVE_DIRECT_L09                          42B4 
?LEAVE_32_L09 ( C:\Program Files\IAR ewz80\z80\LIB\clz80.r01 )
  ?LEAVE_32_L09                              42BB 
?MEMSET_L11 ( C:\Program Files\IAR ewz80\z80\LIB\clz80.r01 )
  ?MEMSET_L11                                42C3 
?MEMCMP_L11 ( C:\Program Files\IAR ewz80\z80\LIB\clz80.r01 )
  ?MEMCMP_L11                                42DA 
?STRCHR_L11 ( C:\Program Files\IAR ewz80\z80\LIB\clz80.r01 )
  ?STRCHR_L11                                42F8 



                ****************************************
                *                                      *
                *      SEGMENTS IN ADDRESS ORDER       *
                *                                      *
                ****************************************


SEGMENT              SPACE   START ADDRESS    END ADDRESS      SIZE  TYPE  ALIGN
=======              =====   =============    ===========      ====  ====  =====
RCODE                                 4000 - 4302               303   rel    0
CODE                                  4303 - 7F0F              3C0D   rel    0
CONST                                    7F10                         dse    0
CDATA0                                   7F10                         dse    0
CSTR                                  7F10 - 7F1E                 F   rel    0
CCSTR                                    7F1F                         dse    0
DATA0                                    7F1F                         dse    0
IDATA0                                   7F1F                         dse    0
UDATA0                                   7F1F                         dse    0
ECSTR                                    7F1F                         dse    0
TEMP                                     7F1F                         dse    0
INTVEC                                   9000                         dse    0
CSTACK                                   A000                         dse    0

                ****************************************
                *                                      *
                *        END OF CROSS REFERENCE        *
                *                                      *
                ****************************************

 16159 bytes of CODE memory

Errors: none
Warnings: none

