 emul

 Timestamp is 4f0d80a4 (Wed Jan 11 15:29:24 2012)

 Preferred load address is 00400000

 Start         Length     Name                   Class
 0001:00000000 0008e25cH .text                   CODE
 0001:0008e260 000001b5H .text$yc                CODE
 0001:0008e420 000000f5H .text$yd                CODE
 0002:00000000 00000400H .idata$5                DATA
 0002:00000400 00000004H .CRT$XCA                DATA
 0002:00000404 00000030H .CRT$XCU                DATA
 0002:00000434 00000004H .CRT$XCZ                DATA
 0002:00000438 00000004H .CRT$XIA                DATA
 0002:0000043c 00000014H .CRT$XIC                DATA
 0002:00000450 00000004H .CRT$XIY                DATA
 0002:00000454 00000004H .CRT$XIZ                DATA
 0002:00000458 00000004H .CRT$XPA                DATA
 0002:0000045c 00000004H .CRT$XPX                DATA
 0002:00000460 00000004H .CRT$XPXA               DATA
 0002:00000464 00000004H .CRT$XPZ                DATA
 0002:00000468 00000004H .CRT$XTA                DATA
 0002:0000046c 00000004H .CRT$XTZ                DATA
 0002:00000470 00040127H .rdata                  DATA
 0002:00040598 0000003aH .rdata$debug            DATA
 0002:000405d4 00000004H .rtc$IAA                DATA
 0002:000405d8 00000004H .rtc$IZZ                DATA
 0002:000405dc 00000004H .rtc$TAA                DATA
 0002:000405e0 00000004H .rtc$TZZ                DATA
 0002:000405e8 00000a64H .xdata$x                DATA
 0002:0004104c 000000dcH .idata$2                DATA
 0002:00041128 00000014H .idata$3                DATA
 0002:0004113c 00000400H .idata$4                DATA
 0002:0004153c 00001204H .idata$6                DATA
 0002:00042740 00000000H .edata                  DATA
 0003:00000000 0002e8b4H .data                   DATA
 0003:0002f000 00f8c184H .bss                    DATA
 0004:00000000 000008e0H .rsrc$01                DATA
 0004:000008e0 000068e0H .rsrc$02                DATA

  Address         Publics by Value              Rva+Base       Lib:Object

 0000:00000000       ___safe_se_handler_count   00000000     <absolute>
 0000:00000000       ___safe_se_handler_table   00000000     <absolute>
 0000:00000000       __except_list              00000000     <absolute>
 0000:00000000       ___ImageBase               00400000     <linker-defined>
 0001:00000000       ??_H@YGXPAXIHP6EPAX0@Z@Z   00401000 f i emul.obj
 0001:00000030       ??_I@YGXPAXIHP6EX0@Z@Z     00401030 f i emul.obj
 0001:00000070       ??0CHEATDLG@@QAE@XZ        00401070 f i cheat.obj
 0001:000000a0       ??1CHEATDLG@@QAE@XZ        004010a0 f i cheat.obj
 0001:000000c0       ?SetTpi@Z80@@QAEXK@Z       004010c0 f i config.obj
 0001:000000d0       ?Cpu@TCpuMgr@@SAAAUZ80@@K@Z 004010d0 f i config.obj
 0001:000000e0       ?GetCount@TCpuMgr@@SAIXZ   004010e0 f i config.obj
 0001:000000f0       ?Open@TZc@@QAEXPBD@Z       004010f0 f i config.obj
 0001:00000140       ?Close@TZc@@QAEXXZ         00401140 f i config.obj
 0001:00000160       ?strstr@@YAPADPADPBD@Z     00401160 f i config.obj
 0001:00000180       ?strchr@@YAPADPADH@Z       00401180 f i config.obj
 0001:00000190       ?strrchr@@YAPADPADH@Z      00401190 f i config.obj
 0001:000001a0       ?DirectRm@Z80@@QBEEI@Z     004011a0 f i dbgbpx.obj
 0001:000001b0       ?Cpu@TCpuMgr@@SAAAUZ80@@XZ 004011b0 f i dbgbpx.obj
 0001:000001c0       ?DirectWm@Z80@@QAEXIE@Z    004011c0 f i dbgcmd.obj
 0001:000001e0       ?editrm@@YAEI@Z            004011e0 f i dbgcmd.obj
 0001:00000200       ??0MON_LABELS@@QAE@XZ      00401200 f i dbglabls.obj
 0001:00000230       ??1MON_LABELS@@QAE@XZ      00401230 f i dbglabls.obj
 0001:00000270       ?clear_ram@MON_LABELS@@QAEXXZ 00401270 f i dbglabls.obj
 0001:00000280       ?am_r@@YAPAEI@Z            00401280 f i dbglabls.obj
 0001:000002a0       ?clear@TRKCACHE@@QAEXXZ    004012a0 f i dbgmem.obj
 0001:000002c0       ??0TRKCACHE@@QAE@XZ        004012c0 f i dbgmem.obj
 0001:000002e0       ?get_activereg@SNDCHIP@@QAEEXZ 004012e0 f i dbgoth.obj
 0001:000002f0       ?get_reg@SNDCHIP@@QAEEI@Z  004012f0 f i dbgoth.obj
 0001:00000300       ?PrevCpu@TCpuMgr@@SAAAUTZ80State@@XZ 00401300 f i dbgreg.obj
 0001:00000310       ?GetCurrentCpu@TCpuMgr@@SAIXZ 00401310 f i dbgtrace.obj
 0001:00000320       ?handle_int@@YAXPAUZ80@@E@Z 00401320 f i dbgtrace.obj
 0001:000003d0       ?GetIdx@Z80@@QBEKXZ        004013d0 f i debug.obj
 0001:000003e0       ?PrevCpu@TCpuMgr@@SAAAUTZ80State@@K@Z 004013e0 f i debug.obj
 0001:000003f0       ?SetCurrentCpu@TCpuMgr@@SAXK@Z 004013f0 f i debug.obj
 0001:00000400       ?raypointer@@YAPAEXZ       00401400 f i draw.obj
 0001:00000440       ?clear_until_ray@@YAXXZ    00401440 f i draw.obj
 0001:00000490       ?switch_video@@YAXXZ       00401490 f i dx.obj
 0001:000004c0       ?line_8_any@@YAXPAE0@Z     004014c0 f i dxr_advm.obj
 0001:000004e0       ?line_32_any@@YAXPAE0@Z    004014e0 f i dxr_advm.obj
 0001:00000510       ??0RSM_DATA@@QAE@XZ        00401510 f i dxr_rsm.obj
 0001:00000520       ??1RSM_DATA@@QAE@XZ        00401520 f i dxr_rsm.obj
 0001:00000530       ?advance_eg_channel@@YAXPAUFM_OPN@@PAUFM_SLOT@@@Z 00401530 f i emul_2203.obj
 0001:00000750       ?pretest_font@@YAHIII@Z    00401750 f i fntsrch.obj
 0001:000008d0       ?reset@Z80@@QAEXXZ         004018d0 f i gsz80.obj
 0001:00000900       ?SetFastMemIf@Z80@@QAEXXZ  00401900 f i gsz80.obj
 0001:00000910       ?SetDbgMemIf@Z80@@QAEXXZ   00401910 f i gsz80.obj
 0001:00000920       ?start_frame@SNDRENDER@@QAEXXZ 00401920 f i gsz80.obj
 0001:00000940       ?GetDreq@TRingBuffer@@QBE_NXZ 00401940 f i gsz80.obj
 0001:00000950       ?GetDreq@TVs1001@@QBE_NXZ  00401950 f i gsz80.obj
 0001:00000960       ?handle_int@z80gs@@YAXPAUZ80@@E@Z 00401960 f i gsz80.obj
 0001:00000a10       ?am_r@z80gs@@YAPAEK@Z      00401a10 f i gsz80.obj
 0001:00000a30       ?rm@z80fast@z80gs@@YAEI@Z  00401a30 f i gsz80.obj
 0001:00000a80       ?wm@z80fast@z80gs@@YAXIE@Z 00401a80 f i gsz80.obj
 0001:00000ab0       ?rm@z80dbg@z80gs@@YAEI@Z   00401ab0 f i gsz80.obj
 0001:00000b20       ?wm@z80dbg@z80gs@@YAXIE@Z  00401b20 f i gsz80.obj
 0001:00000b70       ?m1_cycle@z80gs@@YAEPAUZ80@@@Z 00401b70 f i gsz80.obj
 0001:00000b90       ?get_chipname@SNDCHIP@@SAPBDW4CHIP_TYPE@1@@Z 00401b90 f i gui.obj
 0001:00000ba0       ?loaded@ATA_PASSER@@QAE_NXZ 00401ba0 f i hdd.obj
 0001:00000bb0       ?flush@ATA_PASSER@@QAEHXZ  00401bb0 f i hdd.obj
 0001:00000bc0       ?loaded@ATAPI_PASSER@@QAE_NXZ 00401bc0 f i hdd.obj
 0001:00000be0       ?loaded@ATA_DEVICE@@QAE_NXZ 00401be0 f i hdd.obj
 0001:00000c10       ??0ATA_PASSER@@QAE@XZ      00401c10 f i hddio.obj
 0001:00000c20       ??1ATA_PASSER@@QAE@XZ      00401c20 f i hddio.obj
 0001:00000c30       ??0ATAPI_PASSER@@QAE@XZ    00401c30 f i hddio.obj
 0001:00000c40       ??1ATAPI_PASSER@@QAE@XZ    00401c40 f i hddio.obj
 0001:00000c70       ?init_tape@@YAXXZ          00401c70 f i init.obj
 0001:00000c80       ?done_tape@@YAXXZ          00401c80 f i init.obj
 0001:00000c90       ?press_zx@K_INPUT@@QAEXE@Z 00401c90 f i input.obj
 0001:00000cd0       ?sign_pm@@YAHH@Z           00401cd0 f i input.obj
 0001:00000ce0       ?in1@@YAEI@Z               00401ce0 f i io.obj
 0001:00001630       ?get_env@SNDCHIP@@QAEIXZ   00402630 f i leds.obj
 0001:00001640       ?update_perf_led@@YAXXZ    00402640 f i leds.obj
 0001:00001720       ??0TSdCard@@QAE@XZ         00402720 f i sdcard.obj
 0001:00001730       ?set_chip@SNDCHIP@@QAEXW4CHIP_TYPE@1@@Z 00402730 f i sound.obj
 0001:00001740       ?start_frame@SNDCHIP@@QAEXXZ 00402740 f i sound.obj
 0001:00001760       ?get_r13_reloaded@SNDCHIP@@QAEEXZ 00402760 f i sound.obj
 0001:00001770       ?start_frame@TSaa1099@@QAEXXZ 00402770 f i sound.obj
 0001:000017a0       ??0Z80@@QAE@KP6AXHPAD@ZP6IXXZP6A_JXZP6AXXZPAEPBUTMemIf@@6@Z 004027a0 f i vars.obj
 0001:00001860       ??1Z80@@UAE@XZ             00402860 f i vars.obj
 0001:00001870       ??_GZ80@@UAEPAXI@Z         00402870 f i vars.obj
 0001:00001870       ??_EZ80@@UAEPAXI@Z         00402870 f i  CIL library: CIL module
 0001:00001890       ??1FDD@@QAE@XZ             00402890 f i vars.obj
 0001:000018a0       ??0WD1793@@QAE@XZ          004028a0 f i vars.obj
 0001:00001930       ??0FDD@@QAE@XZ             00402930 f i vars.obj
 0001:00001950       ??0ATA_PORT@@QAE@XZ        00402950 f i vars.obj
 0001:00001990       ??0ATA_DEVICE@@QAE@XZ      00402990 f i vars.obj
 0001:000019b0       ??1ATA_DEVICE@@QAE@XZ      004029b0 f i vars.obj
 0001:00001a00       ??0K_INPUT@@QAE@XZ         00402a00 f i vars.obj
 0001:00001a40       ??0TMainZ80@@QAE@KP6AXHPAD@ZP6IXXZP6A_JXZP6AXXZPAEPBUTMemIf@@6@Z 00402a40 f i vars.obj
 0001:00001a80       ??_ETMainZ80@@UAEPAXI@Z    00402a80 f i  CIL library: CIL module
 0001:00001a80       ??_GTMainZ80@@UAEPAXI@Z    00402a80 f i vars.obj
 0001:00001aa0       ??1TMainZ80@@UAE@XZ        00402aa0 f i vars.obj
 0001:00001ab0       ??0TGsZ80@@QAE@KP6AXHPAD@ZP6IXXZP6A_JXZP6AXXZPAEPBUTMemIf@@6@Z 00402ab0 f i vars.obj
 0001:00001af0       ??_ETGsZ80@@UAEPAXI@Z      00402af0 f i  CIL library: CIL module
 0001:00001af0       ??_GTGsZ80@@UAEPAXI@Z      00402af0 f i vars.obj
 0001:00001b10       ??1TGsZ80@@UAE@XZ          00402b10 f i vars.obj
 0001:00001b20       ??0SNDCOUNTER@@QAE@XZ      00402b20 f i vars.obj
 0001:00001b30       ?m1_cycle@@YAEPAUZ80@@@Z   00402b30 f i vars.obj
 0001:00001b50       ??0COMPUTER@@QAE@XZ        00402b50 f i vars.obj
 0001:00001b70       ??1COMPUTER@@QAE@XZ        00402b70 f i vars.obj
 0001:00001ba0       ??1WD1793@@QAE@XZ          00402ba0 f i vars.obj
 0001:00001bd0       ??1ATA_PORT@@QAE@XZ        00402bd0 f i vars.obj
 0001:00001c40       ??0TCriticalSection@@QAE@XZ 00402c40 f i vs1001.obj
 0001:00001c50       ??1TCriticalSection@@QAE@XZ 00402c50 f i vs1001.obj
 0001:00001c60       ?Lock@TCriticalSection@@QAEXXZ 00402c60 f i vs1001.obj
 0001:00001c70       ?Unlock@TCriticalSection@@QAEXXZ 00402c70 f i vs1001.obj
 0001:00001c80       ??0TEvent@@QAE@H@Z         00402c80 f i vs1001.obj
 0001:00001ca0       ??1TEvent@@QAE@XZ          00402ca0 f i vs1001.obj
 0001:00001cb0       ?Set@TEvent@@QAEXXZ        00402cb0 f i vs1001.obj
 0001:00001cc0       ?Reset@TEvent@@QAEXXZ      00402cc0 f i vs1001.obj
 0001:00001cd0       ?Wait@TEvent@@QAE_NK@Z     00402cd0 f i vs1001.obj
 0001:00001cf0       ??0TRingBuffer@@QAE@XZ     00402cf0 f i vs1001.obj
 0001:00001d50       ?Cancel@TRingBuffer@@QAEXXZ 00402d50 f i vs1001.obj
 0001:00001d70       ?Thread@TVs1001@@CGIPAX@Z  00402d70 f i vs1001.obj
 0001:00001da0       ?StreamClose@TVs1001@@CGXPAX@Z 00402da0 f i vs1001.obj
 0001:00001dc0       ?StreamLen@TVs1001@@CG_KPAX@Z 00402dc0 f i vs1001.obj
 0001:00001dd0       ?StreamRead@TVs1001@@CGKPAXK0@Z 00402dd0 f i vs1001.obj
 0001:00001df0       ?StreamSeek@TVs1001@@CGH_KPAX@Z 00402df0 f i vs1001.obj
 0001:00001e00       ??1TRingBuffer@@QAE@XZ     00402e00 f i vs1001.obj
 0001:00001e20       ??1TVs1001@@QAE@XZ         00402e20 f i vs1001.obj
 0001:00001e50       _powf                      00402e50 f i vs1001.obj
 0001:00001e70       ?set_i@TRKCACHE@@QAEXI@Z   00402e70 f i wd93cmd.obj
 0001:00001e90       ?clr_i@TRKCACHE@@QAEXI@Z   00402e90 f i wd93cmd.obj
 0001:00001eb0       ?write@TRKCACHE@@QAEXIED@Z 00402eb0 f i wd93cmd.obj
 0001:00001ee0       ?test_i@TRKCACHE@@QAEEI@Z  00402ee0 f i wd93trk.obj
 0001:00001f00       ?m1_cycle@z80fast@@YAEPAUZ80@@@Z 00402f00 f i z80.obj
 0001:00001f50       ?m1_cycle@z80dbg@@YAEPAUZ80@@@Z 00402f50 f i z80.obj
 0001:00001fa0       ??0TZc@@QAE@XZ             00402fa0 f i zc.obj
 0001:00001fc0       ?and8@@YAXPAUZ80@@E@Z      00402fc0 f i z80:op_noprefix.obj
 0001:00001fe0       ?or8@@YAXPAUZ80@@E@Z       00402fe0 f i z80:op_noprefix.obj
 0001:00002000       ?xor8@@YAXPAUZ80@@E@Z      00403000 f i z80:op_noprefix.obj
 0001:00002020       ?inc8@@YAXPAUZ80@@AAE@Z    00403020 f i z80:op_noprefix.obj
 0001:00002040       ?dec8@@YAXPAUZ80@@AAE@Z    00403040 f i z80:op_noprefix.obj
 0001:00002060       ?add8@@YAXPAUZ80@@E@Z      00403060 f i z80:op_noprefix.obj
 0001:00002090       ?sub8@@YAXPAUZ80@@E@Z      00403090 f i z80:op_noprefix.obj
 0001:000020c0       ?adc8@@YAXPAUZ80@@E@Z      004030c0 f i z80:op_noprefix.obj
 0001:000020f0       ?sbc8@@YAXPAUZ80@@E@Z      004030f0 f i z80:op_noprefix.obj
 0001:00002120       ?cp8@@YAXPAUZ80@@E@Z       00403120 f i z80:op_noprefix.obj
 0001:00002140       ?bitmem@@YAXPAUZ80@@EE@Z   00403140 f i z80:op_ddcb.obj
 0001:00002180       ?resbyte@@YAEEE@Z          00403180 f i z80:op_ddcb.obj
 0001:000021a0       ?setbyte@@YAEEE@Z          004031a0 f i z80:op_ddcb.obj
 0001:000021b0       ?ddfd@@YIXPAUZ80@@E@Z      004031b0 f i z80:op_ddcb.obj
 0001:000022a0       ?set@@YAXAAEE@Z            004032a0 f i z80:op_cb.obj
 0001:000022b0       ?res@@YAXAAEE@Z            004032b0 f i z80:op_cb.obj
 0001:000022c0       ?bit@@YAXPAUZ80@@EE@Z      004032c0 f i z80:op_cb.obj
 0001:000022ea       _DirectInputCreateA@16     004032ea f   dinput:DINPUT.dll
 0001:000022f0       _DirectDrawCreate@12       004032f0 f   ddraw:DDRAW.dll
 0001:000022f6       _DirectSoundCreate@12      004032f6 f   dsound:DSOUND.dll
 0001:000022fc       _MessageBoxA@16            004032fc f   user32:USER32.dll
 0001:00002302       _GetDlgItemTextA@16        00403302 f   user32:USER32.dll
 0001:00002308       _EnableWindow@8            00403308 f   user32:USER32.dll
 0001:0000230e       _GetDlgItem@8              0040330e f   user32:USER32.dll
 0001:00002314       _ShowWindow@8              00403314 f   user32:USER32.dll
 0001:0000231a       _SendMessageA@16           0040331a f   user32:USER32.dll
 0001:00002320       _SetWindowTextA@8          00403320 f   user32:USER32.dll
 0001:00002326       _SendDlgItemMessageA@20    00403326 f   user32:USER32.dll
 0001:0000232c       _EndDialog@8               0040332c f   user32:USER32.dll
 0001:00002332       _DialogBoxParamA@20        00403332 f   user32:USER32.dll
 0001:00002338       _GetFocus@0                00403338 f   user32:USER32.dll
 0001:0000233e       _IsDlgButtonChecked@8      0040333e f   user32:USER32.dll
 0001:00002344       _CheckDlgButton@12         00403344 f   user32:USER32.dll
 0001:0000234a       _SetDlgItemTextA@12        0040334a f   user32:USER32.dll
 0001:00002350       _SetFocus@4                00403350 f   user32:USER32.dll
 0001:00002356       _GetForegroundWindow@0     00403356 f   user32:USER32.dll
 0001:0000235c       _GetKeyboardState@4        0040335c f   user32:USER32.dll
 0001:00002362       _ToAscii@20                00403362 f   user32:USER32.dll
 0001:00002368       _CharToOemBuffA@12         00403368 f   user32:USER32.dll
 0001:0000236e       _PostThreadMessageA@16     0040336e f   user32:USER32.dll
 0001:00002374       _CreatePopupMenu@0         00403374 f   user32:USER32.dll
 0001:0000237a       _AppendMenuA@16            0040337a f   user32:USER32.dll
 0001:00002380       _TrackPopupMenu@28         00403380 f   user32:USER32.dll
 0001:00002386       _DestroyMenu@4             00403386 f   user32:USER32.dll
 0001:0000238c       _IsRectEmpty@4             0040338c f   user32:USER32.dll
 0001:00002392       _ShowCursor@4              00403392 f   user32:USER32.dll
 0001:00002398       _GetClientRect@8           00403398 f   user32:USER32.dll
 0001:0000239e       _ClientToScreen@8          0040339e f   user32:USER32.dll
 0001:000023a4       _ClipCursor@4              004033a4 f   user32:USER32.dll
 0001:000023aa       _SetCursor@4               004033aa f   user32:USER32.dll
 0001:000023b0       _FillRect@12               004033b0 f   user32:USER32.dll
 0001:000023b6       _DefWindowProcA@16         004033b6 f   user32:USER32.dll
 0001:000023bc       _GetWindowLongA@8          004033bc f   user32:USER32.dll
 0001:000023c2       _GetWindowRect@8           004033c2 f   user32:USER32.dll
 0001:000023c8       _SetWindowLongA@12         004033c8 f   user32:USER32.dll
 0001:000023ce       _AdjustWindowRect@12       004033ce f   user32:USER32.dll
 0001:000023d4       _MoveWindow@24             004033d4 f   user32:USER32.dll
 0001:000023da       _CharToOemA@8              004033da f   user32:USER32.dll
 0001:000023e0       _LoadIconA@8               004033e0 f   user32:USER32.dll
 0001:000023e6       _LoadCursorA@8             004033e6 f   user32:USER32.dll
 0001:000023ec       _RegisterClassA@4          004033ec f   user32:USER32.dll
 0001:000023f2       _SystemParametersInfoA@16  004033f2 f   user32:USER32.dll
 0001:000023f8       _CreateWindowExA@48        004033f8 f   user32:USER32.dll
 0001:000023fe       _GetDC@4                   004033fe f   user32:USER32.dll
 0001:00002404       _GetSystemMenu@8           00403404 f   user32:USER32.dll
 0001:0000240a       _ReleaseDC@8               0040340a f   user32:USER32.dll
 0001:00002410       _DestroyWindow@4           00403410 f   user32:USER32.dll
 0001:00002416       _GetSystemMetrics@4        00403416 f   user32:USER32.dll
 0001:0000241c       _SetWindowPos@28           0040341c f   user32:USER32.dll
 0001:00002422       _BeginPaint@8              00403422 f   user32:USER32.dll
 0001:00002428       _EndPaint@8                00403428 f   user32:USER32.dll
 0001:0000242e       _GetWindowTextA@12         0040342e f   user32:USER32.dll
 0001:00002434       _OpenClipboard@4           00403434 f   user32:USER32.dll
 0001:0000243a       _GetClipboardData@4        0040343a f   user32:USER32.dll
 0001:00002440       _CloseClipboard@0          00403440 f   user32:USER32.dll
 0001:00002446       _GetParent@4               00403446 f   user32:USER32.dll
 0001:0000244c       _PeekMessageA@20           0040344c f   user32:USER32.dll
 0001:00002452       _MapWindowPoints@16        00403452 f   user32:USER32.dll
 0001:00002458       _PtInRect@12               00403458 f   user32:USER32.dll
 0001:0000245e       _DispatchMessageA@4        0040345e f   user32:USER32.dll
 0001:00002464       _SetDIBitsToDevice@48      00403464 f   gdi32:GDI32.dll
 0001:0000246a       _DeleteObject@4            0040346a f   gdi32:GDI32.dll
 0001:00002470       _CreateCompatibleBitmap@12 00403470 f   gdi32:GDI32.dll
 0001:00002476       _CreateCompatibleDC@4      00403476 f   gdi32:GDI32.dll
 0001:0000247c       _SelectObject@8            0040347c f   gdi32:GDI32.dll
 0001:00002482       _BitBlt@36                 00403482 f   gdi32:GDI32.dll
 0001:00002488       _DeleteDC@4                00403488 f   gdi32:GDI32.dll
 0001:0000248e       _CreateSolidBrush@4        0040348e f   gdi32:GDI32.dll
 0001:00002494       _GetSystemPaletteEntries@16 00403494 f   gdi32:GDI32.dll
 0001:0000249a       _CreatePalette@4           0040349a f   gdi32:GDI32.dll
 0001:000024a0       _SelectPalette@12          004034a0 f   gdi32:GDI32.dll
 0001:000024a6       _RealizePalette@4          004034a6 f   gdi32:GDI32.dll
 0001:000024ac       _GetStockObject@4          004034ac f   gdi32:GDI32.dll
 0001:000024b2       _DragQueryFileA@16         004034b2 f   shell32:SHELL32.dll
 0001:000024b8       _DragFinish@4              004034b8 f   shell32:SHELL32.dll
 0001:000024be       _DragAcceptFiles@8         004034be f   shell32:SHELL32.dll
 0001:000024c4       _waveOutUnprepareHeader@12 004034c4 f   winmm:WINMM.dll
 0001:000024ca       _waveOutPrepareHeader@12   004034ca f   winmm:WINMM.dll
 0001:000024d0       _waveOutWrite@12           004034d0 f   winmm:WINMM.dll
 0001:000024d6       _waveOutOpen@24            004034d6 f   winmm:WINMM.dll
 0001:000024dc       _waveOutReset@4            004034dc f   winmm:WINMM.dll
 0001:000024e2       _waveOutClose@4            004034e2 f   winmm:WINMM.dll
 0001:000024e8       _timeBeginPeriod@4         004034e8 f   winmm:WINMM.dll
 0001:000024ee       _timeEndPeriod@4           004034ee f   winmm:WINMM.dll
 0001:000024f4       _GetSaveFileNameA@4        004034f4 f   comdlg32:COMDLG32.dll
 0001:000024fa       _GetOpenFileNameA@4        004034fa f   comdlg32:COMDLG32.dll
 0001:00002500       _CommDlgExtendedError@0    00403500 f   comdlg32:COMDLG32.dll
 0001:00002506       _InitCommonControls@0      00403506 f   comctl32:COMCTL32.dll
 0001:0000250c       _PropertySheetA@4          0040350c f   comctl32:COMCTL32.dll
 0001:00002512       _DXGetErrorString8A@4      00403512 f   dxerr8:dxerr8.obj
 0001:00004ea0       _DXGetErrorString8W@4      00405ea0 f   dxerr8:dxerr8.obj
 0001:0000782e       _DXGetErrorDescription8A@4 0040882e f   dxerr8:dxerr8.obj
 0001:0000a121       _DXGetErrorDescription8W@4 0040b121 f   dxerr8:dxerr8.obj
 0001:0000ca14       _DXTraceW@20               0040da14 f   dxerr8:dxerr8.obj
 0001:0000cb6c       _DXTraceA@20               0040db6c f   dxerr8:dxerr8.obj
 0001:0000ccce       _SetupDiGetClassDevsA@16   0040dcce f   setupapi:SETUPAPI.dll
 0001:0000ccd4       _SetupDiEnumDeviceInterfaces@20 0040dcd4 f   setupapi:SETUPAPI.dll
 0001:0000ccda       _SetupDiDestroyDeviceInfoList@4 0040dcda f   setupapi:SETUPAPI.dll
 0001:0000cce0       @__security_check_cookie@4 0040dce0 f   LIBCMT:secchk.obj
 0001:0000ccef       _printf                    0040dcef f   LIBCMT:printf.obj
 0001:0000cd9e       __printf_l                 0040dd9e f   LIBCMT:printf.obj
 0001:0000cdb7       __printf_s_l               0040ddb7 f   LIBCMT:printf.obj
 0001:0000cdd0       _printf_s                  0040ddd0 f   LIBCMT:printf.obj
 0001:0000cde8       __printf_p_l               0040dde8 f   LIBCMT:printf.obj
 0001:0000ce01       __printf_p                 0040de01 f   LIBCMT:printf.obj
 0001:0000ce19       __set_printf_count_output  0040de19 f   LIBCMT:printf.obj
 0001:0000ce43       __get_printf_count_output  0040de43 f   LIBCMT:printf.obj
 0001:0000ce59       __invoke_watson_if_error   0040de59 f i LIBCMT:wassert.obj
 0001:0000ce9b       __wassert                  0040de9b f   LIBCMT:wassert.obj
 0001:0000d6a7       ___onexitinit              0040e6a7 f   LIBCMT:onexit.obj
 0001:0000d6d8       __onexit                   0040e6d8 f   LIBCMT:onexit.obj
 0001:0000d714       _atexit                    0040e714 f   LIBCMT:onexit.obj
 0001:0000d72b       _free                      0040e72b f   LIBCMT:free.obj
 0001:0000d7b9       _realloc                   0040e7b9 f   LIBCMT:realloc.obj
 0001:0000da3e       _sscanf                    0040ea3e f   LIBCMT:sscanf.obj
 0001:0000da60       __sscanf_l                 0040ea60 f   LIBCMT:sscanf.obj
 0001:0000da83       _sscanf_s                  0040ea83 f   LIBCMT:sscanf.obj
 0001:0000daa5       __sscanf_s_l               0040eaa5 f   LIBCMT:sscanf.obj
 0001:0000dac8       _sprintf                   0040eac8 f   LIBCMT:sprintf.obj
 0001:0000db45       __sprintf_l                0040eb45 f   LIBCMT:sprintf.obj
 0001:0000db61       _sprintf_s                 0040eb61 f   LIBCMT:sprintf.obj
 0001:0000db7f       __sprintf_s_l              0040eb7f f   LIBCMT:sprintf.obj
 0001:0000db9e       __snprintf_s               0040eb9e f   LIBCMT:sprintf.obj
 0001:0000dbbf       __snprintf_s_l             0040ebbf f   LIBCMT:sprintf.obj
 0001:0000dbe1       __sprintf_p                0040ebe1 f   LIBCMT:sprintf.obj
 0001:0000dbff       __sprintf_p_l              0040ebff f   LIBCMT:sprintf.obj
 0001:0000dc1e       __scprintf                 0040ec1e f   LIBCMT:sprintf.obj
 0001:0000dc33       __scprintf_p               0040ec33 f   LIBCMT:sprintf.obj
 0001:0000dc48       __scprintf_l               0040ec48 f   LIBCMT:sprintf.obj
 0001:0000dc61       __scprintf_p_l             0040ec61 f   LIBCMT:sprintf.obj
 0001:0000dc80       _strrchr                   0040ec80 f   LIBCMT:strrchr.obj
 0001:0000dcad       _atol                      0040ecad f   LIBCMT:atox.obj
 0001:0000dcc3       __atol_l                   0040ecc3 f   LIBCMT:atox.obj
 0001:0000dcdc       _atoi                      0040ecdc f   LIBCMT:atox.obj
 0001:0000dce7       __atoi_l                   0040ece7 f   LIBCMT:atox.obj
 0001:0000dcf2       __atoi64                   0040ecf2 f   LIBCMT:atox.obj
 0001:0000dd08       __atoi64_l                 0040ed08 f   LIBCMT:atox.obj
 0001:0000dd21       __fsopen                   0040ed21 f   LIBCMT:fopen.obj
 0001:0000dde5       _fopen                     0040ede5 f   LIBCMT:fopen.obj
 0001:0000ddfc       _fopen_s                   0040edfc f   LIBCMT:fopen.obj
 0001:0000de4f       __fseek_nolock             0040ee4f f   LIBCMT:fseek.obj
 0001:0000ded9       _fseek                     0040eed9 f   LIBCMT:fseek.obj
 0001:0000df5e       __fclose_nolock            0040ef5e f   LIBCMT:fclose.obj
 0001:0000dfd5       _fclose                    0040efd5 f   LIBCMT:fclose.obj
 0001:0000e051       __fread_nolock_s           0040f051 f   LIBCMT:fread.obj
 0001:0000e25b       __fread_nolock             0040f25b f   LIBCMT:fread.obj
 0001:0000e278       _fread_s                   0040f278 f   LIBCMT:fread.obj
 0001:0000e30e       _fread                     0040f30e f   LIBCMT:fread.obj
 0001:0000e32b       __fwrite_nolock            0040f32b f   LIBCMT:fwrite.obj
 0001:0000e48d       _fwrite                    0040f48d f   LIBCMT:fwrite.obj
 0001:0000e520       _strchr                    0040f520 f   LIBCMT:strchr.obj
 0001:0000e526       ___from_strstr_to_strchr   0040f526     LIBCMT:strchr.obj
 0001:0000e5e0       _strstr                    0040f5e0 f   LIBCMT:strstr.obj
 0001:0000e666       ??0_LocaleUpdate@@QAE@PAUlocaleinfo_struct@@@Z 0040f666 f i LIBCMT:_ctype.obj
 0001:0000e6ed       ??1_LocaleUpdate@@QAE@XZ   0040f6ed f i LIBCMT:_ctype.obj
 0001:0000e6fb       ?GetLocaleT@_LocaleUpdate@@QAEPAUlocaleinfo_struct@@XZ 0040f6fb f i LIBCMT:_ctype.obj
 0001:0000e6fe       __isalpha_l                0040f6fe f i LIBCMT:_ctype.obj
 0001:0000e754       _isalpha                   0040f754 f i LIBCMT:_ctype.obj
 0001:0000e784       __isupper_l                0040f784 f i LIBCMT:_ctype.obj
 0001:0000e7d5       _isupper                   0040f7d5 f i LIBCMT:_ctype.obj
 0001:0000e803       __islower_l                0040f803 f i LIBCMT:_ctype.obj
 0001:0000e854       _islower                   0040f854 f i LIBCMT:_ctype.obj
 0001:0000e882       __isdigit_l                0040f882 f i LIBCMT:_ctype.obj
 0001:0000e8d3       _isdigit                   0040f8d3 f i LIBCMT:_ctype.obj
 0001:0000e901       __isxdigit_l               0040f901 f i LIBCMT:_ctype.obj
 0001:0000e957       _isxdigit                  0040f957 f i LIBCMT:_ctype.obj
 0001:0000e987       __isspace_l                0040f987 f i LIBCMT:_ctype.obj
 0001:0000e9d8       _isspace                   0040f9d8 f i LIBCMT:_ctype.obj
 0001:0000ea06       __ispunct_l                0040fa06 f i LIBCMT:_ctype.obj
 0001:0000ea57       _ispunct                   0040fa57 f i LIBCMT:_ctype.obj
 0001:0000ea85       __isalnum_l                0040fa85 f i LIBCMT:_ctype.obj
 0001:0000eadb       _isalnum                   0040fadb f i LIBCMT:_ctype.obj
 0001:0000eb0b       __isprint_l                0040fb0b f i LIBCMT:_ctype.obj
 0001:0000eb61       _isprint                   0040fb61 f i LIBCMT:_ctype.obj
 0001:0000eb91       __isgraph_l                0040fb91 f i LIBCMT:_ctype.obj
 0001:0000ebe7       _isgraph                   0040fbe7 f i LIBCMT:_ctype.obj
 0001:0000ec17       __iscntrl_l                0040fc17 f i LIBCMT:_ctype.obj
 0001:0000ec68       _iscntrl                   0040fc68 f i LIBCMT:_ctype.obj
 0001:0000ec96       ___isascii                 0040fc96 f i LIBCMT:_ctype.obj
 0001:0000eca8       ___toascii                 0040fca8 f i LIBCMT:_ctype.obj
 0001:0000ecb5       __iscsymf_l                0040fcb5 f i LIBCMT:_ctype.obj
 0001:0000ecd8       ___iscsymf                 0040fcd8 f i LIBCMT:_ctype.obj
 0001:0000ecf7       __iscsym_l                 0040fcf7 f i LIBCMT:_ctype.obj
 0001:0000ed1a       ___iscsym                  0040fd1a f i LIBCMT:_ctype.obj
 0001:0000ed3b       _strtok                    0040fd3b f   LIBCMT:strtok.obj
 0001:0000edfc       __filelengthi64            0040fdfc f   LIBCMT:fleni64.obj
 0001:0000ef12       __toupper                  0040ff12 f   LIBCMT:toupper.obj
 0001:0000ef1f       __toupper_l                0040ff1f f   LIBCMT:toupper.obj
 0001:0000f035       _toupper                   00410035 f   LIBCMT:toupper.obj
 0001:0000f061       _feof                      00410061 f   LIBCMT:feoferr.obj
 0001:0000f095       _ferror                    00410095 f   LIBCMT:feoferr.obj
 0001:0000f0c9       _fgets                     004100c9 f   LIBCMT:fgets.obj
 0001:0000f211       _fprintf                   00410211 f   LIBCMT:fprintf.obj
 0001:0000f32d       __fprintf_l                0041032d f   LIBCMT:fprintf.obj
 0001:0000f349       __fprintf_s_l              00410349 f   LIBCMT:fprintf.obj
 0001:0000f365       _fprintf_s                 00410365 f   LIBCMT:fprintf.obj
 0001:0000f380       __fprintf_p_l              00410380 f   LIBCMT:fprintf.obj
 0001:0000f39c       __fprintf_p                0041039c f   LIBCMT:fprintf.obj
 0001:0000f480       _qsort                     00410480 f   LIBCMT:qsort.obj
 0001:0000f6cd       _puts                      004106cd f   LIBCMT:puts.obj
 0001:0000f82c       __snprintf                 0041082c f   LIBCMT:snprintf.obj
 0001:0000f8db       __snprintf_l               004108db f   LIBCMT:snprintf.obj
 0001:0000f900       _memmove                   00410900 f   LIBCMT:memmove.obj
 0001:0000fc65       _V6_HeapAlloc              00410c65 f   LIBCMT:malloc.obj
 0001:0000fcb4       __heap_alloc               00410cb4 f i LIBCMT:malloc.obj
 0001:0000fd2e       _malloc                    00410d2e f   LIBCMT:malloc.obj
 0001:0000fdf8       __ftell_nolock             00410df8 f   LIBCMT:ftell.obj
 0001:0000ff95       _ftell                     00410f95 f   LIBCMT:ftell.obj
 0001:00010010       _strncpy                   00411010 f   LIBCMT:strncpy.obj
 0001:00010134       _fgetc                     00411134 f   LIBCMT:fgetc.obj
 0001:00010238       _getc                      00411238 f   LIBCMT:fgetc.obj
 0001:0001033c       __getc_nolock              0041133c f   LIBCMT:fgetc.obj
 0001:0001035c       _fputc                     0041135c f   LIBCMT:fputc.obj
 0001:00010468       _putc                      00411468 f   LIBCMT:fputc.obj
 0001:00010574       __flush                    00411574 f   LIBCMT:fflush.obj
 0001:000105dc       __fflush_nolock            004115dc f   LIBCMT:fflush.obj
 0001:000106fe       _fflush                    004116fe f   LIBCMT:fflush.obj
 0001:00010751       __flushall                 00411751 f   LIBCMT:fflush.obj
 0001:0001075a       ___iob_func                0041175a f   LIBCMT:_file.obj
 0001:00010760       ___initstdio               00411760 f   LIBCMT:_file.obj
 0001:00010811       ___endstdio                00411811 f   LIBCMT:_file.obj
 0001:00010831       __lock_file                00411831 f   LIBCMT:_file.obj
 0001:00010872       __lock_file2               00411872 f   LIBCMT:_file.obj
 0001:000108a4       __unlock_file              004118a4 f   LIBCMT:_file.obj
 0001:000108e0       __unlock_file2             004118e0 f   LIBCMT:_file.obj
 0001:0001090f       __crt_waiting_on_module_handle 0041190f f   LIBCMT:crt0dat.obj
 0001:0001093f       __amsg_exit                0041193f f   LIBCMT:crt0dat.obj
 0001:00010968       ___crtCorExitProcess       00411968 f   LIBCMT:crt0dat.obj
 0001:00010993       ___crtExitProcess          00411993 f   LIBCMT:crt0dat.obj
 0001:000109ab       __lockexit                 004119ab f   LIBCMT:crt0dat.obj
 0001:000109b4       __unlockexit               004119b4 f   LIBCMT:crt0dat.obj
 0001:000109da       __initterm_e               004119da f   LIBCMT:crt0dat.obj
 0001:000109fe       __get_wpgmptr              004119fe f   LIBCMT:crt0dat.obj
 0001:00010a3a       __get_pgmptr               00411a3a f   LIBCMT:crt0dat.obj
 0001:00010a76       __cinit                    00411a76 f   LIBCMT:crt0dat.obj
 0001:00010c27       _exit                      00411c27 f   LIBCMT:crt0dat.obj
 0001:00010c3d       __exit                     00411c3d f   LIBCMT:crt0dat.obj
 0001:00010c53       __cexit                    00411c53 f   LIBCMT:crt0dat.obj
 0001:00010c62       __c_exit                   00411c62 f   LIBCMT:crt0dat.obj
 0001:00010c71       __init_pointers            00411c71 f   LIBCMT:crt0dat.obj
 0001:00010cbf       __tolower                  00411cbf f   LIBCMT:tolower.obj
 0001:00010ccc       __tolower_l                00411ccc f   LIBCMT:tolower.obj
 0001:00010de1       _tolower                   00411de1 f   LIBCMT:tolower.obj
 0001:00010e0d       ??3@YAXPAX@Z               00411e0d f   LIBCMT:delete.obj
 0001:00010e18       __purecall                 00411e18 f   LIBCMT:purevirt.obj
 0001:00010e42       __set_purecall_handler     00411e42 f   LIBCMT:purevirt.obj
 0001:00010e69       __get_purecall_handler     00411e69 f   LIBCMT:purevirt.obj
 0001:00010e76       __endthreadex              00411e76 f   LIBCMT:threadex.obj
 0001:00010f77       __beginthreadex            00411f77 f   LIBCMT:threadex.obj
 0001:00011027       _strncmp                   00412027 f   LIBCMT:strncmp.obj
 0001:000112a9       _mainCRTStartup            004122a9 f   LIBCMT:crt0.obj
 0001:000112b3       _wcslen                    004122b3 f   LIBCMT:wcslen.obj
 0001:000112d0       __alloca_probe             004122d0     LIBCMT:chkstk.obj
 0001:000112d0       __chkstk                   004122d0 f   LIBCMT:chkstk.obj
 0001:000112fb       ___report_gsfailure        004122fb f   LIBCMT:gs_report.obj
 0001:00011401       __stbuf                    00412401 f   LIBCMT:_sftbuf.obj
 0001:0001149d       __ftbuf                    0041249d f   LIBCMT:_sftbuf.obj
 0001:00011577       _get_int_arg               00412577 f i LIBCMT:output.obj
 0001:00011589       _get_int64_arg             00412589 f i LIBCMT:output.obj
 0001:0001159e       _get_short_arg             0041259e f i LIBCMT:output.obj
 0001:000115b1       __output_l                 004125b1 f   LIBCMT:output.obj
 0001:00012149       __initp_misc_invarg        00413149 f   LIBCMT:invarg.obj
 0001:00012158       __invoke_watson            00413158 f   LIBCMT:invarg.obj
 0001:00012280       __set_invalid_parameter_handler 00413280 f   LIBCMT:invarg.obj
 0001:000122a7       __get_invalid_parameter_handler 004132a7 f   LIBCMT:invarg.obj
 0001:000122b4       ?_invoke_watson@@YAXPBG00II@Z 004132b4 f   LIBCMT:invarg.obj
 0001:000122bf       __invalid_parameter        004132bf f   LIBCMT:invarg.obj
 0001:000122e5       __invalid_parameter_noinfo 004132e5 f   LIBCMT:invarg.obj
 0001:000122f5       ?_invalid_parameter@@YAXPBG00II@Z 004132f5 f   LIBCMT:invarg.obj
 0001:00012300       __get_errno_from_oserr     00413300 f   LIBCMT:dosmap.obj
 0001:00012342       __errno                    00413342 f   LIBCMT:dosmap.obj
 0001:00012355       ___doserrno                00413355 f   LIBCMT:dosmap.obj
 0001:00012368       __dosmaperr                00413368 f   LIBCMT:dosmap.obj
 0001:0001238b       __set_errno                0041338b f   LIBCMT:dosmap.obj
 0001:000123ac       __get_errno                004133ac f   LIBCMT:dosmap.obj
 0001:000123db       __set_doserrno             004133db f   LIBCMT:dosmap.obj
 0001:000123fc       __get_doserrno             004133fc f   LIBCMT:dosmap.obj
 0001:0001242c       __SEH_prolog4              0041342c f   LIBCMT:sehprolg4.obj
 0001:00012471       __SEH_epilog4              00413471 f   LIBCMT:sehprolg4.obj
 0001:000124c0       __except_handler4          004134c0 f   LIBCMT:chandler4.obj
 0001:0001264c       _vprintf_helper            0041364c f   LIBCMT:vprintf.obj
 0001:000126dc       __vprintf_l                004136dc f   LIBCMT:vprintf.obj
 0001:000126f9       __vprintf_s_l              004136f9 f   LIBCMT:vprintf.obj
 0001:00012716       __vprintf_p_l              00413716 f   LIBCMT:vprintf.obj
 0001:00012733       _vprintf                   00413733 f   LIBCMT:vprintf.obj
 0001:0001274f       _vprintf_s                 0041374f f   LIBCMT:vprintf.obj
 0001:0001276b       __vprintf_p                0041376b f   LIBCMT:vprintf.obj
 0001:00012787       __vswprintf_helper         00413787 f   LIBCMT:vswprnc.obj
 0001:0001287f       __vswprintf_c              0041387f f   LIBCMT:vswprnc.obj
 0001:000128a8       __vswprintf_c_l            004138a8 f   LIBCMT:vswprnc.obj
 0001:000128d2       __vswprintf_s_l            004138d2 f   LIBCMT:vswprnc.obj
 0001:0001295d       _vswprintf_s               0041395d f   LIBCMT:vswprnc.obj
 0001:0001297a       __vsnwprintf_s_l           0041397a f   LIBCMT:vswprnc.obj
 0001:00012a86       __vsnwprintf_s             00413a86 f   LIBCMT:vswprnc.obj
 0001:00012aa6       __vswprintf_p              00413aa6 f   LIBCMT:vswprnc.obj
 0001:00012acf       __vswprintf_p_l            00413acf f   LIBCMT:vswprnc.obj
 0001:00012af9       _fwprintf                  00413af9 f   LIBCMT:fwprintf.obj
 0001:00012b8d       __fwprintf_l               00413b8d f   LIBCMT:fwprintf.obj
 0001:00012ba9       __fwprintf_s_l             00413ba9 f   LIBCMT:fwprintf.obj
 0001:00012bc5       _fwprintf_s                00413bc5 f   LIBCMT:fwprintf.obj
 0001:00012be0       __fwprintf_p_l             00413be0 f   LIBCMT:fwprintf.obj
 0001:00012bfc       __fwprintf_p               00413bfc f   LIBCMT:fwprintf.obj
 0001:00012c17       _setvbuf                   00413c17 f   LIBCMT:setvbuf.obj
 0001:00012d15       _abort                     00413d15 f   LIBCMT:abort.obj
 0001:00012e2c       __set_abort_behavior       00413e2c f   LIBCMT:abort.obj
 0001:00012e4d       __initp_misc_winsig        00413e4d f   LIBCMT:winsig.obj
 0001:00012f3d       ___get_sigabrt             00413f3d f   LIBCMT:winsig.obj
 0001:00012f4a       ___fpecode                 00413f4a f   LIBCMT:winsig.obj
 0001:00012f53       ___pxcptinfoptrs           00413f53 f   LIBCMT:winsig.obj
 0001:00012f5c       _signal                    00413f5c f   LIBCMT:winsig.obj
 0001:00013199       _raise                     00414199 f   LIBCMT:winsig.obj
 0001:00013349       ___crtMessageBoxW          00414349 f   LIBCMT:crtmboxw.obj
 0001:000135a8       __itow_s                   004145a8 f   LIBCMT:xtows.obj
 0001:000135d4       __ltow_s                   004145d4 f   LIBCMT:xtows.obj
 0001:000135fb       __ultow_s                  004145fb f   LIBCMT:xtows.obj
 0001:0001371b       __i64tow_s                 0041471b f   LIBCMT:xtows.obj
 0001:00013750       __ui64tow_s                00414750 f   LIBCMT:xtows.obj
 0001:0001376f       _wcsncat_s                 0041476f f   LIBCMT:wcsncat_s.obj
 0001:0001385d       _wcsncpy_s                 0041485d f   LIBCMT:wcsncpy_s.obj
 0001:00013930       _wcscat_s                  00414930 f   LIBCMT:wcscat_s.obj
 0001:000139ad       _wcscpy_s                  004149ad f   LIBCMT:wcscpy_s.obj
 0001:00013a1c       __set_error_mode           00414a1c f   LIBCMT:errmode.obj
 0001:00013a67       ___set_app_type            00414a67 f   LIBCMT:errmode.obj
 0001:00013a76       ___get_app_type            00414a76 f   LIBCMT:errmode.obj
 0001:00013a7c       __crt_wait_module_handle   00414a7c f i LIBCMT:tidtable.obj
 0001:00013a96       __encode_pointer           00414a96 f   LIBCMT:tidtable.obj
 0001:00013b08       __encoded_null             00414b08 f   LIBCMT:tidtable.obj
 0001:00013b11       __decode_pointer           00414b11 f   LIBCMT:tidtable.obj
 0001:00013b83       ___crtTlsAlloc@4           00414b83 f   LIBCMT:tidtable.obj
 0001:00013b8c       ___fls_getvalue@4          00414b8c f   LIBCMT:tidtable.obj
 0001:00013ba6       ___get_flsindex            00414ba6 f   LIBCMT:tidtable.obj
 0001:00013bac       ___set_flsgetvalue         00414bac f   LIBCMT:tidtable.obj
 0001:00013be0       ___fls_setvalue@8          00414be0 f   LIBCMT:tidtable.obj
 0001:00013bfd       __mtterm                   00414bfd f   LIBCMT:tidtable.obj
 0001:00013c3a       __initptd                  00414c3a f   LIBCMT:tidtable.obj
 0001:00013d21       __getptd_noexit            00414d21 f   LIBCMT:tidtable.obj
 0001:00013d9a       __getptd                   00414d9a f   LIBCMT:tidtable.obj
 0001:00013db4       __freefls@4                00414db4 f   LIBCMT:tidtable.obj
 0001:00013ee3       __freeptd                  00414ee3 f   LIBCMT:tidtable.obj
 0001:00013f51       ___threadid                00414f51 f   LIBCMT:tidtable.obj
 0001:00013f57       ___threadhandle            00414f57 f   LIBCMT:tidtable.obj
 0001:00013f5d       __mtinit                   00414f5d f   LIBCMT:tidtable.obj
 0001:000140ea       _wait_a_bit                004150ea f i LIBCMT:crtheap.obj
 0001:00014110       __set_malloc_crt_max_wait  00415110 f   LIBCMT:crtheap.obj
 0001:00014125       __malloc_crt               00415125 f   LIBCMT:crtheap.obj
 0001:0001416a       __calloc_crt               0041516a f   LIBCMT:crtheap.obj
 0001:000141b6       __realloc_crt              004151b6 f   LIBCMT:crtheap.obj
 0001:00014204       __recalloc_crt             00415204 f   LIBCMT:crtheap.obj
 0001:00014256       __msize                    00415256 f   LIBCMT:msize.obj
 0001:000142f9       ___heap_select             004152f9 f   LIBCMT:heapinit.obj
 0001:000142fd       __heap_init                004152fd f   LIBCMT:heapinit.obj
 0001:0001432d       __heap_term                0041532d f   LIBCMT:heapinit.obj
 0001:000143a1       __get_heap_handle          004153a1 f   LIBCMT:heapinit.obj
 0001:000143a7       __mtinitlocks              004153a7 f   LIBCMT:mlock.obj
 0001:000143f2       __mtdeletelocks            004153f2 f   LIBCMT:mlock.obj
 0001:00014449       __unlock                   00415449 f   LIBCMT:mlock.obj
 0001:00014460       __lockerr_exit             00415460 f   LIBCMT:mlock.obj
 0001:00014478       __mtinitlocknum            00415478 f   LIBCMT:mlock.obj
 0001:0001453b       __lock                     0041553b f   LIBCMT:mlock.obj
 0001:0001456e       __get_sbh_threshold        0041556e f   LIBCMT:sbheap.obj
 0001:0001458f       __set_amblksiz             0041558f f   LIBCMT:sbheap.obj
 0001:000145da       __get_amblksiz             004155da f   LIBCMT:sbheap.obj
 0001:0001461b       ___sbh_heap_init           0041561b f   LIBCMT:sbheap.obj
 0001:00014669       ___sbh_find_block          00415669 f   LIBCMT:sbheap.obj
 0001:00014699       ___sbh_free_block          00415699 f   LIBCMT:sbheap.obj
 0001:000149af       ___sbh_alloc_new_region    004159af f   LIBCMT:sbheap.obj
 0001:00014a5f       ___sbh_alloc_new_group     00415a5f f   LIBCMT:sbheap.obj
 0001:00014b67       ___sbh_resize_block        00415b67 f   LIBCMT:sbheap.obj
 0001:00014e48       ___sbh_heapmin             00415e48 f   LIBCMT:sbheap.obj
 0001:00014f15       ___sbh_heap_check          00415f15 f   LIBCMT:sbheap.obj
 0001:000151f9       __set_sbh_threshold        004161f9 f   LIBCMT:sbheap.obj
 0001:000152a8       ___sbh_alloc_block         004162a8 f   LIBCMT:sbheap.obj
 0001:0001558d       __initp_heap_handler       0041658d f   LIBCMT:handler.obj
 0001:0001559c       ?_set_new_handler@@YAP6AHI@ZP6AHI@Z@Z 0041659c f   LIBCMT:handler.obj
 0001:000155d2       ?_set_new_handler@@YAP6AHI@ZH@Z 004165d2 f   LIBCMT:handler.obj
 0001:000155db       ?_query_new_handler@@YAP6AHI@ZXZ 004165db f   LIBCMT:handler.obj
 0001:000155e8       __callnewh                 004165e8 f   LIBCMT:handler.obj
 0001:00015610       _memcpy                    00416610 f   LIBCMT:memcpy.obj
 0001:00015980       _strlen                    00416980 f   LIBCMT:strlen.obj
 0001:00015a62       __INTRN_LOCALE_CONV        00416a62 f i LIBCMT:input.obj
 0001:00015ae7       __input_l                  00416ae7 f   LIBCMT:input.obj
 0001:00016b6e       __input_s_l                00417b6e f   LIBCMT:inputs.obj
 0001:00017c92       __flsbuf                   00418c92 f   LIBCMT:_flsbuf.obj
 0001:00017df6       __vsprintf_l               00418df6 f   LIBCMT:vsprintf.obj
 0001:00017e74       _vsprintf                  00418e74 f   LIBCMT:vsprintf.obj
 0001:00017e8e       __vscprintf_helper         00418e8e f   LIBCMT:vsprintf.obj
 0001:00017ee5       __vscprintf                00418ee5 f   LIBCMT:vsprintf.obj
 0001:00017f01       __vscprintf_l              00418f01 f   LIBCMT:vsprintf.obj
 0001:00017f1e       __vscprintf_p              00418f1e f   LIBCMT:vsprintf.obj
 0001:00017f3a       __vscprintf_p_l            00418f3a f   LIBCMT:vsprintf.obj
 0001:00017f57       __vsnprintf_helper         00418f57 f   LIBCMT:vsnprnc.obj
 0001:00018023       __vsnprintf_c              00419023 f   LIBCMT:vsnprnc.obj
 0001:0001804c       __vsnprintf_c_l            0041904c f   LIBCMT:vsnprnc.obj
 0001:00018076       __vsprintf_s_l             00419076 f   LIBCMT:vsnprnc.obj
 0001:000180fe       _vsprintf_s                004190fe f   LIBCMT:vsnprnc.obj
 0001:0001811b       __vsnprintf_s_l            0041911b f   LIBCMT:vsnprnc.obj
 0001:00018222       __vsnprintf_s              00419222 f   LIBCMT:vsnprnc.obj
 0001:00018242       __vsprintf_p               00419242 f   LIBCMT:vsnprnc.obj
 0001:0001826b       __vsprintf_p_l             0041926b f   LIBCMT:vsnprnc.obj
 0001:000184c4       _strtol                    004194c4 f   LIBCMT:strtol.obj
 0001:000184ef       __strtol_l                 004194ef f   LIBCMT:strtol.obj
 0001:0001850c       _strtoul                   0041950c f   LIBCMT:strtol.obj
 0001:00018538       __strtoul_l                00419538 f   LIBCMT:strtol.obj
 0001:000187ec       __strtoi64                 004197ec f   LIBCMT:strtoq.obj
 0001:00018817       __strtoi64_l               00419817 f   LIBCMT:strtoq.obj
 0001:00018834       __strtoui64                00419834 f   LIBCMT:strtoq.obj
 0001:00018860       __strtoui64_l              00419860 f   LIBCMT:strtoq.obj
 0001:0001887d       __openfile                 0041987d f   LIBCMT:_open.obj
 0001:00018b46       __getstream                00419b46 f   LIBCMT:stream.obj
 0001:00018c80       __local_unwind4            00419c80 f   LIBCMT:exsup4.obj
 0001:00018d56       __seh_longjmp_unwind4@4    00419d56 f   LIBCMT:exsup4.obj
 0001:00018d72       @_EH4_CallFilterFunc@8     00419d72 f   LIBCMT:exsup4.obj
 0001:00018d89       @_EH4_TransferToHandler@8  00419d89 f   LIBCMT:exsup4.obj
 0001:00018da2       @_EH4_GlobalUnwind@4       00419da2 f   LIBCMT:exsup4.obj
 0001:00018dbc       @_EH4_LocalUnwind@16       00419dbc f   LIBCMT:exsup4.obj
 0001:00018dd3       __lseek_nolock             00419dd3 f   LIBCMT:lseek.obj
 0001:00018e48       __lseek                    00419e48 f   LIBCMT:lseek.obj
 0001:00018f24       __fileno                   00419f24 f   LIBCMT:fileno.obj
 0001:00018f56       __close_nolock             00419f56 f   LIBCMT:close.obj
 0001:00018ff2       _close                     00419ff2 f   LIBCMT:close.obj
 0001:00018ff2       __close                    00419ff2 f   LIBCMT:close.obj
 0001:000190bf       __freebuf                  0041a0bf f   LIBCMT:_freebuf.obj
 0001:000190f0       __filbuf                   0041a0f0 f   LIBCMT:_filbuf.obj
 0001:0001921b       __read_nolock              0041a21b f   LIBCMT:read.obj
 0001:000197dd       __read                     0041a7dd f   LIBCMT:read.obj
 0001:000198da       _memcpy_s                  0041a8da f   LIBCMT:memcpy_s.obj
 0001:00019960       _memset                    0041a960 f   LIBCMT:memset.obj
 0001:000199da       __write_nolock             0041a9da f   LIBCMT:write.obj
 0001:0001a10d       __write                    0041b10d f   LIBCMT:write.obj
 0001:0001a40f       ___updatetmbcinfo          0041b40f f   LIBCMT:mbctype.obj
 0001:0001a52f       __setmbcp_nolock           0041b52f f   LIBCMT:mbctype.obj
 0001:0001a714       __getmbcp                  0041b714 f   LIBCMT:mbctype.obj
 0001:0001a752       __setmbcp                  0041b752 f   LIBCMT:mbctype.obj
 0001:0001a8ec       ___initmbctable            0041b8ec f   LIBCMT:mbctype.obj
 0001:0001a90a       ____setlc_active_func      0041b90a f   LIBCMT:setlocal.obj
 0001:0001a910       ____unguarded_readlc_active_add_func 0041b910 f   LIBCMT:setlocal.obj
 0001:0001a916       ___freetlocinfo            0041b916 f   LIBCMT:setlocal.obj
 0001:0001aa5f       ___addlocaleref            0041ba5f f   LIBCMT:setlocal.obj
 0001:0001aaee       ___removelocaleref         0041baee f   LIBCMT:setlocal.obj
 0001:0001abeb       ___updatetlocinfo          0041bbeb f   LIBCMT:setlocal.obj
 0001:0001ac61       __configthreadlocale       0041bc61 f   LIBCMT:setlocal.obj
 0001:0001ad1e       __free_locale              0041bd1e f   LIBCMT:setlocal.obj
 0001:0001ade0       ___free_locale             0041bde0 f   LIBCMT:setlocal.obj
 0001:0001adeb       __get_current_locale       0041bdeb f   LIBCMT:setlocal.obj
 0001:0001ae9a       ___get_current_locale      0041be9a f   LIBCMT:setlocal.obj
 0001:0001ae9f       ___init_dummy              0041be9f f   LIBCMT:setlocal.obj
 0001:0001aea2       __strcats                  0041bea2 f   LIBCMT:setlocal.obj
 0001:0001aee2       ___lc_strtolc              0041bee2 f   LIBCMT:setlocal.obj
 0001:0001b00b       ___lc_lctostr              0041c00b f   LIBCMT:setlocal.obj
 0001:0001b1f5       __expandlocale             0041c1f5 f   LIBCMT:setlocal.obj
 0001:0001b943       __create_locale            0041c943 f   LIBCMT:setlocal.obj
 0001:0001ba38       ___create_locale           0041ca38 f   LIBCMT:setlocal.obj
 0001:0001ba43       _setlocale                 0041ca43 f   LIBCMT:setlocal.obj
 0001:0001bbb3       __isctype_l                0041cbb3 f   LIBCMT:isctype.obj
 0001:0001bc6b       __isctype                  0041cc6b f   LIBCMT:isctype.obj
 0001:0001bc9d       __set_osfhnd               0041cc9d f   LIBCMT:osfinfo.obj
 0001:0001bd1e       __free_osfhnd              0041cd1e f   LIBCMT:osfinfo.obj
 0001:0001bda4       __get_osfhandle            0041cda4 f   LIBCMT:osfinfo.obj
 0001:0001be1b       ___lock_fhandle            0041ce1b f   LIBCMT:osfinfo.obj
 0001:0001bebb       __unlock_fhandle           0041cebb f   LIBCMT:osfinfo.obj
 0001:0001bee2       __alloc_osfhnd             0041cee2 f   LIBCMT:osfinfo.obj
 0001:0001c07c       __open_osfhandle           0041d07c f   LIBCMT:osfinfo.obj
 0001:0001c192       __lseeki64_nolock          0041d192 f   LIBCMT:lseeki64.obj
 0001:0001c217       __lseeki64                 0041d217 f   LIBCMT:lseeki64.obj
 0001:0001c330       __ioinit                   0041d330 f   LIBCMT:ioinit.obj
 0001:0001c584       __ioterm                   0041d584 f   LIBCMT:ioinit.obj
 0001:0001c5d2       __MarkAllocaS              0041d5d2 f i LIBCMT:a_map.obj
 0001:0001c5e8       __freea                    0041d5e8 f i LIBCMT:a_map.obj
 0001:0001c9cb       ___crtLCMapStringA         0041d9cb f   LIBCMT:a_map.obj
 0001:0001ca10       __isleadbyte_l             0041da10 f i LIBCMT:_wctype.obj
 0001:0001ca48       _isleadbyte                0041da48 f i LIBCMT:_wctype.obj
 0001:0001ca5b       __iswalpha_l               0041da5b f i LIBCMT:_wctype.obj
 0001:0001ca75       _iswalpha                  0041da75 f i LIBCMT:_wctype.obj
 0001:0001ca8b       __iswupper_l               0041da8b f i LIBCMT:_wctype.obj
 0001:0001caa2       _iswupper                  0041daa2 f i LIBCMT:_wctype.obj
 0001:0001cab5       __iswlower_l               0041dab5 f i LIBCMT:_wctype.obj
 0001:0001cacc       _iswlower                  0041dacc f i LIBCMT:_wctype.obj
 0001:0001cadf       __iswdigit_l               0041dadf f i LIBCMT:_wctype.obj
 0001:0001caf6       _iswdigit                  0041daf6 f i LIBCMT:_wctype.obj
 0001:0001cb09       __iswxdigit_l              0041db09 f i LIBCMT:_wctype.obj
 0001:0001cb23       _iswxdigit                 0041db23 f i LIBCMT:_wctype.obj
 0001:0001cb39       __iswspace_l               0041db39 f i LIBCMT:_wctype.obj
 0001:0001cb50       _iswspace                  0041db50 f i LIBCMT:_wctype.obj
 0001:0001cb63       __iswpunct_l               0041db63 f i LIBCMT:_wctype.obj
 0001:0001cb7a       _iswpunct                  0041db7a f i LIBCMT:_wctype.obj
 0001:0001cb8d       __iswalnum_l               0041db8d f i LIBCMT:_wctype.obj
 0001:0001cba7       _iswalnum                  0041dba7 f i LIBCMT:_wctype.obj
 0001:0001cbbd       __iswprint_l               0041dbbd f i LIBCMT:_wctype.obj
 0001:0001cbd7       _iswprint                  0041dbd7 f i LIBCMT:_wctype.obj
 0001:0001cbed       __iswgraph_l               0041dbed f i LIBCMT:_wctype.obj
 0001:0001cc07       _iswgraph                  0041dc07 f i LIBCMT:_wctype.obj
 0001:0001cc1d       __iswcntrl_l               0041dc1d f i LIBCMT:_wctype.obj
 0001:0001cc34       _iswcntrl                  0041dc34 f i LIBCMT:_wctype.obj
 0001:0001cc47       _iswascii                  0041dc47 f i LIBCMT:_wctype.obj
 0001:0001cc5b       __iswcsym_l                0041dc5b f i LIBCMT:_wctype.obj
 0001:0001cc85       ___iswcsym                 0041dc85 f i LIBCMT:_wctype.obj
 0001:0001ccab       __iswcsymf_l               0041dcab f i LIBCMT:_wctype.obj
 0001:0001ccd5       ___iswcsymf                0041dcd5 f i LIBCMT:_wctype.obj
 0001:0001ccfb       _vfprintf_helper           0041dcfb f   LIBCMT:vfprintf.obj
 0001:0001ce16       __vfprintf_l               0041de16 f   LIBCMT:vfprintf.obj
 0001:0001ce36       __vfprintf_s_l             0041de36 f   LIBCMT:vfprintf.obj
 0001:0001ce56       __vfprintf_p_l             0041de56 f   LIBCMT:vfprintf.obj
 0001:0001ce76       _vfprintf                  0041de76 f   LIBCMT:vfprintf.obj
 0001:0001ce95       _vfprintf_s                0041de95 f   LIBCMT:vfprintf.obj
 0001:0001ceb4       __vfprintf_p               0041deb4 f   LIBCMT:vfprintf.obj
 0001:0001ced3       __vsnprintf_l              0041ded3 f   LIBCMT:vsnprint.obj
 0001:0001cf86       __vsnprintf                0041df86 f   LIBCMT:vsnprint.obj
 0001:0001d02a       __VEC_memcpy               0041e02a f   LIBCMT:p4_memcpy.obj
 0001:0001d15d       __get_sse2_info            0041e15d f   LIBCMT:cpu_disp.obj
 0001:0001d1bf       ___sse2_available_init     0041e1bf f   LIBCMT:cpu_disp.obj
 0001:0001d1cc       __NMSG_WRITE               0041e1cc f   LIBCMT:crt0msg.obj
 0001:0001d377       __GET_RTERRMSG             0041e377 f   LIBCMT:crt0msg.obj
 0001:0001d39d       __FF_MSGBANNER             0041e39d f   LIBCMT:crt0msg.obj
 0001:0001d3d6       __commit                   0041e3d6 f   LIBCMT:commit.obj
 0001:0001d4b7       __fcloseall                0041e4b7 f   LIBCMT:closeall.obj
 0001:0001d556       __RTC_Initialize           0041e556 f   LIBCMT:_initsect_.obj
 0001:0001d57c       __RTC_Terminate            0041e57c f   LIBCMT:_initsect_.obj
 0001:0001d5a2       __initp_misc_cfltcvt_tab   0041e5a2 f   LIBCMT:cmiscdat.obj
 0001:0001d5d0       __ValidateImageBase        0041e5d0 f   LIBCMT:pesect.obj
 0001:0001d610       __FindPESection            0041e610 f   LIBCMT:pesect.obj
 0001:0001d660       __IsNonwritableInCurrentImage 0041e660 f   LIBCMT:pesect.obj
 0001:0001d71d       ?terminate@@YAXXZ          0041e71d f   LIBCMT:hooks.obj
 0001:0001d756       ?unexpected@@YAXXZ         0041e756 f   LIBCMT:hooks.obj
 0001:0001d769       ?_inconsistency@@YAXXZ     0041e769 f   LIBCMT:hooks.obj
 0001:0001d7a1       __initp_eh_hooks           0041e7a1 f   LIBCMT:hooks.obj
 0001:0001d7b2       __initp_misc_winxfltr      0041e7b2 f   LIBCMT:winxfltr.obj
 0001:0001d7e8       __XcptFilter               0041e7e8 f   LIBCMT:winxfltr.obj
 0001:0001d948       ___CppXcptFilter           0041e948 f   LIBCMT:winxfltr.obj
 0001:0001d968       __initp_misc_rand_s        0041e968 f   LIBCMT:rand_s.obj
 0001:0001d977       _rand_s                    0041e977 f   LIBCMT:rand_s.obj
 0001:0001da7f       ___getlocaleinfo           0041ea7f f   LIBCMT:inithelp.obj
 0001:0001dbfe       __initp_misc_purevirt      0041ebfe f   LIBCMT:inithelp.obj
 0001:0001dc0d       __initp_misc_initcrit      0041ec0d f   LIBCMT:initcrit.obj
 0001:0001dc1c       ___crtInitCritSecAndSpinCount 0041ec1c f   LIBCMT:initcrit.obj
 0001:0001dc7c       ?__CxxUnhandledExceptionFilter@@YGJPAU_EXCEPTION_POINTERS@@@Z 0041ec7c f   LIBCMT:unhandld.obj
 0001:0001dcbe       ___CxxSetUnhandledExceptionFilter 0041ecbe f   LIBCMT:unhandld.obj
 0001:0001dccc       __setenvp                  0041eccc f   LIBCMT:stdenvp.obj
 0001:0001ddaa       __set_pgmptr               0041edaa f i LIBCMT:stdargv.obj
 0001:0001df53       __setargv                  0041ef53 f   LIBCMT:stdargv.obj
 0001:0001e00e       ___crtGetEnvironmentStringsA 0041f00e f   LIBCMT:a_env.obj
 0001:0001e145       ___security_init_cookie    0041f145 f   LIBCMT:gs_support.obj
 0001:0001e1db       _swprintf                  0041f1db f   LIBCMT:swprintf.obj
 0001:0001e1db       __swprintf                 0041f1db f   LIBCMT:swprintf.obj
 0001:0001e273       ___swprintf_l              0041f273 f   LIBCMT:swprintf.obj
 0001:0001e28f       _swprintf_s                0041f28f f   LIBCMT:swprintf.obj
 0001:0001e2ad       __snwprintf_s              0041f2ad f   LIBCMT:swprintf.obj
 0001:0001e2ce       __swprintf_p               0041f2ce f   LIBCMT:swprintf.obj
 0001:0001e2ec       __swprintf_s_l             0041f2ec f   LIBCMT:swprintf.obj
 0001:0001e30b       __snwprintf_s_l            0041f30b f   LIBCMT:swprintf.obj
 0001:0001e32d       __swprintf_p_l             0041f32d f   LIBCMT:swprintf.obj
 0001:0001e34c       __scwprintf                0041f34c f   LIBCMT:swprintf.obj
 0001:0001e361       __scwprintf_p              0041f361 f   LIBCMT:swprintf.obj
 0001:0001e376       __scwprintf_l              0041f376 f   LIBCMT:swprintf.obj
 0001:0001e38f       __scwprintf_p_l            0041f38f f   LIBCMT:swprintf.obj
 0001:0001e3a8       __crt_debugger_hook        0041f3a8 f   LIBCMT:dbghook.obj
 0001:0001e3b0       __isatty                   0041f3b0 f   LIBCMT:isatty.obj
 0001:0001e414       __wctomb_s_l               0041f414 f   LIBCMT:wctomb.obj
 0001:0001e580       _wctomb_s                  0041f580 f   LIBCMT:wctomb.obj
 0001:0001e59d       __wctomb_l                 0041f59d f   LIBCMT:wctomb.obj
 0001:0001e5ee       _wctomb                    0041f5ee f   LIBCMT:wctomb.obj
 0001:0001e620       __aulldvrm                 0041f620 f   LIBCMT:ulldvrm.obj
 0001:0001e75b       __output_s_l               0041f75b f   LIBCMT:outputs.obj
 0001:0001f32b       __validate_param_reuseA    0042032b f   LIBCMT:outputp.obj
 0001:0001f4fc       _get_crtdouble_arg         004204fc f i LIBCMT:outputp.obj
 0001:0001f511       __output_p_l               00420511 f   LIBCMT:outputp.obj
 0001:00020879       __woutput_l                00421879 f   LIBCMT:woutput.obj
 0001:000214b9       __woutput_s_l              004224b9 f   LIBCMT:woutputs.obj
 0001:00022059       __validate_param_reuseW    00423059 f   LIBCMT:woutputp.obj
 0001:00022257       __woutput_p_l              00423257 f   LIBCMT:woutputp.obj
 0001:00023517       _vfwprintf_helper          00424517 f   LIBCMT:vfwprint.obj
 0001:000235aa       __vfwprintf_l              004245aa f   LIBCMT:vfwprint.obj
 0001:000235ca       __vfwprintf_s_l            004245ca f   LIBCMT:vfwprint.obj
 0001:000235ea       __vfwprintf_p_l            004245ea f   LIBCMT:vfwprint.obj
 0001:0002360a       _vfwprintf                 0042460a f   LIBCMT:vfwprint.obj
 0001:00023629       _vfwprintf_s               00424629 f   LIBCMT:vfwprint.obj
 0001:00023648       __vfwprintf_p              00424648 f   LIBCMT:vfwprint.obj
 0001:00023667       __calloc_impl              00424667 f   LIBCMT:calloc_impl.obj
 0001:00023785       __recalloc                 00424785 f   LIBCMT:recalloc.obj
 0001:00023800       __ungetc_nolock            00424800 f   LIBCMT:ungetc.obj
 0001:000238f1       _ungetc                    004248f1 f   LIBCMT:ungetc.obj
 0001:00023963       __mbtowc_l                 00424963 f   LIBCMT:mbtowc.obj
 0001:00023a7a       _mbtowc                    00424a7a f   LIBCMT:mbtowc.obj
 0001:00023aa0       __allmul                   00424aa0 f   LIBCMT:llmul.obj
 0001:00023ad4       __getbuf                   00424ad4 f   LIBCMT:_getbuf.obj
 0001:0002423c       __open                     0042523c f   LIBCMT:open.obj
 0001:0002423c       _open                      0042523c f   LIBCMT:open.obj
 0001:000242f2       __sopen_helper             004252f2 f   LIBCMT:open.obj
 0001:000243be       __sopen                    004253be f   LIBCMT:open.obj
 0001:000243f0       __sopen_s                  004253f0 f   LIBCMT:open.obj
 0001:00024410       __mbsnbicmp_l              00425410 f   LIBCMT:mbsnbicm.obj
 0001:0002463b       __mbsnbicmp                0042563b f   LIBCMT:mbsnbicm.obj
 0001:00024655       __mbsnbcmp_l               00425655 f   LIBCMT:mbsnbcmp.obj
 0001:000247bf       __mbsnbcmp                 004257bf f   LIBCMT:mbsnbcmp.obj
 0001:000247dc       __global_unwind2           004257dc f   LIBCMT:exsup.obj
 0001:00024841       __local_unwind2            00425841 f   LIBCMT:exsup.obj
 0001:000248c5       __abnormal_termination     004258c5 f   LIBCMT:exsup.obj
 0001:000248e8       __NLG_Notify1              004258e8 f   LIBCMT:exsup.obj
 0001:000248f1       __NLG_Notify               004258f1 f   LIBCMT:exsup.obj
 0001:00024908       __NLG_Dispatch             00425908     LIBCMT:exsup.obj
 0001:00024908       __NLG_Dispatch2            00425908     LIBCMT:exsup.obj
 0001:00024910       __NLG_Call                 00425910 f   LIBCMT:exsup.obj
 0001:00024912       __NLG_Return2              00425912     LIBCMT:exsup.obj
 0001:0002496a       __VEC_memzero              0042596a f   LIBCMT:p4_memset.obj
 0001:000249f9       __putwch_nolock            004259f9 f   LIBCMT:putwch.obj
 0001:00024abe       __cputws                   00425abe f   LIBCMT:putwch.obj
 0001:00024b5d       __putwch                   00425b5d f   LIBCMT:putwch.obj
 0001:00024d5d       ___crtGetStringTypeA       00425d5d f   LIBCMT:a_str.obj
 0001:00024d9f       ___pwctype_func            00425d9f f   LIBCMT:ctype.obj
 0001:00024da5       ___pctype_func             00425da5 f   LIBCMT:ctype.obj
 0001:000251e9       ___free_lc_time            004261e9 f   LIBCMT:inittime.obj
 0001:0002537e       ___init_time               0042637e f   LIBCMT:inittime.obj
 0001:0002542a       ___free_lconv_num          0042642a f   LIBCMT:initnum.obj
 0001:0002546f       ___init_numeric            0042646f f   LIBCMT:initnum.obj
 0001:0002566c       ___free_lconv_mon          0042666c f   LIBCMT:initmon.obj
 0001:000256fa       ___init_monetary           004266fa f   LIBCMT:initmon.obj
 0001:000259c0       ___init_ctype              004269c0 f   LIBCMT:initctyp.obj
 0001:00025d62       ____mb_cur_max_func        00426d62 f   LIBCMT:initctyp.obj
 0001:00025d8b       ____mb_cur_max_l_func      00426d8b f   LIBCMT:initctyp.obj
 0001:00025da7       ____lc_codepage_func       00426da7 f   LIBCMT:initctyp.obj
 0001:00025dcd       ____lc_collate_cp_func     00426dcd f   LIBCMT:initctyp.obj
 0001:00025df3       ____lc_handle_func         00426df3 f   LIBCMT:initctyp.obj
 0001:00025e19       ___init_collate            00426e19 f   LIBCMT:initcoll.obj
 0001:00025e1c       __Getdays_l                00426e1c f   LIBCMT:strftime.obj
 0001:00025f1c       __Getdays                  00426f1c f   LIBCMT:strftime.obj
 0001:00025f25       __Getmonths_l              00426f25 f   LIBCMT:strftime.obj
 0001:00026025       __Getmonths                00427025 f   LIBCMT:strftime.obj
 0001:0002602e       __Gettnames_l              0042702e f   LIBCMT:strftime.obj
 0001:00026385       __Gettnames                00427385 f   LIBCMT:strftime.obj
 0001:00026ca8       __Strftime_l               00427ca8 f   LIBCMT:strftime.obj
 0001:00026e4c       __strftime_l               00427e4c f   LIBCMT:strftime.obj
 0001:00026e6c       _strftime                  00427e6c f   LIBCMT:strftime.obj
 0001:00026e8b       __Strftime                 00427e8b f   LIBCMT:strftime.obj
 0001:00026eab       _localeconv                00427eab f   LIBCMT:lconv.obj
 0001:00026ed1       _strcat_s                  00427ed1 f   LIBCMT:strcat_s.obj
 0001:00026f50       _strcspn                   00427f50 f   LIBCMT:strcspn.obj
 0001:00026f96       _strncpy_s                 00427f96 f   LIBCMT:strncpy_s.obj
 0001:0002704b       _strcpy_s                  0042804b f   LIBCMT:strcpy_s.obj
 0001:000270c0       _strcmp                    004280c0 f   LIBCMT:strcmp.obj
 0001:00027743       ___get_qualified_locale    00428743 f   LIBCMT:getqloc.obj
 0001:00028eaa       _memcmp                    00429eaa f   LIBCMT:memcmp.obj
 0001:0002a530       _strpbrk                   0042b530 f   LIBCMT:strpbrk.obj
 0001:0002a570       ___ansicp                  0042b570 f   LIBCMT:convrtcp.obj
 0001:0002a5b9       ___convertcp               0042b5b9 f   LIBCMT:convrtcp.obj
 0001:0002a770       __alloca_probe_16          0042b770 f   LIBCMT:alloca16.obj
 0001:0002a786       __alloca_probe_8           0042b786     LIBCMT:alloca16.obj
 0001:0002a79c       __iswctype_l               0042b79c f   LIBCMT:iswctype.obj
 0001:0002a826       _iswctype                  0042b826 f   LIBCMT:iswctype.obj
 0001:0002a89c       _is_wctype                 0042b89c f   LIBCMT:iswctype.obj
 0001:0002a8a7       ___crtMessageBoxA          0042b8a7 f   LIBCMT:crtmbox.obj
 0001:0002aa10       __fptrap                   0042ba10 f   LIBCMT:crt0fp.obj
 0001:0002aa32       ___crtGetLocaleInfoW       0042ba32 f   LIBCMT:w_loc.obj
 0001:0002aba5       ___crtGetLocaleInfoA       0042bba5 f   LIBCMT:a_loc.obj
 0001:0002ac35       __ismbbkalnum_l            0042bc35 f   LIBCMT:ismbbyte.obj
 0001:0002ac4e       __ismbbkalnum              0042bc4e f   LIBCMT:ismbbyte.obj
 0001:0002ac66       __ismbbkprint_l            0042bc66 f   LIBCMT:ismbbyte.obj
 0001:0002ac7f       __ismbbkprint              0042bc7f f   LIBCMT:ismbbyte.obj
 0001:0002ac97       __ismbbkpunct_l            0042bc97 f   LIBCMT:ismbbyte.obj
 0001:0002acb0       __ismbbkpunct              0042bcb0 f   LIBCMT:ismbbyte.obj
 0001:0002acc8       __ismbbalnum_l             0042bcc8 f   LIBCMT:ismbbyte.obj
 0001:0002ace4       __ismbbalnum               0042bce4 f   LIBCMT:ismbbyte.obj
 0001:0002acff       __ismbbalpha_l             0042bcff f   LIBCMT:ismbbyte.obj
 0001:0002ad1b       __ismbbalpha               0042bd1b f   LIBCMT:ismbbyte.obj
 0001:0002ad36       __ismbbgraph_l             0042bd36 f   LIBCMT:ismbbyte.obj
 0001:0002ad52       __ismbbgraph               0042bd52 f   LIBCMT:ismbbyte.obj
 0001:0002ad6d       __ismbbprint_l             0042bd6d f   LIBCMT:ismbbyte.obj
 0001:0002ad89       __ismbbprint               0042bd89 f   LIBCMT:ismbbyte.obj
 0001:0002ada4       __ismbbpunct_l             0042bda4 f   LIBCMT:ismbbyte.obj
 0001:0002adbd       __ismbbpunct               0042bdbd f   LIBCMT:ismbbyte.obj
 0001:0002add5       __ismbblead_l              0042bdd5 f   LIBCMT:ismbbyte.obj
 0001:0002adee       __ismbblead                0042bdee f   LIBCMT:ismbbyte.obj
 0001:0002ae06       __ismbbtrail_l             0042be06 f   LIBCMT:ismbbyte.obj
 0001:0002ae1f       __ismbbtrail               0042be1f f   LIBCMT:ismbbyte.obj
 0001:0002ae37       __ismbbkana_l              0042be37 f   LIBCMT:ismbbyte.obj
 0001:0002ae8c       __ismbbkana                0042be8c f   LIBCMT:ismbbyte.obj
 0001:0002ae9f       __vswprintf_l              0042be9f f   LIBCMT:vswprint.obj
 0001:0002af38       __vswprintf                0042bf38 f   LIBCMT:vswprint.obj
 0001:0002af52       ___vswprintf_l             0042bf52 f   LIBCMT:vswprint.obj
 0001:0002af5d       __vscwprintf_helper        0042bf5d f   LIBCMT:vswprint.obj
 0001:0002afb4       __vscwprintf               0042bfb4 f   LIBCMT:vswprint.obj
 0001:0002afd0       __vscwprintf_l             0042bfd0 f   LIBCMT:vswprint.obj
 0001:0002afed       __vscwprintf_p             0042bfed f   LIBCMT:vswprint.obj
 0001:0002b009       __vscwprintf_p_l           0042c009 f   LIBCMT:vswprint.obj
 0001:0002b026       __fputwc_nolock            0042c026 f   LIBCMT:fputwc.obj
 0001:0002b1ad       _fputwc                    0042c1ad f   LIBCMT:fputwc.obj
 0001:0002b226       _putwc                     0042c226 f   LIBCMT:fputwc.obj
 0001:0002b42b       _wcstol                    0042c42b f   LIBCMT:wcstol.obj
 0001:0002b456       __wcstol_l                 0042c456 f   LIBCMT:wcstol.obj
 0001:0002b473       _wcstoul                   0042c473 f   LIBCMT:wcstol.obj
 0001:0002b49f       __wcstoul_l                0042c49f f   LIBCMT:wcstol.obj
 0001:0002b4bc       __chsize_nolock            0042c4bc f   LIBCMT:chsize.obj
 0001:0002b672       __chsize_s                 0042c672 f   LIBCMT:chsize.obj
 0001:0002b75f       __chsize                   0042c75f f   LIBCMT:chsize.obj
 0001:0002b77b       __setmode_nolock           0042c77b f   LIBCMT:setmode.obj
 0001:0002b837       __set_fmode                0042c837 f   LIBCMT:setmode.obj
 0001:0002b883       __get_fmode                0042c883 f   LIBCMT:setmode.obj
 0001:0002b8bc       __setmode                  0042c8bc f   LIBCMT:setmode.obj
 0001:0002b9b3       __strnicmp_l               0042c9b3 f   LIBCMT:strnicmp.obj
 0001:0002baa5       _strnicmp                  0042caa5 f   LIBCMT:strnicmp.obj
 0001:0002baa5       __strnicmp                 0042caa5 f   LIBCMT:strnicmp.obj
 0001:0002bb03       ___initconin               0042cb03 f   LIBCMT:initcon.obj
 0001:0002bb22       ___initconout              0042cb22 f   LIBCMT:initcon.obj
 0001:0002bb41       ___termcon                 0042cb41 f   LIBCMT:initcon.obj
 0001:0002bb6e       __get_daylight             0042cb6e f   LIBCMT:timeset.obj
 0001:0002bba7       __get_dstbias              0042cba7 f   LIBCMT:timeset.obj
 0001:0002bbe0       __get_timezone             0042cbe0 f   LIBCMT:timeset.obj
 0001:0002bc19       __get_tzname               0042cc19 f   LIBCMT:timeset.obj
 0001:0002bcbd       ___daylight                0042ccbd f   LIBCMT:timeset.obj
 0001:0002bcc3       ___dstbias                 0042ccc3 f   LIBCMT:timeset.obj
 0001:0002bcc9       ___timezone                0042ccc9 f   LIBCMT:timeset.obj
 0001:0002bccf       ___tzname                  0042cccf f   LIBCMT:timeset.obj
 0001:0002bcd5       __set_daylight             0042ccd5 f i LIBCMT:tzset.obj
 0001:0002bce6       __set_dstbias              0042cce6 f i LIBCMT:tzset.obj
 0001:0002bcf7       __set_timezone             0042ccf7 f i LIBCMT:tzset.obj
 0001:0002c41d       ___tzset                   0042d41d f   LIBCMT:tzset.obj
 0001:0002c46c       __tzset                    0042d46c f   LIBCMT:tzset.obj
 0001:0002c4a4       __isindst                  0042d4a4 f   LIBCMT:tzset.obj
 0001:0002c4e5       ___ascii_stricmp           0042d4e5 f   LIBCMT:stricmp.obj
 0001:0002c51e       __stricmp_l                0042d51e f   LIBCMT:stricmp.obj
 0001:0002c5f3       __stricmp                  0042d5f3 f   LIBCMT:stricmp.obj
 0001:0002c5f3       _stricmp                   0042d5f3 f   LIBCMT:stricmp.obj
 0001:0002c722       __itoa_s                   0042d722 f   LIBCMT:xtoas.obj
 0001:0002c74c       __ltoa_s                   0042d74c f   LIBCMT:xtoas.obj
 0001:0002c773       __ultoa_s                  0042d773 f   LIBCMT:xtoas.obj
 0001:0002c885       __i64toa_s                 0042d885 f   LIBCMT:xtoas.obj
 0001:0002c8ba       __ui64toa_s                0042d8ba f   LIBCMT:xtoas.obj
 0001:0002c8fc       ___crtGetStringTypeW       0042d8fc f   LIBCMT:w_str.obj
 0001:0002c93a       __flswbuf                  0042d93a f   LIBCMT:_flswbuf.obj
 0001:0002caae       __wchartodigit             0042daae f   LIBCMT:wchtodig.obj
 0001:0002cc90       ___ascii_strnicmp          0042dc90 f   LIBCMT:_strnicm.obj
 0001:0002ccf1       __getenv_helper_nolock     0042dcf1 f   LIBCMT:getenv.obj
 0001:0002ceb1       _getenv                    0042deb1 f   LIBCMT:getenv.obj
 0001:0002cf34       _getenv_s                  0042df34 f   LIBCMT:getenv.obj
 0001:0002d00c       __dupenv_s                 0042e00c f   LIBCMT:getenv.obj
 0001:0002d0f2       __mbsnbicoll_l             0042e0f2 f   LIBCMT:mbsnbico.obj
 0001:0002d1e0       __mbsnbicoll               0042e1e0 f   LIBCMT:mbsnbico.obj
 0001:0002d1fa       ___wtomb_environ           0042e1fa f   LIBCMT:wtombenv.obj
 0001:0002d291       _calloc                    0042e291 f   LIBCMT:calloc.obj
 0001:0002d2d1       _strnlen                   0042e2d1 f   LIBCMT:strlen_s.obj
 0001:0002d67c       ___crtCompareStringA       0042e67c f   LIBCMT:a_cmp.obj
 0001:0002d6be       __strnicoll_l              0042e6be f   LIBCMT:strnicol.obj
 0001:0002d7b8       __strnicoll                0042e7b8 f   LIBCMT:strnicol.obj
 0001:0002d88d       ___crtsetenv               0042e88d f   LIBCMT:setenv.obj
 0001:0002dad8       __strdup                   0042ead8 f   LIBCMT:strdup.obj
 0001:0002db2d       __mbschr_l                 0042eb2d f   LIBCMT:mbschr.obj
 0001:0002dbe9       __mbschr                   0042ebe9 f   LIBCMT:mbschr.obj
 0001:0002dc00       _GetVersion@0              0042ec00 f   kernel32:KERNEL32.dll
 0001:0002dc06       _GetConsoleScreenBufferInfo@8 0042ec06 f   kernel32:KERNEL32.dll
 0001:0002dc0c       _GetStdHandle@4            0042ec0c f   kernel32:KERNEL32.dll
 0001:0002dc12       _SetThreadAffinityMask@8   0042ec12 f   kernel32:KERNEL32.dll
 0001:0002dc18       _GetCurrentThread@0        0042ec18 f   kernel32:KERNEL32.dll
 0001:0002dc1e       _SetConsoleCtrlHandler@8   0042ec1e f   kernel32:KERNEL32.dll
 0001:0002dc24       _SetUnhandledExceptionFilter@4 0042ec24 f   kernel32:KERNEL32.dll
 0001:0002dc2a       _SetErrorMode@4            0042ec2a f   kernel32:KERNEL32.dll
 0001:0002dc30       _GetPrivateProfileStringA@24 0042ec30 f   kernel32:KERNEL32.dll
 0001:0002dc36       _GetModuleFileNameA@12     0042ec36 f   kernel32:KERNEL32.dll
 0001:0002dc3c       _GetPrivateProfileSectionA@16 0042ec3c f   kernel32:KERNEL32.dll
 0001:0002dc42       _GetFileAttributesA@4      0042ec42 f   kernel32:KERNEL32.dll
 0001:0002dc48       _GetPrivateProfileIntA@16  0042ec48 f   kernel32:KERNEL32.dll
 0001:0002dc4e       _FreeConsole@0             0042ec4e f   kernel32:KERNEL32.dll
 0001:0002dc54       _GetCurrentDirectoryA@8    0042ec54 f   kernel32:KERNEL32.dll
 0001:0002dc5a       _SetCurrentDirectoryA@4    0042ec5a f   kernel32:KERNEL32.dll
 0001:0002dc60       _Sleep@4                   0042ec60 f   kernel32:KERNEL32.dll
 0001:0002dc66       _CloseHandle@4             0042ec66 f   kernel32:KERNEL32.dll
 0001:0002dc6c       _WaitForSingleObject@8     0042ec6c f   kernel32:KERNEL32.dll
 0001:0002dc72       _FindFirstChangeNotificationA@12 0042ec72 f   kernel32:KERNEL32.dll
 0001:0002dc78       _FindNextChangeNotification@4 0042ec78 f   kernel32:KERNEL32.dll
 0001:0002dc7e       _Beep@8                    0042ec7e f   kernel32:KERNEL32.dll
 0001:0002dc84       _GetCurrentThreadId@0      0042ec84 f   kernel32:KERNEL32.dll
 0001:0002dc8a       _SetPriorityClass@8        0042ec8a f   kernel32:KERNEL32.dll
 0001:0002dc90       _GetCurrentProcess@0       0042ec90 f   kernel32:KERNEL32.dll
 0001:0002dc96       _LoadLibraryA@4            0042ec96 f   kernel32:KERNEL32.dll
 0001:0002dc9c       _GetProcAddress@8          0042ec9c f   kernel32:KERNEL32.dll
 0001:0002dca2       _GetModuleHandleA@4        0042eca2 f   kernel32:KERNEL32.dll
 0001:0002dca8       _FreeLibrary@4             0042eca8 f   kernel32:KERNEL32.dll
 0001:0002dcae       _GetPrivateProfileSectionNamesA@12 0042ecae f   kernel32:KERNEL32.dll
 0001:0002dcb4       _CreateFileA@28            0042ecb4 f   kernel32:KERNEL32.dll
 0001:0002dcba       _GetCommProperties@8       0042ecba f   kernel32:KERNEL32.dll
 0001:0002dcc0       _WideCharToMultiByte@32    0042ecc0 f   kernel32:KERNEL32.dll
 0001:0002dcc6       _FlushFileBuffers@4        0042ecc6 f   kernel32:KERNEL32.dll
 0001:0002dccc       _CreateEventA@16           0042eccc f   kernel32:KERNEL32.dll
 0001:0002dcd2       _ResetEvent@4              0042ecd2 f   kernel32:KERNEL32.dll
 0001:0002dcd8       _GetLastError@0            0042ecd8 f   kernel32:KERNEL32.dll
 0001:0002dcde       _FindFirstVolumeA@8        0042ecde f   kernel32:KERNEL32.dll
 0001:0002dce4       _FindNextVolumeA@12        0042ece4 f   kernel32:KERNEL32.dll
 0001:0002dcea       _DeviceIoControl@32        0042ecea f   kernel32:KERNEL32.dll
 0001:0002dcf0       _FindVolumeClose@4         0042ecf0 f   kernel32:KERNEL32.dll
 0001:0002dcf6       _SetFilePointer@16         0042ecf6 f   kernel32:KERNEL32.dll
 0001:0002dcfc       _ReadFile@20               0042ecfc f   kernel32:KERNEL32.dll
 0001:0002dd02       _WriteFile@20              0042ed02 f   kernel32:KERNEL32.dll
 0001:0002dd08       _GetTempPathA@8            0042ed08 f   kernel32:KERNEL32.dll
 0001:0002dd0e       _MultiByteToWideChar@24    0042ed0e f   kernel32:KERNEL32.dll
 0001:0002dd14       _AreFileApisANSI@0         0042ed14 f   kernel32:KERNEL32.dll
 0001:0002dd1a       _DeleteFileA@4             0042ed1a f   kernel32:KERNEL32.dll
 0001:0002dd20       _GetFullPathNameA@16       0042ed20 f   kernel32:KERNEL32.dll
 0001:0002dd26       _SetConsoleTitleA@4        0042ed26 f   kernel32:KERNEL32.dll
 0001:0002dd2c       _FlushConsoleInputBuffer@4 0042ed2c f   kernel32:KERNEL32.dll
 0001:0002dd32       _GlobalLock@4              0042ed32 f   kernel32:KERNEL32.dll
 0001:0002dd38       _GlobalUnlock@4            0042ed38 f   kernel32:KERNEL32.dll
 0001:0002dd3e       _GetLocalTime@4            0042ed3e f   kernel32:KERNEL32.dll
 0001:0002dd44       _DefineDosDeviceA@12       0042ed44 f   kernel32:KERNEL32.dll
 0001:0002dd4a       _SetCommTimeouts@8         0042ed4a f   kernel32:KERNEL32.dll
 0001:0002dd50       _GetCommState@8            0042ed50 f   kernel32:KERNEL32.dll
 0001:0002dd56       _SetCommState@8            0042ed56 f   kernel32:KERNEL32.dll
 0001:0002dd5c       _EscapeCommFunction@8      0042ed5c f   kernel32:KERNEL32.dll
 0001:0002dd62       _GetCommModemStatus@8      0042ed62 f   kernel32:KERNEL32.dll
 0001:0002dd68       _CreateProcessA@40         0042ed68 f   kernel32:KERNEL32.dll
 0001:0002dd6e       _GetTickCount@0            0042ed6e f   kernel32:KERNEL32.dll
 0001:0002dd74       _CreateDirectoryA@8        0042ed74 f   kernel32:KERNEL32.dll
 0001:0002dd7a       _GetExitCodeProcess@8      0042ed7a f   kernel32:KERNEL32.dll
 0001:0002dd80       _FindFirstFileA@8          0042ed80 f   kernel32:KERNEL32.dll
 0001:0002dd86       _FindNextFileA@8           0042ed86 f   kernel32:KERNEL32.dll
 0001:0002dd8c       _FindClose@4               0042ed8c f   kernel32:KERNEL32.dll
 0001:0002dd92       _RemoveDirectoryA@4        0042ed92 f   kernel32:KERNEL32.dll
 0001:0002dd98       _QueryPerformanceFrequency@4 0042ed98 f   kernel32:KERNEL32.dll
 0001:0002dd9e       _QueryPerformanceCounter@4 0042ed9e f   kernel32:KERNEL32.dll
 0001:0002dda4       _SetConsoleTextAttribute@8 0042eda4 f   kernel32:KERNEL32.dll
 0001:0002ddaa       _FormatMessageA@28         0042edaa f   kernel32:KERNEL32.dll
 0001:0002ddb0       _InitializeCriticalSection@4 0042edb0 f   kernel32:KERNEL32.dll
 0001:0002ddb6       _DeleteCriticalSection@4   0042edb6 f   kernel32:KERNEL32.dll
 0001:0002ddbc       _EnterCriticalSection@4    0042edbc f   kernel32:KERNEL32.dll
 0001:0002ddc2       _LeaveCriticalSection@4    0042edc2 f   kernel32:KERNEL32.dll
 0001:0002ddc8       _SetEvent@4                0042edc8 f   kernel32:KERNEL32.dll
[...]
 0003:00fba140       ___sbh_indGroupDefer       0148d140     <common>
 0003:00fba144       ___active_heap             0148d144     <common>
 0003:00fba148       __pDestructExceptionObject 0148d148     <common>
 0003:00fba14c       __acmdln                   0148d14c     <common>
 0003:00fba150       ___env_initialized         0148d150     <common>
 0003:00fba154       ___onexitend               0148d154     <common>
 0003:00fba158       ___onexitbegin             0148d158     <common>
 0003:00fba15c       ___mbctype_initialized     0148d15c     <common>
 0003:00fba160       ___dyn_tls_init_callback   0148d160     <common>
 0003:00fba164       ___piob                    0148d164     <common>
 0003:00fba180       __bufin                    0148d180     <common>
 0003:00fbb180       __nstream                  0148e180     <common>

 entry point at        0001:000112a9

 Static symbols

 0001:0000ce7d       _swprintf                  0040de7d f   LIBCMT:wassert.obj
 0001:0000d5ed       __onexit_nolock            0040e5ed f   LIBCMT:onexit.obj
 0001:0000d9d4       _vscan_fn                  0040e9d4 f   LIBCMT:sscanf.obj
 0001:0000f3c0       _swap                      004103c0 f   LIBCMT:qsort.obj
 0001:0000f3f0       _shortsort                 004103f0 f   LIBCMT:qsort.obj
 0001:00010624       _flsall                    00411624 f   LIBCMT:fflush.obj
 0001:000109bd       __initterm                 004119bd f   LIBCMT:crt0dat.obj
 0001:00010afb       _doexit                    00411afb f   LIBCMT:crt0dat.obj
 0001:00010eb3       __callthreadstartex        00411eb3 f   LIBCMT:threadex.obj
 0001:00010ef4       __threadstartex@4          00411ef4 f   LIBCMT:threadex.obj
 0001:000110e7       _fast_error_exit           004120e7 f   LIBCMT:crt0.obj
 0001:00011110       _check_managed_app         00412110 f   LIBCMT:crt0.obj
 0001:00011157       ___tmainCRTStartup         00412157 f   LIBCMT:crt0.obj
 0001:000114d1       _write_char                004124d1 f   LIBCMT:output.obj
 0001:00011504       _write_multi_char          00412504 f   LIBCMT:output.obj
 0001:0001152a       _write_string              0041252a f   LIBCMT:output.obj
 0001:00012490       _ValidateLocalCookies      00413490 f   LIBCMT:chandler4.obj
 0001:00012e6b       _ctrlevent_capture@4       00413e6b f   LIBCMT:winsig.obj
 0001:00012f06       _siglookup                 00413f06 f   LIBCMT:winsig.obj
 0001:000134b2       _xtow_s@20                 004144b2 f   LIBCMT:xtows.obj
 0001:00013615       @x64tow_s@24               00414615 f   LIBCMT:xtows.obj
 0001:00015a0b       ___check_float_string      00416a0b f   LIBCMT:input.obj
 0001:00015a74       __hextodec                 00416a74 f   LIBCMT:input.obj
 0001:00015a94       __inc                      00416a94 f   LIBCMT:input.obj
 0001:00015aaa       __un_inc                   00416aaa f   LIBCMT:input.obj
 0001:00015abd       __whiteout                 00416abd f   LIBCMT:input.obj
 0001:00016aa4       ___check_float_string      00417aa4 f   LIBCMT:inputs.obj
 0001:00016afb       __hextodec                 00417afb f   LIBCMT:inputs.obj
 0001:00016b1b       __inc                      00417b1b f   LIBCMT:inputs.obj
 0001:00016b31       __un_inc                   00417b31 f   LIBCMT:inputs.obj
 0001:00016b44       __whiteout                 00417b44 f   LIBCMT:inputs.obj
 0001:00018295       ?strtoxl@@YAKPAUlocaleinfo_struct@@PBDPAPBDHH@Z 00419295 f   LIBCMT:strtol.obj
 0001:00018555       ?strtoxq@@YA_KPAUlocaleinfo_struct@@PBDPAPBDHH@Z 00419555 f   LIBCMT:strtoq.obj
 0001:00018d10       __unwind_handler4          00419d10 f   LIBCMT:exsup4.obj
 0001:0001a1e9       ?CPtoLCID@@YAHH@Z          0041b1e9 f   LIBCMT:mbctype.obj
 0001:0001a218       ?setSBCS@@YAXPAUthreadmbcinfostruct@@@Z 0041b218 f   LIBCMT:mbctype.obj
 0001:0001a27c       ?setSBUpLow@@YAXPAUthreadmbcinfostruct@@@Z 0041b27c f   LIBCMT:mbctype.obj
 0001:0001a4b3       ?getSystemCP@@YAHH@Z       0041b4b3 f   LIBCMT:mbctype.obj
 0001:0001ab87       __copytlocinfo_nolock      0041bb87 f   LIBCMT:setlocal.obj
 0001:0001abad       __updatetlocinfoEx_nolock  0041bbad f   LIBCMT:setlocal.obj
 0001:0001accb       _sync_legacy_variables_lk  0041bccb f   LIBCMT:setlocal.obj
 0001:0001b078       __setlocale_get_all        0041c078 f   LIBCMT:setlocal.obj
 0001:0001b426       __setlocale_set_cat        0041c426 f   LIBCMT:setlocal.obj
 0001:0001b728       __setlocale_nolock         0041c728 f   LIBCMT:setlocal.obj
 0001:0001c608       ?strncnt@@YAHPBDH@Z        0041d608 f   LIBCMT:a_map.obj
 0001:0001c626       ?__crtLCMapStringA_stat@@YAHPAUlocaleinfo_struct@@KKPBDHPADHHH@Z 0041d626 f   LIBCMT:a_map.obj
 0001:0001cfa3       _fastcopy_I                0041dfa3 f   LIBCMT:p4_memcpy.obj
 0001:0001d10d       _has_osfxsr_set            0041e10d f   LIBCMT:cpu_disp.obj
 0001:0001d7b3       _xcptlookup                0041e7b3 f   LIBCMT:winxfltr.obj
 0001:0001ddb9       _parse_cmdline             0041edb9 f   LIBCMT:stdargv.obj
 0001:0001e6b5       _write_char                0041f6b5 f   LIBCMT:outputs.obj
 0001:0001e6e8       _write_multi_char          0041f6e8 f   LIBCMT:outputs.obj
 0001:0001e70e       _write_string              0041f70e f   LIBCMT:outputs.obj
 0001:0001f456       _write_char                00420456 f   LIBCMT:outputp.obj
 0001:0001f489       _write_multi_char          00420489 f   LIBCMT:outputp.obj
 0001:0001f4af       _write_string              004204af f   LIBCMT:outputp.obj
 0001:000207d1       _write_char                004217d1 f   LIBCMT:woutput.obj
 0001:00020800       _write_multi_char          00421800 f   LIBCMT:woutput.obj
 0001:00020827       _write_string              00421827 f   LIBCMT:woutput.obj
 0001:00021411       _write_char                00422411 f   LIBCMT:woutputs.obj
 0001:00021440       _write_multi_char          00422440 f   LIBCMT:woutputs.obj
 0001:00021467       _write_string              00422467 f   LIBCMT:woutputs.obj
 0001:000221af       _write_char                004231af f   LIBCMT:woutputp.obj
 0001:000221de       _write_multi_char          004231de f   LIBCMT:woutputp.obj
 0001:00022205       _write_string              00423205 f   LIBCMT:woutputp.obj
 0001:00023b1d       __tsopen_nolock            00424b1d f   LIBCMT:open.obj
 0001:000247fc       __unwind_handler           004257fc f   LIBCMT:exsup.obj
 0001:00024913       _fastzero_I                00425913 f   LIBCMT:p4_memset.obj
 0001:00024ba3       ?__crtGetStringTypeA_stat@@YAHPAUlocaleinfo_struct@@KPBDHPAGHHH@Z 00425ba3 f   LIBCMT:a_str.obj
 0001:00024dce       __get_lc_time              00425dce f   LIBCMT:inittime.obj
 0001:000253f7       _fix_grouping              004263f7 f   LIBCMT:initnum.obj
 0001:00025639       _fix_grouping              00426639 f   LIBCMT:initmon.obj
 0001:0002638e       ?_store_str@@YAXPADPAPADPAI@Z 0042738e f   LIBCMT:strftime.obj
 0001:000263ae       ?_store_number@@YAXHPAPADPAI@Z 004273ae f   LIBCMT:strftime.obj
 0001:000263e4       ?_store_num@@YAXHHPAPADPAII@Z 004273e4 f   LIBCMT:strftime.obj
 0001:0002645f       ?_expandtime@@YAHPAUlocaleinfo_struct@@DPBUtm@@PAPADPAIPAU__lc_time_data@@I@Z 0042745f f   LIBCMT:strftime.obj
 0001:00026847       ?_store_winword@@YAHPAUlocaleinfo_struct@@HPBUtm@@PAPADPAIPAU__lc_time_data@@@Z 00427847 f   LIBCMT:strftime.obj
 0001:00027148       _TranslateName             00428148 f   LIBCMT:getqloc.obj
 0001:000271aa       _GetLcidFromDefault        004281aa f   LIBCMT:getqloc.obj
 0001:000271be       _ProcessCodePage           004281be f   LIBCMT:getqloc.obj
 0001:00027262       _TestDefaultCountry        00428262 f   LIBCMT:getqloc.obj
 0001:00027286       _LcidFromHexString         00428286 f   LIBCMT:getqloc.obj
 0001:000272ba       _GetPrimaryLen             004282ba f   LIBCMT:getqloc.obj
 0001:000272d5       _CountryEnumProc@4         004282d5 f   LIBCMT:getqloc.obj
 0001:0002736d       _TestDefaultLanguage       0042836d f   LIBCMT:getqloc.obj
 0001:000273e1       _LangCountryEnumProc@4     004283e1 f   LIBCMT:getqloc.obj
 0001:000275b3       _LanguageEnumProc@4        004285b3 f   LIBCMT:getqloc.obj
 0001:00027674       _GetLcidFromCountry        00428674 f   LIBCMT:getqloc.obj
 0001:000276a0       _GetLcidFromLangCountry    004286a0 f   LIBCMT:getqloc.obj
 0001:00027707       _GetLcidFromLanguage       00428707 f   LIBCMT:getqloc.obj
 0001:00027934       _cmpResult                 00428934 f   LIBCMT:memcmp.obj
 0001:00027946       _cmpBYTE                   00428946 f   LIBCMT:memcmp.obj
 0001:0002795e       _cmpWORD                   0042895e f   LIBCMT:memcmp.obj
 0001:0002799e       _cmpDWORD                  0042899e f   LIBCMT:memcmp.obj
 0001:00027a16       _unaligned_memcmp          00428a16 f   LIBCMT:memcmp.obj
 0001:0002aa19       ?__crtGetLocaleInfoW_stat@@YAHPAUlocaleinfo_struct@@KKPA_WHH@Z 0042ba19 f   LIBCMT:w_loc.obj
 0001:0002aa66       ?__crtGetLocaleInfoA_stat@@YAHPAUlocaleinfo_struct@@KKPADHH@Z 0042ba66 f   LIBCMT:a_loc.obj
 0001:0002abe2       ?x_ismbbtype_l@@YAHPAUlocaleinfo_struct@@IHH@Z 0042bbe2 f   LIBCMT:ismbbyte.obj
 0001:0002b231       ?wcstoxl@@YAKPAUlocaleinfo_struct@@PB_WPAPB_WHH@Z 0042c231 f   LIBCMT:wcstol.obj
 0001:0002bd08       __tzset_nolock             0042cd08 f   LIBCMT:tzset.obj
 0001:0002c04e       _cvtdate                   0042d04e f   LIBCMT:tzset.obj
 0001:0002c245       __isindst_nolock           0042d245 f   LIBCMT:tzset.obj
 0001:0002c645       _xtoa_s@20                 0042d645 f   LIBCMT:xtoas.obj
 0001:0002c78d       @x64toa_s@24               0042d78d f   LIBCMT:xtoas.obj
 0001:0002c8d9       ?__crtGetStringTypeW_stat@@YAHPAUlocaleinfo_struct@@KPB_WHPAGHH@Z 0042d8d9 f   LIBCMT:w_str.obj
 0001:0002cd78       __getenv_s_helper          0042dd78 f   LIBCMT:getenv.obj
 0001:0002ce0d       __dupenv_s_helper          0042de0d f   LIBCMT:getenv.obj
 0001:0002d2ee       ?strncnt@@YAHPBDH@Z        0042e2ee f   LIBCMT:a_cmp.obj
 0001:0002d30c       ?__crtCompareStringA_stat@@YAHPAUlocaleinfo_struct@@KKPBDH1HH@Z 0042e30c f   LIBCMT:a_cmp.obj
 0001:0002d7e1       _findenv                   0042e7e1 f   LIBCMT:setenv.obj
 0001:0002d833       _copy_environ              0042e833 f   LIBCMT:setenv.obj
 0001:00036e50       ?saa1099_envelope@@YAXPAUsaa1099_state@@H@Z 00437e50 f    CIL library: CIL module
 0001:00039a30       ?FillCheck@@YA_NPBXDI@Z    0043aa30 f    CIL library: CIL module
 0001:0003d750       ?rdtsc@@YA_KXZ             0043e750 f    CIL library: CIL module
 0001:0003db30       ?cpuid@@YAXQAII@Z          0043eb30 f    CIL library: CIL module
 0001:0003db40       ?rdtsc@@YA_KXZ             0043eb40 f    CIL library: CIL module
 0001:000402c0       ?png_flush@@YAXPAUpng_struct_def@@@Z 004412c0 f    CIL library: CIL module
 0001:000402e0       ?png_write_data@@YAXPAUpng_struct_def@@PAEI@Z 004412e0 f    CIL library: CIL module
 0001:000410e0       ?VideoNullSaver@@YAXXZ     004420e0 f    CIL library: CIL module
 0001:000414c0       ?addref@@YAXAAPADEPBDII@Z  004424c0 f    CIL library: CIL module
 0001:00042500       ?VideoFrameSaver@@YAXXZ    00443500 f    CIL library: CIL module
 0001:00046110       ?rdtsc@@YA_KXZ             00447110 f    CIL library: CIL module
 0001:000463a0       ?rdtsc@@YA_KXZ             004473a0 f    CIL library: CIL module
 0001:000463b0       ?asm_pause@@YAXXZ          004473b0 f    CIL library: CIL module
 0001:00046ad0       ?text_16@@YAXPAEPBDE@Z     00447ad0 f    CIL library: CIL module
 0001:00046d20       ?rdtsc@@YA_KXZ             00447d20 f    CIL library: CIL module
 0001:00051b80       ?UpdateMemMapping@z80gs@@YAXXZ 00452b80 f    CIL library: CIL module
 0001:00051cd0       ?flush_gs_sound@z80gs@@YAXXZ 00452cd0 f    CIL library: CIL module
 0001:00051f40       ?rdtsc@@YA_KXZ             00452f40 f    CIL library: CIL module
 0001:00051f50       ?rol8@@YAEEE@Z             00452f50 f    CIL library: CIL module
 0001:00051fd0       ?stepi@z80gs@@YAXXZ        00452fd0 f    CIL library: CIL module
 0001:00052260       ?gs_byte_to_dac@z80gs@@YAXIE@Z 00453260 f    CIL library: CIL module
 0001:00055f60       ?FMCloseTable@@YAXXZ       00456f60 f    CIL library: CIL module
 0001:00055f70       ?init_tables@@YAHXZ        00456f70 f    CIL library: CIL module
 0001:000560e0       ?reset_channels@@YAXPAUFM_ST@@PAUFM_CH@@H@Z 004570e0 f    CIL library: CIL module
 0001:00056140       ?init_timetables@@YAXPAUFM_ST@@PBE@Z 00457140 f    CIL library: CIL module
 0001:00056420       ?setup_connection@@YAXPAUFM_CH@@H@Z 00457420 f    CIL library: CIL module
 0001:000566b0       ?OPNWriteReg@@YAXPAUFM_OPN@@HH@Z 004576b0 f    CIL library: CIL module
 0001:00056980       ?OPNSetPres@@YAXPAUFM_OPN@@HHH@Z 00457980 f    CIL library: CIL module
 0001:00057590       ?OPNWriteMode@@YAXPAUFM_OPN@@HH@Z 00458590 f    CIL library: CIL module
 0001:000576e0       ?FMsave_state_st@@YAXPBDHPAUFM_ST@@@Z 004586e0 f    CIL library: CIL module
 0001:000579e0       ?FMsave_state_channel@@YAXPBDHPAUFM_CH@@H@Z 004589e0 f    CIL library: CIL module
 0001:00058220       ?getrom@@YAPBDW4ROM_MODE@@@Z 00459220 f    CIL library: CIL module
 0001:000585a0       ?qsave@@YAXPBD@Z           004595a0 f    CIL library: CIL module
 0001:000590c0       ?qload@@YAXPBD@Z           0045a0c0 f    CIL library: CIL module
 0001:000599e0       ?recognize_text@@YAXPBEQAPAE@Z 0045a9e0 f    CIL library: CIL module
 0001:0005d800       ?line_atm0_32d@@YAXPAE0PAIH@Z 0045e800 f    CIL library: CIL module
 0001:0005d8b0       ?line_atm0_32@@YAXPAE0PAIH@Z 0045e8b0 f    CIL library: CIL module
 0001:0005d940       ?line_atm0_16d@@YAXPAE0PAIH@Z 0045e940 f    CIL library: CIL module
 0001:0005d9d0       ?line_atm0_16@@YAXPAE0PAIH@Z 0045e9d0 f    CIL library: CIL module
 0001:0005da70       ?line_atm0_8d@@YAXPAE0PAIH@Z 0045ea70 f    CIL library: CIL module
 0001:0005dad0       ?line_atm0_8@@YAXPAE0PAIH@Z 0045ead0 f    CIL library: CIL module
 0001:0005f4f0       ?line_p4bpp_32d_nf@@YAXPAE00PAI@Z 004604f0 f    CIL library: CIL module
 0001:0005f6d0       ?line_p4bpp_32d@@YAXPAE0PAI@Z 004606d0 f    CIL library: CIL module
 0001:0005f7c0       ?line_p4bpp_32@@YAXPAE0PAI@Z 004607c0 f    CIL library: CIL module
 0001:0005f810       ?line_p4bpp_16d_nf@@YAXPAE00PAI@Z 00460810 f    CIL library: CIL module
 0001:0005f9c0       ?line_p4bpp_16d@@YAXPAE0PAI@Z 004609c0 f    CIL library: CIL module
 0001:0005fa90       ?line_p4bpp_16@@YAXPAE0PAI@Z 00460a90 f    CIL library: CIL module
 0001:0005fae0       ?line_p4bpp_8d_nf@@YAXPAE00PAI@Z 00460ae0 f    CIL library: CIL module
 0001:0005fc20       ?line_p4bpp_8d@@YAXPAE0PAI@Z 00460c20 f    CIL library: CIL module
 0001:0005fcb0       ?line_p4bpp_8@@YAXPAE0PAI@Z 00460cb0 f    CIL library: CIL module
 0001:0005fcf0       ?r_p4bpp_32d@@YAXPAEI@Z    00460cf0 f    CIL library: CIL module
 0001:0005fdb0       ?r_p4bpp_32d1@@YAXPAEI@Z   00460db0 f    CIL library: CIL module
 0001:0005fe50       ?r_p4bpp_32@@YAXPAEI@Z     00460e50 f    CIL library: CIL module
 0001:0005fea0       ?r_p4bpp_16d@@YAXPAEI@Z    00460ea0 f    CIL library: CIL module
 0001:0005ff60       ?r_p4bpp_16d1@@YAXPAEI@Z   00460f60 f    CIL library: CIL module
 0001:00060000       ?r_p4bpp_16@@YAXPAEI@Z     00461000 f    CIL library: CIL module
 0001:00060050       ?r_p4bpp_8d@@YAXPAEI@Z     00461050 f    CIL library: CIL module
 0001:00060110       ?r_p4bpp_8d1@@YAXPAEI@Z    00461110 f    CIL library: CIL module
 0001:000601b0       ?r_p4bpp_8@@YAXPAEI@Z      004611b0 f    CIL library: CIL module
 0001:000679b0       ?_bil_line2@@YIXPAE0@Z     004689b0 f    CIL library: CIL module
 0001:00067a20       ?_bil_line1@@YIXPAE0@Z     00468a20 f    CIL library: CIL module
 0001:0006b290       ?DoneD3d@@YAX_N@Z          0046c290 f    CIL library: CIL module
 0001:0006b6d0       ?FlipGdi@@YAXXZ            0046c6d0 f    CIL library: CIL module
 0001:0006ba20       ?CalcWindowSize@@YAXXZ     0046ca20 f    CIL library: CIL module
 0001:0006bbd0       ?StartD3d@@YAXPAUHWND__@@@Z 0046cbd0 f    CIL library: CIL module
 0001:0006c140       ?SetVideoModeD3d@@YAXXZ    0046d140 f    CIL library: CIL module
 0001:0006c750       ?FlipVideoMem@@YAXXZ       0046d750 f    CIL library: CIL module
 0001:0006c8d0       ?FlipD3d@@YAXXZ            0046d8d0 f    CIL library: CIL module
 0001:0006ca80       ?FlipBlt@@YAXXZ            0046da80 f    CIL library: CIL module
 0001:000738a0       ?rw_err@@YAXPBD@Z          004748a0 f    CIL library: CIL module
 0001:00076660       ?wtline@@YAXPBDII@Z        00477660 f    CIL library: CIL module
 0001:0007a290       ?get_dos_flag@@YA_NXZ      0047b290 f    CIL library: CIL module
 0001:0007a2a0       ?SaveBpx@@YAXXZ            0047b2a0 f    CIL library: CIL module
 0001:0007a3f0       ?LoadBpx@@YAXXZ            0047b3f0 f    CIL library: CIL module
 0001:00081ab0       ?rend_atm_frame@@YAXPAEI@Z 00482ab0 f    CIL library: CIL module
 0001:00081b20       ?rend_atm_frame_small@@YAXPAEI@Z 00482b20 f    CIL library: CIL module
 0001:00085457       __shift                    00486457 f   LIBCMT:cvt.obj
 0001:0008549c       __cftoe2_l                 0048649c f   LIBCMT:cvt.obj
 0001:00085a8e       __cftof2_l                 00486a8e f   LIBCMT:cvt.obj
 0001:00089f17       __get_fname                0048af17 f   LIBCMT:_fpexcept_.obj
 0001:0008cea3       __abstract_cw              0048dea3 f   LIBCMT:_ieee87_.obj
 0001:0008cf42       __hw_cw                    0048df42 f   LIBCMT:_ieee87_.obj
 0001:0008cfd0       __abstract_sw              0048dfd0 f   LIBCMT:_ieee87_.obj
 0001:0008d013       ___abstract_cw_sse2        0048e013 f   LIBCMT:_ieee87_.obj
 0001:0008d0b3       ___hw_cw_sse2              0048e0b3 f   LIBCMT:_ieee87_.obj
 0001:0008d153       ___abstract_sw_sse2        0048e153 f   LIBCMT:_ieee87_.obj
 0001:0008d196       ___fpreset_sse2            0048e196 f   LIBCMT:_ieee87_.obj
 0001:0008d26c       ___statusfp_sse2           0048e26c f   LIBCMT:_ieee87_.obj
 0001:0008d2a7       ___clearfp_sse2            0048e2a7 f   LIBCMT:_ieee87_.obj
 0001:0008d2f7       ___control87_sse2          0048e2f7 f   LIBCMT:_ieee87_.obj
 0001:0008e260       ??__ECheatDlg@@YAXXZ       0048f260 f    CIL library: CIL module
 0001:0008e270       ??__Emon_labels@@YAXXZ     0048f270 f    CIL library: CIL module
 0001:0008e280       ??__Ersm@@YAXXZ            0048f280 f    CIL library: CIL module
 0001:0008e290       ??__Ecpu@@YAXXZ            0048f290 f    CIL library: CIL module
 0001:0008e2a0       ??__Esound@z80gs@@YAXXZ    0048f2a0 f    CIL library: CIL module
 0001:0008e2b0       ??__Egscpu@@YAXXZ          0048f2b0 f    CIL library: CIL module
 0001:0008e2c0       ??__Ecomp@@YAXXZ           0048f2c0 f    CIL library: CIL module
 0001:0008e2f0       ??__Ehdd@@YAXXZ            0048f2f0 f    CIL library: CIL module
 0001:0008e310       ??__Esound@@YAXXZ          0048f310 f    CIL library: CIL module
 0001:0008e320       ??__Eay@@YAXXZ             0048f320 f    CIL library: CIL module
 0001:0008e350       ??__EVs1001@@YAXXZ         0048f350 f    CIL library: CIL module
 0001:0008e410       ??__ESaa1099@@YAXXZ        0048f410 f    CIL library: CIL module
 0001:0008e420       ??__FCheatDlg@@YAXXZ       0048f420 f    CIL library: CIL module
 0001:0008e440       ??__Fmon_labels@@YAXXZ     0048f440 f    CIL library: CIL module
 0001:0008e480       ??__Frsm@@YAXXZ            0048f480 f    CIL library: CIL module
 0001:0008e490       ??__Fcpu@@YAXXZ            0048f490 f    CIL library: CIL module
 0001:0008e4a0       ??__Fgscpu@@YAXXZ          0048f4a0 f    CIL library: CIL module
 0001:0008e4b0       ??__Fcomp@@YAXXZ           0048f4b0 f    CIL library: CIL module
 0001:0008e4e0       ??__Fhdd@@YAXXZ            0048f4e0 f    CIL library: CIL module
 0001:0008e4f0       ??__FVs1001@@YAXXZ         0048f4f0 f    CIL library: CIL module
