 emul

 Timestamp is 4f0bcd76 (Tue Jan 10 08:32:38 2012)

 Preferred load address is 00400000

 Start         Length     Name                   Class
 0001:00000000 0008e20cH .text                   CODE
 0001:0008e210 000001b5H .text$yc                CODE
 0001:0008e3d0 000000f5H .text$yd                CODE
 0002:00000000 00000400H .idata$5                DATA
 0002:00000400 00000004H .CRT$XCA                DATA
 0002:00000404 00000030H .CRT$XCU                DATA
 0002:00000434 00000004H .CRT$XCZ                DATA
 0002:00000438 00000004H .CRT$XIA                DATA
 0002:0000043c 00000014H .CRT$XIC                DATA
 0002:00000450 00000004H .CRT$XIY                DATA
 0002:00000454 00000004H .CRT$XIZ                DATA
 0002:00000458 00000004H .CRT$XPA                DATA
 0002:0000045c 00000004H .CRT$XPX                DATA
 0002:00000460 00000004H .CRT$XPXA               DATA
 0002:00000464 00000004H .CRT$XPZ                DATA
 0002:00000468 00000004H .CRT$XTA                DATA
 0002:0000046c 00000004H .CRT$XTZ                DATA
 0002:00000470 00040127H .rdata                  DATA
 0002:00040598 0000003aH .rdata$debug            DATA
 0002:000405d4 00000004H .rtc$IAA                DATA
 0002:000405d8 00000004H .rtc$IZZ                DATA
 0002:000405dc 00000004H .rtc$TAA                DATA
 0002:000405e0 00000004H .rtc$TZZ                DATA
 0002:000405e8 00000a64H .xdata$x                DATA
 0002:0004104c 000000dcH .idata$2                DATA
 0002:00041128 00000014H .idata$3                DATA
 0002:0004113c 00000400H .idata$4                DATA
 0002:0004153c 00001204H .idata$6                DATA
 0002:00042740 00000000H .edata                  DATA
 0003:00000000 0002e8b4H .data                   DATA
 0003:0002f000 00f8c184H .bss                    DATA
 0004:00000000 000008e0H .rsrc$01                DATA
 0004:000008e0 000068e0H .rsrc$02                DATA

  Address         Publics by Value              Rva+Base       Lib:Object

 0000:00000000       ___safe_se_handler_count   00000000     <absolute>
 0000:00000000       ___safe_se_handler_table   00000000     <absolute>
 0000:00000000       __except_list              00000000     <absolute>
 0000:00000000       ___ImageBase               00400000     <linker-defined>
 0001:00000000       ??_H@YGXPAXIHP6EPAX0@Z@Z   00401000 f i emul.obj
 0001:00000030       ??_I@YGXPAXIHP6EX0@Z@Z     00401030 f i emul.obj
 0001:00000070       ??0CHEATDLG@@QAE@XZ        00401070 f i cheat.obj
 0001:000000a0       ??1CHEATDLG@@QAE@XZ        004010a0 f i cheat.obj
 0001:000000c0       ?SetTpi@Z80@@QAEXK@Z       004010c0 f i config.obj
 0001:000000d0       ?Cpu@TCpuMgr@@SAAAUZ80@@K@Z 004010d0 f i config.obj
 0001:000000e0       ?GetCount@TCpuMgr@@SAIXZ   004010e0 f i config.obj
 0001:000000f0       ?Open@TZc@@QAEXPBD@Z       004010f0 f i config.obj
 0001:00000140       ?Close@TZc@@QAEXXZ         00401140 f i config.obj
 0001:00000160       ?strstr@@YAPADPADPBD@Z     00401160 f i config.obj
 0001:00000180       ?strchr@@YAPADPADH@Z       00401180 f i config.obj
 0001:00000190       ?strrchr@@YAPADPADH@Z      00401190 f i config.obj
 0001:000001a0       ?DirectRm@Z80@@QBEEI@Z     004011a0 f i dbgbpx.obj
 0001:000001b0       ?Cpu@TCpuMgr@@SAAAUZ80@@XZ 004011b0 f i dbgbpx.obj
 0001:000001c0       ?DirectWm@Z80@@QAEXIE@Z    004011c0 f i dbgcmd.obj
 0001:000001e0       ?editrm@@YAEI@Z            004011e0 f i dbgcmd.obj
 0001:00000200       ??0MON_LABELS@@QAE@XZ      00401200 f i dbglabls.obj
 0001:00000230       ??1MON_LABELS@@QAE@XZ      00401230 f i dbglabls.obj
 0001:00000270       ?clear_ram@MON_LABELS@@QAEXXZ 00401270 f i dbglabls.obj
 0001:00000280       ?am_r@@YAPAEI@Z            00401280 f i dbglabls.obj
 0001:000002a0       ?clear@TRKCACHE@@QAEXXZ    004012a0 f i dbgmem.obj
 0001:000002c0       ??0TRKCACHE@@QAE@XZ        004012c0 f i dbgmem.obj
 0001:000002e0       ?get_activereg@SNDCHIP@@QAEEXZ 004012e0 f i dbgoth.obj
 0001:000002f0       ?get_reg@SNDCHIP@@QAEEI@Z  004012f0 f i dbgoth.obj
 0001:00000300       ?PrevCpu@TCpuMgr@@SAAAUTZ80State@@XZ 00401300 f i dbgreg.obj
 0001:00000310       ?GetCurrentCpu@TCpuMgr@@SAIXZ 00401310 f i dbgtrace.obj
 0001:00000320       ?handle_int@@YAXPAUZ80@@E@Z 00401320 f i dbgtrace.obj
 0001:000003d0       ?GetIdx@Z80@@QBEKXZ        004013d0 f i debug.obj
 0001:000003e0       ?PrevCpu@TCpuMgr@@SAAAUTZ80State@@K@Z 004013e0 f i debug.obj
 0001:000003f0       ?SetCurrentCpu@TCpuMgr@@SAXK@Z 004013f0 f i debug.obj
 0001:00000400       ?raypointer@@YAPAEXZ       00401400 f i draw.obj
 0001:00000440       ?clear_until_ray@@YAXXZ    00401440 f i draw.obj
 0001:00000490       ?switch_video@@YAXXZ       00401490 f i dx.obj
 0001:000004c0       ?line_8_any@@YAXPAE0@Z     004014c0 f i dxr_advm.obj
 0001:000004e0       ?line_32_any@@YAXPAE0@Z    004014e0 f i dxr_advm.obj
 0001:00000510       ??0RSM_DATA@@QAE@XZ        00401510 f i dxr_rsm.obj
 0001:00000520       ??1RSM_DATA@@QAE@XZ        00401520 f i dxr_rsm.obj
 0001:00000530       ?advance_eg_channel@@YAXPAUFM_OPN@@PAUFM_SLOT@@@Z 00401530 f i emul_2203.obj
 0001:00000750       ?pretest_font@@YAHIII@Z    00401750 f i fntsrch.obj
 0001:000008d0       ?reset@Z80@@QAEXXZ         004018d0 f i gsz80.obj
 0001:00000900       ?SetFastMemIf@Z80@@QAEXXZ  00401900 f i gsz80.obj
 0001:00000910       ?SetDbgMemIf@Z80@@QAEXXZ   00401910 f i gsz80.obj
 0001:00000920       ?start_frame@SNDRENDER@@QAEXXZ 00401920 f i gsz80.obj
 0001:00000940       ?GetDreq@TRingBuffer@@QBE_NXZ 00401940 f i gsz80.obj
 0001:00000950       ?GetDreq@TVs1001@@QBE_NXZ  00401950 f i gsz80.obj
 0001:00000960       ?handle_int@z80gs@@YAXPAUZ80@@E@Z 00401960 f i gsz80.obj
 0001:00000a10       ?am_r@z80gs@@YAPAEK@Z      00401a10 f i gsz80.obj
 0001:00000a30       ?rm@z80fast@z80gs@@YAEI@Z  00401a30 f i gsz80.obj
 0001:00000a80       ?wm@z80fast@z80gs@@YAXIE@Z 00401a80 f i gsz80.obj
 0001:00000ab0       ?rm@z80dbg@z80gs@@YAEI@Z   00401ab0 f i gsz80.obj
 0001:00000b20       ?wm@z80dbg@z80gs@@YAXIE@Z  00401b20 f i gsz80.obj
 0001:00000b70       ?m1_cycle@z80gs@@YAEPAUZ80@@@Z 00401b70 f i gsz80.obj
 0001:00000b90       ?get_chipname@SNDCHIP@@SAPBDW4CHIP_TYPE@1@@Z 00401b90 f i gui.obj
 0001:00000ba0       ?loaded@ATA_PASSER@@QAE_NXZ 00401ba0 f i hdd.obj
 0001:00000bb0       ?flush@ATA_PASSER@@QAEHXZ  00401bb0 f i hdd.obj
 0001:00000bc0       ?loaded@ATAPI_PASSER@@QAE_NXZ 00401bc0 f i hdd.obj
 0001:00000be0       ?loaded@ATA_DEVICE@@QAE_NXZ 00401be0 f i hdd.obj
 0001:00000c10       ??0ATA_PASSER@@QAE@XZ      00401c10 f i hddio.obj
 0001:00000c20       ??1ATA_PASSER@@QAE@XZ      00401c20 f i hddio.obj
 0001:00000c30       ??0ATAPI_PASSER@@QAE@XZ    00401c30 f i hddio.obj
 0001:00000c40       ??1ATAPI_PASSER@@QAE@XZ    00401c40 f i hddio.obj
 0001:00000c70       ?init_tape@@YAXXZ          00401c70 f i init.obj
 0001:00000c80       ?done_tape@@YAXXZ          00401c80 f i init.obj
 0001:00000c90       ?press_zx@K_INPUT@@QAEXE@Z 00401c90 f i input.obj
 0001:00000cd0       ?sign_pm@@YAHH@Z           00401cd0 f i input.obj
 0001:00000ce0       ?in1@@YAEI@Z               00401ce0 f i io.obj
 0001:00001610       ?get_env@SNDCHIP@@QAEIXZ   00402610 f i leds.obj
 0001:00001620       ?update_perf_led@@YAXXZ    00402620 f i leds.obj
 0001:00001700       ??0TSdCard@@QAE@XZ         00402700 f i sdcard.obj
 0001:00001710       ?set_chip@SNDCHIP@@QAEXW4CHIP_TYPE@1@@Z 00402710 f i sound.obj
 0001:00001720       ?start_frame@SNDCHIP@@QAEXXZ 00402720 f i sound.obj
 0001:00001740       ?get_r13_reloaded@SNDCHIP@@QAEEXZ 00402740 f i sound.obj
 0001:00001750       ?start_frame@TSaa1099@@QAEXXZ 00402750 f i sound.obj
 0001:00001780       ??0Z80@@QAE@KP6AXHPAD@ZP6IXXZP6A_JXZP6AXXZPAEPBUTMemIf@@6@Z 00402780 f i vars.obj
 0001:00001840       ??1Z80@@UAE@XZ             00402840 f i vars.obj
 0001:00001850       ??_GZ80@@UAEPAXI@Z         00402850 f i vars.obj
 0001:00001850       ??_EZ80@@UAEPAXI@Z         00402850 f i  CIL library: CIL module
 0001:00001870       ??1FDD@@QAE@XZ             00402870 f i vars.obj
 0001:00001880       ??0WD1793@@QAE@XZ          00402880 f i vars.obj
 0001:00001910       ??0FDD@@QAE@XZ             00402910 f i vars.obj
 0001:00001930       ??0ATA_PORT@@QAE@XZ        00402930 f i vars.obj
 0001:00001970       ??0ATA_DEVICE@@QAE@XZ      00402970 f i vars.obj
 0001:00001990       ??1ATA_DEVICE@@QAE@XZ      00402990 f i vars.obj
 0001:000019e0       ??0K_INPUT@@QAE@XZ         004029e0 f i vars.obj
 0001:00001a20       ??0TMainZ80@@QAE@KP6AXHPAD@ZP6IXXZP6A_JXZP6AXXZPAEPBUTMemIf@@6@Z 00402a20 f i vars.obj
 0001:00001a60       ??_ETMainZ80@@UAEPAXI@Z    00402a60 f i  CIL library: CIL module
 0001:00001a60       ??_GTMainZ80@@UAEPAXI@Z    00402a60 f i vars.obj
 0001:00001a80       ??1TMainZ80@@UAE@XZ        00402a80 f i vars.obj
 0001:00001a90       ??0TGsZ80@@QAE@KP6AXHPAD@ZP6IXXZP6A_JXZP6AXXZPAEPBUTMemIf@@6@Z 00402a90 f i vars.obj
 0001:00001ad0       ??_ETGsZ80@@UAEPAXI@Z      00402ad0 f i  CIL library: CIL module
 0001:00001ad0       ??_GTGsZ80@@UAEPAXI@Z      00402ad0 f i vars.obj
 0001:00001af0       ??1TGsZ80@@UAE@XZ          00402af0 f i vars.obj
 0001:00001b00       ??0SNDCOUNTER@@QAE@XZ      00402b00 f i vars.obj
 0001:00001b10       ?m1_cycle@@YAEPAUZ80@@@Z   00402b10 f i vars.obj
 0001:00001b30       ??0COMPUTER@@QAE@XZ        00402b30 f i vars.obj
 0001:00001b50       ??1COMPUTER@@QAE@XZ        00402b50 f i vars.obj
 0001:00001b80       ??1WD1793@@QAE@XZ          00402b80 f i vars.obj
 0001:00001bb0       ??1ATA_PORT@@QAE@XZ        00402bb0 f i vars.obj
 0001:00001c20       ??0TCriticalSection@@QAE@XZ 00402c20 f i vs1001.obj
 0001:00001c30       ??1TCriticalSection@@QAE@XZ 00402c30 f i vs1001.obj
 0001:00001c40       ?Lock@TCriticalSection@@QAEXXZ 00402c40 f i vs1001.obj
 0001:00001c50       ?Unlock@TCriticalSection@@QAEXXZ 00402c50 f i vs1001.obj
 0001:00001c60       ??0TEvent@@QAE@H@Z         00402c60 f i vs1001.obj
 0001:00001c80       ??1TEvent@@QAE@XZ          00402c80 f i vs1001.obj
 0001:00001c90       ?Set@TEvent@@QAEXXZ        00402c90 f i vs1001.obj
 0001:00001ca0       ?Reset@TEvent@@QAEXXZ      00402ca0 f i vs1001.obj
 0001:00001cb0       ?Wait@TEvent@@QAE_NK@Z     00402cb0 f i vs1001.obj
 0001:00001cd0       ??0TRingBuffer@@QAE@XZ     00402cd0 f i vs1001.obj
 0001:00001d30       ?Cancel@TRingBuffer@@QAEXXZ 00402d30 f i vs1001.obj
 0001:00001d50       ?Thread@TVs1001@@CGIPAX@Z  00402d50 f i vs1001.obj
 0001:00001d80       ?StreamClose@TVs1001@@CGXPAX@Z 00402d80 f i vs1001.obj
 0001:00001da0       ?StreamLen@TVs1001@@CG_KPAX@Z 00402da0 f i vs1001.obj
 0001:00001db0       ?StreamRead@TVs1001@@CGKPAXK0@Z 00402db0 f i vs1001.obj
 0001:00001dd0       ?StreamSeek@TVs1001@@CGH_KPAX@Z 00402dd0 f i vs1001.obj
 0001:00001de0       ??1TRingBuffer@@QAE@XZ     00402de0 f i vs1001.obj
 0001:00001e00       ??1TVs1001@@QAE@XZ         00402e00 f i vs1001.obj
 0001:00001e30       _powf                      00402e30 f i vs1001.obj
 0001:00001e50       ?set_i@TRKCACHE@@QAEXI@Z   00402e50 f i wd93cmd.obj
 0001:00001e70       ?clr_i@TRKCACHE@@QAEXI@Z   00402e70 f i wd93cmd.obj
 0001:00001e90       ?write@TRKCACHE@@QAEXIED@Z 00402e90 f i wd93cmd.obj
 0001:00001ec0       ?test_i@TRKCACHE@@QAEEI@Z  00402ec0 f i wd93trk.obj
 0001:00001ee0       ?m1_cycle@z80fast@@YAEPAUZ80@@@Z 00402ee0 f i z80.obj
 0001:00001f30       ?m1_cycle@z80dbg@@YAEPAUZ80@@@Z 00402f30 f i z80.obj
 0001:00001f80       ??0TZc@@QAE@XZ             00402f80 f i zc.obj
 0001:00001fa0       ?and8@@YAXPAUZ80@@E@Z      00402fa0 f i z80:op_noprefix.obj
 0001:00001fc0       ?or8@@YAXPAUZ80@@E@Z       00402fc0 f i z80:op_noprefix.obj
 0001:00001fe0       ?xor8@@YAXPAUZ80@@E@Z      00402fe0 f i z80:op_noprefix.obj
 0001:00002000       ?inc8@@YAXPAUZ80@@AAE@Z    00403000 f i z80:op_noprefix.obj
 0001:00002020       ?dec8@@YAXPAUZ80@@AAE@Z    00403020 f i z80:op_noprefix.obj
 0001:00002040       ?add8@@YAXPAUZ80@@E@Z      00403040 f i z80:op_noprefix.obj
 0001:00002070       ?sub8@@YAXPAUZ80@@E@Z      00403070 f i z80:op_noprefix.obj
 0001:000020a0       ?adc8@@YAXPAUZ80@@E@Z      004030a0 f i z80:op_noprefix.obj
 0001:000020d0       ?sbc8@@YAXPAUZ80@@E@Z      004030d0 f i z80:op_noprefix.obj
 0001:00002100       ?cp8@@YAXPAUZ80@@E@Z       00403100 f i z80:op_noprefix.obj
 0001:00002120       ?bitmem@@YAXPAUZ80@@EE@Z   00403120 f i z80:op_ddcb.obj
 0001:00002160       ?resbyte@@YAEEE@Z          00403160 f i z80:op_ddcb.obj
 0001:00002180       ?setbyte@@YAEEE@Z          00403180 f i z80:op_ddcb.obj
 0001:00002190       ?ddfd@@YIXPAUZ80@@E@Z      00403190 f i z80:op_ddcb.obj
 0001:00002280       ?set@@YAXAAEE@Z            00403280 f i z80:op_cb.obj
 0001:00002290       ?res@@YAXAAEE@Z            00403290 f i z80:op_cb.obj
 0001:000022a0       ?bit@@YAXPAUZ80@@EE@Z      004032a0 f i z80:op_cb.obj
 0001:000022ca       _DirectInputCreateA@16     004032ca f   dinput:DINPUT.dll
 0001:000022d0       _DirectDrawCreate@12       004032d0 f   ddraw:DDRAW.dll
 0001:000022d6       _DirectSoundCreate@12      004032d6 f   dsound:DSOUND.dll
 0001:000022dc       _MessageBoxA@16            004032dc f   user32:USER32.dll
 0001:000022e2       _GetDlgItemTextA@16        004032e2 f   user32:USER32.dll
 0001:000022e8       _EnableWindow@8            004032e8 f   user32:USER32.dll
 0001:000022ee       _GetDlgItem@8              004032ee f   user32:USER32.dll
 0001:000022f4       _ShowWindow@8              004032f4 f   user32:USER32.dll
 0001:000022fa       _SendMessageA@16           004032fa f   user32:USER32.dll
 0001:00002300       _SetWindowTextA@8          00403300 f   user32:USER32.dll
 0001:00002306       _SendDlgItemMessageA@20    00403306 f   user32:USER32.dll
 0001:0000230c       _EndDialog@8               0040330c f   user32:USER32.dll
 0001:00002312       _DialogBoxParamA@20        00403312 f   user32:USER32.dll
 0001:00002318       _GetFocus@0                00403318 f   user32:USER32.dll
 0001:0000231e       _IsDlgButtonChecked@8      0040331e f   user32:USER32.dll
 0001:00002324       _CheckDlgButton@12         00403324 f   user32:USER32.dll
 0001:0000232a       _SetDlgItemTextA@12        0040332a f   user32:USER32.dll
 0001:00002330       _SetFocus@4                00403330 f   user32:USER32.dll
 0001:00002336       _GetForegroundWindow@0     00403336 f   user32:USER32.dll
 0001:0000233c       _GetKeyboardState@4        0040333c f   user32:USER32.dll
 0001:00002342       _ToAscii@20                00403342 f   user32:USER32.dll
 0001:00002348       _CharToOemBuffA@12         00403348 f   user32:USER32.dll
 0001:0000234e       _PostThreadMessageA@16     0040334e f   user32:USER32.dll
 0001:00002354       _CreatePopupMenu@0         00403354 f   user32:USER32.dll
 0001:0000235a       _AppendMenuA@16            0040335a f   user32:USER32.dll
 0001:00002360       _TrackPopupMenu@28         00403360 f   user32:USER32.dll
 0001:00002366       _DestroyMenu@4             00403366 f   user32:USER32.dll
 0001:0000236c       _IsRectEmpty@4             0040336c f   user32:USER32.dll
 0001:00002372       _ShowCursor@4              00403372 f   user32:USER32.dll
 0001:00002378       _GetClientRect@8           00403378 f   user32:USER32.dll
 0001:0000237e       _ClientToScreen@8          0040337e f   user32:USER32.dll
 0001:00002384       _ClipCursor@4              00403384 f   user32:USER32.dll
 0001:0000238a       _SetCursor@4               0040338a f   user32:USER32.dll
 0001:00002390       _FillRect@12               00403390 f   user32:USER32.dll
 0001:00002396       _DefWindowProcA@16         00403396 f   user32:USER32.dll
 0001:0000239c       _GetWindowLongA@8          0040339c f   user32:USER32.dll
 0001:000023a2       _GetWindowRect@8           004033a2 f   user32:USER32.dll
 0001:000023a8       _SetWindowLongA@12         004033a8 f   user32:USER32.dll
 0001:000023ae       _AdjustWindowRect@12       004033ae f   user32:USER32.dll
 0001:000023b4       _MoveWindow@24             004033b4 f   user32:USER32.dll
 0001:000023ba       _CharToOemA@8              004033ba f   user32:USER32.dll
 0001:000023c0       _LoadIconA@8               004033c0 f   user32:USER32.dll
 0001:000023c6       _LoadCursorA@8             004033c6 f   user32:USER32.dll
 0001:000023cc       _RegisterClassA@4          004033cc f   user32:USER32.dll
 0001:000023d2       _SystemParametersInfoA@16  004033d2 f   user32:USER32.dll
 0001:000023d8       _CreateWindowExA@48        004033d8 f   user32:USER32.dll
 0001:000023de       _GetDC@4                   004033de f   user32:USER32.dll
 0001:000023e4       _GetSystemMenu@8           004033e4 f   user32:USER32.dll
 0001:000023ea       _ReleaseDC@8               004033ea f   user32:USER32.dll
 0001:000023f0       _DestroyWindow@4           004033f0 f   user32:USER32.dll
 0001:000023f6       _GetSystemMetrics@4        004033f6 f   user32:USER32.dll
 0001:000023fc       _SetWindowPos@28           004033fc f   user32:USER32.dll
 0001:00002402       _BeginPaint@8              00403402 f   user32:USER32.dll
 0001:00002408       _EndPaint@8                00403408 f   user32:USER32.dll
 0001:0000240e       _GetWindowTextA@12         0040340e f   user32:USER32.dll
 0001:00002414       _OpenClipboard@4           00403414 f   user32:USER32.dll
 0001:0000241a       _GetClipboardData@4        0040341a f   user32:USER32.dll
 0001:00002420       _CloseClipboard@0          00403420 f   user32:USER32.dll
 0001:00002426       _GetParent@4               00403426 f   user32:USER32.dll
 0001:0000242c       _PeekMessageA@20           0040342c f   user32:USER32.dll
 0001:00002432       _MapWindowPoints@16        00403432 f   user32:USER32.dll
 0001:00002438       _PtInRect@12               00403438 f   user32:USER32.dll
 0001:0000243e       _DispatchMessageA@4        0040343e f   user32:USER32.dll
 0001:00002444       _SetDIBitsToDevice@48      00403444 f   gdi32:GDI32.dll
 0001:0000244a       _DeleteObject@4            0040344a f   gdi32:GDI32.dll
 0001:00002450       _CreateCompatibleBitmap@12 00403450 f   gdi32:GDI32.dll
 0001:00002456       _CreateCompatibleDC@4      00403456 f   gdi32:GDI32.dll
 0001:0000245c       _SelectObject@8            0040345c f   gdi32:GDI32.dll
 0001:00002462       _BitBlt@36                 00403462 f   gdi32:GDI32.dll
 0001:00002468       _DeleteDC@4                00403468 f   gdi32:GDI32.dll
 0001:0000246e       _CreateSolidBrush@4        0040346e f   gdi32:GDI32.dll
 0001:00002474       _GetSystemPaletteEntries@16 00403474 f   gdi32:GDI32.dll
 0001:0000247a       _CreatePalette@4           0040347a f   gdi32:GDI32.dll
 0001:00002480       _SelectPalette@12          00403480 f   gdi32:GDI32.dll
 0001:00002486       _RealizePalette@4          00403486 f   gdi32:GDI32.dll
 0001:0000248c       _GetStockObject@4          0040348c f   gdi32:GDI32.dll
 0001:00002492       _DragQueryFileA@16         00403492 f   shell32:SHELL32.dll
 0001:00002498       _DragFinish@4              00403498 f   shell32:SHELL32.dll
 0001:0000249e       _DragAcceptFiles@8         0040349e f   shell32:SHELL32.dll
 0001:000024a4       _waveOutUnprepareHeader@12 004034a4 f   winmm:WINMM.dll
 0001:000024aa       _waveOutPrepareHeader@12   004034aa f   winmm:WINMM.dll
 0001:000024b0       _waveOutWrite@12           004034b0 f   winmm:WINMM.dll
 0001:000024b6       _waveOutOpen@24            004034b6 f   winmm:WINMM.dll
 0001:000024bc       _waveOutReset@4            004034bc f   winmm:WINMM.dll
 0001:000024c2       _waveOutClose@4            004034c2 f   winmm:WINMM.dll
 0001:000024c8       _timeBeginPeriod@4         004034c8 f   winmm:WINMM.dll
 0001:000024ce       _timeEndPeriod@4           004034ce f   winmm:WINMM.dll
 0001:000024d4       _GetSaveFileNameA@4        004034d4 f   comdlg32:COMDLG32.dll
 0001:000024da       _GetOpenFileNameA@4        004034da f   comdlg32:COMDLG32.dll
 0001:000024e0       _CommDlgExtendedError@0    004034e0 f   comdlg32:COMDLG32.dll
 0001:000024e6       _InitCommonControls@0      004034e6 f   comctl32:COMCTL32.dll
 0001:000024ec       _PropertySheetA@4          004034ec f   comctl32:COMCTL32.dll
 0001:000024f2       _DXGetErrorString8A@4      004034f2 f   dxerr8:dxerr8.obj
 0001:00004e80       _DXGetErrorString8W@4      00405e80 f   dxerr8:dxerr8.obj
 0001:0000780e       _DXGetErrorDescription8A@4 0040880e f   dxerr8:dxerr8.obj
 0001:0000a101       _DXGetErrorDescription8W@4 0040b101 f   dxerr8:dxerr8.obj
 0001:0000c9f4       _DXTraceW@20               0040d9f4 f   dxerr8:dxerr8.obj
 0001:0000cb4c       _DXTraceA@20               0040db4c f   dxerr8:dxerr8.obj
 0001:0000ccae       _SetupDiGetClassDevsA@16   0040dcae f   setupapi:SETUPAPI.dll
 0001:0000ccb4       _SetupDiEnumDeviceInterfaces@20 0040dcb4 f   setupapi:SETUPAPI.dll
 0001:0000ccba       _SetupDiDestroyDeviceInfoList@4 0040dcba f   setupapi:SETUPAPI.dll
 0001:0000ccc0       @__security_check_cookie@4 0040dcc0 f   LIBCMT:secchk.obj
 0001:0000cccf       _printf                    0040dccf f   LIBCMT:printf.obj
 0001:0000cd7e       __printf_l                 0040dd7e f   LIBCMT:printf.obj
 0001:0000cd97       __printf_s_l               0040dd97 f   LIBCMT:printf.obj
 0001:0000cdb0       _printf_s                  0040ddb0 f   LIBCMT:printf.obj
 0001:0000cdc8       __printf_p_l               0040ddc8 f   LIBCMT:printf.obj
 0001:0000cde1       __printf_p                 0040dde1 f   LIBCMT:printf.obj
 0001:0000cdf9       __set_printf_count_output  0040ddf9 f   LIBCMT:printf.obj
 0001:0000ce23       __get_printf_count_output  0040de23 f   LIBCMT:printf.obj
 0001:0000ce39       __invoke_watson_if_error   0040de39 f i LIBCMT:wassert.obj
 0001:0000ce7b       __wassert                  0040de7b f   LIBCMT:wassert.obj
 0001:0000d687       ___onexitinit              0040e687 f   LIBCMT:onexit.obj
 0001:0000d6b8       __onexit                   0040e6b8 f   LIBCMT:onexit.obj
 0001:0000d6f4       _atexit                    0040e6f4 f   LIBCMT:onexit.obj
 0001:0000d70b       _free                      0040e70b f   LIBCMT:free.obj
 0001:0000d799       _realloc                   0040e799 f   LIBCMT:realloc.obj
 0001:0000da1e       _sscanf                    0040ea1e f   LIBCMT:sscanf.obj
 0001:0000da40       __sscanf_l                 0040ea40 f   LIBCMT:sscanf.obj
 0001:0000da63       _sscanf_s                  0040ea63 f   LIBCMT:sscanf.obj
 0001:0000da85       __sscanf_s_l               0040ea85 f   LIBCMT:sscanf.obj
 0001:0000daa8       _sprintf                   0040eaa8 f   LIBCMT:sprintf.obj
 0001:0000db25       __sprintf_l                0040eb25 f   LIBCMT:sprintf.obj
 0001:0000db41       _sprintf_s                 0040eb41 f   LIBCMT:sprintf.obj
 0001:0000db5f       __sprintf_s_l              0040eb5f f   LIBCMT:sprintf.obj
 0001:0000db7e       __snprintf_s               0040eb7e f   LIBCMT:sprintf.obj
 0001:0000db9f       __snprintf_s_l             0040eb9f f   LIBCMT:sprintf.obj
 0001:0000dbc1       __sprintf_p                0040ebc1 f   LIBCMT:sprintf.obj
 0001:0000dbdf       __sprintf_p_l              0040ebdf f   LIBCMT:sprintf.obj
 0001:0000dbfe       __scprintf                 0040ebfe f   LIBCMT:sprintf.obj
 0001:0000dc13       __scprintf_p               0040ec13 f   LIBCMT:sprintf.obj
 0001:0000dc28       __scprintf_l               0040ec28 f   LIBCMT:sprintf.obj
 0001:0000dc41       __scprintf_p_l             0040ec41 f   LIBCMT:sprintf.obj
 0001:0000dc60       _strrchr                   0040ec60 f   LIBCMT:strrchr.obj
 0001:0000dc8d       _atol                      0040ec8d f   LIBCMT:atox.obj
 0001:0000dca3       __atol_l                   0040eca3 f   LIBCMT:atox.obj
 0001:0000dcbc       _atoi                      0040ecbc f   LIBCMT:atox.obj
 0001:0000dcc7       __atoi_l                   0040ecc7 f   LIBCMT:atox.obj
 0001:0000dcd2       __atoi64                   0040ecd2 f   LIBCMT:atox.obj
 0001:0000dce8       __atoi64_l                 0040ece8 f   LIBCMT:atox.obj
 0001:0000dd01       __fsopen                   0040ed01 f   LIBCMT:fopen.obj
 0001:0000ddc5       _fopen                     0040edc5 f   LIBCMT:fopen.obj
 0001:0000dddc       _fopen_s                   0040eddc f   LIBCMT:fopen.obj
 0001:0000de2f       __fseek_nolock             0040ee2f f   LIBCMT:fseek.obj
 0001:0000deb9       _fseek                     0040eeb9 f   LIBCMT:fseek.obj
 0001:0000df3e       __fclose_nolock            0040ef3e f   LIBCMT:fclose.obj
 0001:0000dfb5       _fclose                    0040efb5 f   LIBCMT:fclose.obj
 0001:0000e031       __fread_nolock_s           0040f031 f   LIBCMT:fread.obj
 0001:0000e23b       __fread_nolock             0040f23b f   LIBCMT:fread.obj
 0001:0000e258       _fread_s                   0040f258 f   LIBCMT:fread.obj
 0001:0000e2ee       _fread                     0040f2ee f   LIBCMT:fread.obj
 0001:0000e30b       __fwrite_nolock            0040f30b f   LIBCMT:fwrite.obj
 0001:0000e46d       _fwrite                    0040f46d f   LIBCMT:fwrite.obj
 0001:0000e500       _strchr                    0040f500 f   LIBCMT:strchr.obj
 0001:0000e506       ___from_strstr_to_strchr   0040f506     LIBCMT:strchr.obj
 0001:0000e5c0       _strstr                    0040f5c0 f   LIBCMT:strstr.obj
 0001:0000e646       ??0_LocaleUpdate@@QAE@PAUlocaleinfo_struct@@@Z 0040f646 f i LIBCMT:_ctype.obj
 0001:0000e6cd       ??1_LocaleUpdate@@QAE@XZ   0040f6cd f i LIBCMT:_ctype.obj
 0001:0000e6db       ?GetLocaleT@_LocaleUpdate@@QAEPAUlocaleinfo_struct@@XZ 0040f6db f i LIBCMT:_ctype.obj
 0001:0000e6de       __isalpha_l                0040f6de f i LIBCMT:_ctype.obj
 0001:0000e734       _isalpha                   0040f734 f i LIBCMT:_ctype.obj
 0001:0000e764       __isupper_l                0040f764 f i LIBCMT:_ctype.obj
 0001:0000e7b5       _isupper                   0040f7b5 f i LIBCMT:_ctype.obj
 0001:0000e7e3       __islower_l                0040f7e3 f i LIBCMT:_ctype.obj
 0001:0000e834       _islower                   0040f834 f i LIBCMT:_ctype.obj
 0001:0000e862       __isdigit_l                0040f862 f i LIBCMT:_ctype.obj
 0001:0000e8b3       _isdigit                   0040f8b3 f i LIBCMT:_ctype.obj
 0001:0000e8e1       __isxdigit_l               0040f8e1 f i LIBCMT:_ctype.obj
 0001:0000e937       _isxdigit                  0040f937 f i LIBCMT:_ctype.obj
 0001:0000e967       __isspace_l                0040f967 f i LIBCMT:_ctype.obj
 0001:0000e9b8       _isspace                   0040f9b8 f i LIBCMT:_ctype.obj
 0001:0000e9e6       __ispunct_l                0040f9e6 f i LIBCMT:_ctype.obj
 0001:0000ea37       _ispunct                   0040fa37 f i LIBCMT:_ctype.obj
 0001:0000ea65       __isalnum_l                0040fa65 f i LIBCMT:_ctype.obj
 0001:0000eabb       _isalnum                   0040fabb f i LIBCMT:_ctype.obj
 0001:0000eaeb       __isprint_l                0040faeb f i LIBCMT:_ctype.obj
 0001:0000eb41       _isprint                   0040fb41 f i LIBCMT:_ctype.obj
 0001:0000eb71       __isgraph_l                0040fb71 f i LIBCMT:_ctype.obj
 0001:0000ebc7       _isgraph                   0040fbc7 f i LIBCMT:_ctype.obj
 0001:0000ebf7       __iscntrl_l                0040fbf7 f i LIBCMT:_ctype.obj
 0001:0000ec48       _iscntrl                   0040fc48 f i LIBCMT:_ctype.obj
 0001:0000ec76       ___isascii                 0040fc76 f i LIBCMT:_ctype.obj
 0001:0000ec88       ___toascii                 0040fc88 f i LIBCMT:_ctype.obj
 0001:0000ec95       __iscsymf_l                0040fc95 f i LIBCMT:_ctype.obj
 0001:0000ecb8       ___iscsymf                 0040fcb8 f i LIBCMT:_ctype.obj
 0001:0000ecd7       __iscsym_l                 0040fcd7 f i LIBCMT:_ctype.obj
 0001:0000ecfa       ___iscsym                  0040fcfa f i LIBCMT:_ctype.obj
 0001:0000ed1b       _strtok                    0040fd1b f   LIBCMT:strtok.obj
 0001:0000eddc       __filelengthi64            0040fddc f   LIBCMT:fleni64.obj
 0001:0000eef2       __toupper                  0040fef2 f   LIBCMT:toupper.obj
 0001:0000eeff       __toupper_l                0040feff f   LIBCMT:toupper.obj
 0001:0000f015       _toupper                   00410015 f   LIBCMT:toupper.obj
 0001:0000f041       _feof                      00410041 f   LIBCMT:feoferr.obj
 0001:0000f075       _ferror                    00410075 f   LIBCMT:feoferr.obj
 0001:0000f0a9       _fgets                     004100a9 f   LIBCMT:fgets.obj
 0001:0000f1f1       _fprintf                   004101f1 f   LIBCMT:fprintf.obj
 0001:0000f30d       __fprintf_l                0041030d f   LIBCMT:fprintf.obj
 0001:0000f329       __fprintf_s_l              00410329 f   LIBCMT:fprintf.obj
 0001:0000f345       _fprintf_s                 00410345 f   LIBCMT:fprintf.obj
 0001:0000f360       __fprintf_p_l              00410360 f   LIBCMT:fprintf.obj
 0001:0000f37c       __fprintf_p                0041037c f   LIBCMT:fprintf.obj
 0001:0000f460       _qsort                     00410460 f   LIBCMT:qsort.obj
 0001:0000f6ad       _puts                      004106ad f   LIBCMT:puts.obj
 0001:0000f80c       __snprintf                 0041080c f   LIBCMT:snprintf.obj
 0001:0000f8bb       __snprintf_l               004108bb f   LIBCMT:snprintf.obj
 0001:0000f8e0       _memmove                   004108e0 f   LIBCMT:memmove.obj
 0001:0000fc45       _V6_HeapAlloc              00410c45 f   LIBCMT:malloc.obj
 0001:0000fc94       __heap_alloc               00410c94 f i LIBCMT:malloc.obj
 0001:0000fd0e       _malloc                    00410d0e f   LIBCMT:malloc.obj
 0001:0000fdd8       __ftell_nolock             00410dd8 f   LIBCMT:ftell.obj
 0001:0000ff75       _ftell                     00410f75 f   LIBCMT:ftell.obj
 0001:0000fff0       _strncpy                   00410ff0 f   LIBCMT:strncpy.obj
 0001:00010114       _fgetc                     00411114 f   LIBCMT:fgetc.obj
 0001:00010218       _getc                      00411218 f   LIBCMT:fgetc.obj
 0001:0001031c       __getc_nolock              0041131c f   LIBCMT:fgetc.obj
 0001:0001033c       _fputc                     0041133c f   LIBCMT:fputc.obj
 0001:00010448       _putc                      00411448 f   LIBCMT:fputc.obj
 0001:00010554       __flush                    00411554 f   LIBCMT:fflush.obj
 0001:000105bc       __fflush_nolock            004115bc f   LIBCMT:fflush.obj
 0001:000106de       _fflush                    004116de f   LIBCMT:fflush.obj
 0001:00010731       __flushall                 00411731 f   LIBCMT:fflush.obj
 0001:0001073a       ___iob_func                0041173a f   LIBCMT:_file.obj
 0001:00010740       ___initstdio               00411740 f   LIBCMT:_file.obj
 0001:000107f1       ___endstdio                004117f1 f   LIBCMT:_file.obj
 0001:00010811       __lock_file                00411811 f   LIBCMT:_file.obj
 0001:00010852       __lock_file2               00411852 f   LIBCMT:_file.obj
 0001:00010884       __unlock_file              00411884 f   LIBCMT:_file.obj
 0001:000108c0       __unlock_file2             004118c0 f   LIBCMT:_file.obj
 0001:000108ef       __crt_waiting_on_module_handle 004118ef f   LIBCMT:crt0dat.obj
 0001:0001091f       __amsg_exit                0041191f f   LIBCMT:crt0dat.obj
 0001:00010948       ___crtCorExitProcess       00411948 f   LIBCMT:crt0dat.obj
 0001:00010973       ___crtExitProcess          00411973 f   LIBCMT:crt0dat.obj
 0001:0001098b       __lockexit                 0041198b f   LIBCMT:crt0dat.obj
 0001:00010994       __unlockexit               00411994 f   LIBCMT:crt0dat.obj
 0001:000109ba       __initterm_e               004119ba f   LIBCMT:crt0dat.obj
 0001:000109de       __get_wpgmptr              004119de f   LIBCMT:crt0dat.obj
 0001:00010a1a       __get_pgmptr               00411a1a f   LIBCMT:crt0dat.obj
 0001:00010a56       __cinit                    00411a56 f   LIBCMT:crt0dat.obj
 0001:00010c07       _exit                      00411c07 f   LIBCMT:crt0dat.obj
 0001:00010c1d       __exit                     00411c1d f   LIBCMT:crt0dat.obj
 0001:00010c33       __cexit                    00411c33 f   LIBCMT:crt0dat.obj
 0001:00010c42       __c_exit                   00411c42 f   LIBCMT:crt0dat.obj
 0001:00010c51       __init_pointers            00411c51 f   LIBCMT:crt0dat.obj
 0001:00010c9f       __tolower                  00411c9f f   LIBCMT:tolower.obj
 0001:00010cac       __tolower_l                00411cac f   LIBCMT:tolower.obj
 0001:00010dc1       _tolower                   00411dc1 f   LIBCMT:tolower.obj
 0001:00010ded       ??3@YAXPAX@Z               00411ded f   LIBCMT:delete.obj
 0001:00010df8       __purecall                 00411df8 f   LIBCMT:purevirt.obj
 0001:00010e22       __set_purecall_handler     00411e22 f   LIBCMT:purevirt.obj
 0001:00010e49       __get_purecall_handler     00411e49 f   LIBCMT:purevirt.obj
 0001:00010e56       __endthreadex              00411e56 f   LIBCMT:threadex.obj
 0001:00010f57       __beginthreadex            00411f57 f   LIBCMT:threadex.obj
 0001:00011007       _strncmp                   00412007 f   LIBCMT:strncmp.obj
 0001:00011289       _mainCRTStartup            00412289 f   LIBCMT:crt0.obj
 0001:00011293       _wcslen                    00412293 f   LIBCMT:wcslen.obj
 0001:000112b0       __alloca_probe             004122b0     LIBCMT:chkstk.obj
 0001:000112b0       __chkstk                   004122b0 f   LIBCMT:chkstk.obj
 0001:000112db       ___report_gsfailure        004122db f   LIBCMT:gs_report.obj
 0001:000113e1       __stbuf                    004123e1 f   LIBCMT:_sftbuf.obj
 0001:0001147d       __ftbuf                    0041247d f   LIBCMT:_sftbuf.obj
 0001:00011557       _get_int_arg               00412557 f i LIBCMT:output.obj
 0001:00011569       _get_int64_arg             00412569 f i LIBCMT:output.obj
 0001:0001157e       _get_short_arg             0041257e f i LIBCMT:output.obj
 0001:00011591       __output_l                 00412591 f   LIBCMT:output.obj
 0001:00012129       __initp_misc_invarg        00413129 f   LIBCMT:invarg.obj
 0001:00012138       __invoke_watson            00413138 f   LIBCMT:invarg.obj
 0001:00012260       __set_invalid_parameter_handler 00413260 f   LIBCMT:invarg.obj
 0001:00012287       __get_invalid_parameter_handler 00413287 f   LIBCMT:invarg.obj
 0001:00012294       ?_invoke_watson@@YAXPBG00II@Z 00413294 f   LIBCMT:invarg.obj
 0001:0001229f       __invalid_parameter        0041329f f   LIBCMT:invarg.obj
 0001:000122c5       __invalid_parameter_noinfo 004132c5 f   LIBCMT:invarg.obj
 0001:000122d5       ?_invalid_parameter@@YAXPBG00II@Z 004132d5 f   LIBCMT:invarg.obj
 0001:000122e0       __get_errno_from_oserr     004132e0 f   LIBCMT:dosmap.obj
 0001:00012322       __errno                    00413322 f   LIBCMT:dosmap.obj
 0001:00012335       ___doserrno                00413335 f   LIBCMT:dosmap.obj
 0001:00012348       __dosmaperr                00413348 f   LIBCMT:dosmap.obj
 0001:0001236b       __set_errno                0041336b f   LIBCMT:dosmap.obj
 0001:0001238c       __get_errno                0041338c f   LIBCMT:dosmap.obj
 0001:000123bb       __set_doserrno             004133bb f   LIBCMT:dosmap.obj
 0001:000123dc       __get_doserrno             004133dc f   LIBCMT:dosmap.obj
 0001:0001240c       __SEH_prolog4              0041340c f   LIBCMT:sehprolg4.obj
 0001:00012451       __SEH_epilog4              00413451 f   LIBCMT:sehprolg4.obj
 0001:000124a0       __except_handler4          004134a0 f   LIBCMT:chandler4.obj
 0001:0001262c       _vprintf_helper            0041362c f   LIBCMT:vprintf.obj
 0001:000126bc       __vprintf_l                004136bc f   LIBCMT:vprintf.obj
 0001:000126d9       __vprintf_s_l              004136d9 f   LIBCMT:vprintf.obj
 0001:000126f6       __vprintf_p_l              004136f6 f   LIBCMT:vprintf.obj
 0001:00012713       _vprintf                   00413713 f   LIBCMT:vprintf.obj
 0001:0001272f       _vprintf_s                 0041372f f   LIBCMT:vprintf.obj
 0001:0001274b       __vprintf_p                0041374b f   LIBCMT:vprintf.obj
 0001:00012767       __vswprintf_helper         00413767 f   LIBCMT:vswprnc.obj
 0001:0001285f       __vswprintf_c              0041385f f   LIBCMT:vswprnc.obj
 0001:00012888       __vswprintf_c_l            00413888 f   LIBCMT:vswprnc.obj
 0001:000128b2       __vswprintf_s_l            004138b2 f   LIBCMT:vswprnc.obj
 0001:0001293d       _vswprintf_s               0041393d f   LIBCMT:vswprnc.obj
 0001:0001295a       __vsnwprintf_s_l           0041395a f   LIBCMT:vswprnc.obj
 0001:00012a66       __vsnwprintf_s             00413a66 f   LIBCMT:vswprnc.obj
 0001:00012a86       __vswprintf_p              00413a86 f   LIBCMT:vswprnc.obj
 0001:00012aaf       __vswprintf_p_l            00413aaf f   LIBCMT:vswprnc.obj
 0001:00012ad9       _fwprintf                  00413ad9 f   LIBCMT:fwprintf.obj
 0001:00012b6d       __fwprintf_l               00413b6d f   LIBCMT:fwprintf.obj
 0001:00012b89       __fwprintf_s_l             00413b89 f   LIBCMT:fwprintf.obj
 0001:00012ba5       _fwprintf_s                00413ba5 f   LIBCMT:fwprintf.obj
 0001:00012bc0       __fwprintf_p_l             00413bc0 f   LIBCMT:fwprintf.obj
 0001:00012bdc       __fwprintf_p               00413bdc f   LIBCMT:fwprintf.obj
 0001:00012bf7       _setvbuf                   00413bf7 f   LIBCMT:setvbuf.obj
 0001:00012cf5       _abort                     00413cf5 f   LIBCMT:abort.obj
 0001:00012e0c       __set_abort_behavior       00413e0c f   LIBCMT:abort.obj
 0001:00012e2d       __initp_misc_winsig        00413e2d f   LIBCMT:winsig.obj
 0001:00012f1d       ___get_sigabrt             00413f1d f   LIBCMT:winsig.obj
 0001:00012f2a       ___fpecode                 00413f2a f   LIBCMT:winsig.obj
 0001:00012f33       ___pxcptinfoptrs           00413f33 f   LIBCMT:winsig.obj
 0001:00012f3c       _signal                    00413f3c f   LIBCMT:winsig.obj
 0001:00013179       _raise                     00414179 f   LIBCMT:winsig.obj
 0001:00013329       ___crtMessageBoxW          00414329 f   LIBCMT:crtmboxw.obj
 0001:00013588       __itow_s                   00414588 f   LIBCMT:xtows.obj
 0001:000135b4       __ltow_s                   004145b4 f   LIBCMT:xtows.obj
 0001:000135db       __ultow_s                  004145db f   LIBCMT:xtows.obj
 0001:000136fb       __i64tow_s                 004146fb f   LIBCMT:xtows.obj
 0001:00013730       __ui64tow_s                00414730 f   LIBCMT:xtows.obj
 0001:0001374f       _wcsncat_s                 0041474f f   LIBCMT:wcsncat_s.obj
 0001:0001383d       _wcsncpy_s                 0041483d f   LIBCMT:wcsncpy_s.obj
 0001:00013910       _wcscat_s                  00414910 f   LIBCMT:wcscat_s.obj
 0001:0001398d       _wcscpy_s                  0041498d f   LIBCMT:wcscpy_s.obj
 0001:000139fc       __set_error_mode           004149fc f   LIBCMT:errmode.obj
 0001:00013a47       ___set_app_type            00414a47 f   LIBCMT:errmode.obj
 0001:00013a56       ___get_app_type            00414a56 f   LIBCMT:errmode.obj
 0001:00013a5c       __crt_wait_module_handle   00414a5c f i LIBCMT:tidtable.obj
 0001:00013a76       __encode_pointer           00414a76 f   LIBCMT:tidtable.obj
 0001:00013ae8       __encoded_null             00414ae8 f   LIBCMT:tidtable.obj
 0001:00013af1       __decode_pointer           00414af1 f   LIBCMT:tidtable.obj
 0001:00013b63       ___crtTlsAlloc@4           00414b63 f   LIBCMT:tidtable.obj
 0001:00013b6c       ___fls_getvalue@4          00414b6c f   LIBCMT:tidtable.obj
 0001:00013b86       ___get_flsindex            00414b86 f   LIBCMT:tidtable.obj
 0001:00013b8c       ___set_flsgetvalue         00414b8c f   LIBCMT:tidtable.obj
 0001:00013bc0       ___fls_setvalue@8          00414bc0 f   LIBCMT:tidtable.obj
 0001:00013bdd       __mtterm                   00414bdd f   LIBCMT:tidtable.obj
 0001:00013c1a       __initptd                  00414c1a f   LIBCMT:tidtable.obj
 0001:00013d01       __getptd_noexit            00414d01 f   LIBCMT:tidtable.obj
 0001:00013d7a       __getptd                   00414d7a f   LIBCMT:tidtable.obj
 0001:00013d94       __freefls@4                00414d94 f   LIBCMT:tidtable.obj
 0001:00013ec3       __freeptd                  00414ec3 f   LIBCMT:tidtable.obj
 0001:00013f31       ___threadid                00414f31 f   LIBCMT:tidtable.obj
 0001:00013f37       ___threadhandle            00414f37 f   LIBCMT:tidtable.obj
 0001:00013f3d       __mtinit                   00414f3d f   LIBCMT:tidtable.obj
 0001:000140ca       _wait_a_bit                004150ca f i LIBCMT:crtheap.obj
 0001:000140f0       __set_malloc_crt_max_wait  004150f0 f   LIBCMT:crtheap.obj
 0001:00014105       __malloc_crt               00415105 f   LIBCMT:crtheap.obj
 0001:0001414a       __calloc_crt               0041514a f   LIBCMT:crtheap.obj
 0001:00014196       __realloc_crt              00415196 f   LIBCMT:crtheap.obj
 0001:000141e4       __recalloc_crt             004151e4 f   LIBCMT:crtheap.obj
 0001:00014236       __msize                    00415236 f   LIBCMT:msize.obj
 0001:000142d9       ___heap_select             004152d9 f   LIBCMT:heapinit.obj
 0001:000142dd       __heap_init                004152dd f   LIBCMT:heapinit.obj
 0001:0001430d       __heap_term                0041530d f   LIBCMT:heapinit.obj
 0001:00014381       __get_heap_handle          00415381 f   LIBCMT:heapinit.obj
 0001:00014387       __mtinitlocks              00415387 f   LIBCMT:mlock.obj
 0001:000143d2       __mtdeletelocks            004153d2 f   LIBCMT:mlock.obj
 0001:00014429       __unlock                   00415429 f   LIBCMT:mlock.obj
 0001:00014440       __lockerr_exit             00415440 f   LIBCMT:mlock.obj
 0001:00014458       __mtinitlocknum            00415458 f   LIBCMT:mlock.obj
 0001:0001451b       __lock                     0041551b f   LIBCMT:mlock.obj
 0001:0001454e       __get_sbh_threshold        0041554e f   LIBCMT:sbheap.obj
 0001:0001456f       __set_amblksiz             0041556f f   LIBCMT:sbheap.obj
 0001:000145ba       __get_amblksiz             004155ba f   LIBCMT:sbheap.obj
 0001:000145fb       ___sbh_heap_init           004155fb f   LIBCMT:sbheap.obj
 0001:00014649       ___sbh_find_block          00415649 f   LIBCMT:sbheap.obj
 0001:00014679       ___sbh_free_block          00415679 f   LIBCMT:sbheap.obj
 0001:0001498f       ___sbh_alloc_new_region    0041598f f   LIBCMT:sbheap.obj
 0001:00014a3f       ___sbh_alloc_new_group     00415a3f f   LIBCMT:sbheap.obj
 0001:00014b47       ___sbh_resize_block        00415b47 f   LIBCMT:sbheap.obj
 0001:00014e28       ___sbh_heapmin             00415e28 f   LIBCMT:sbheap.obj
 0001:00014ef5       ___sbh_heap_check          00415ef5 f   LIBCMT:sbheap.obj
 0001:000151d9       __set_sbh_threshold        004161d9 f   LIBCMT:sbheap.obj
 0001:00015288       ___sbh_alloc_block         00416288 f   LIBCMT:sbheap.obj
 0001:0001556d       __initp_heap_handler       0041656d f   LIBCMT:handler.obj
 0001:0001557c       ?_set_new_handler@@YAP6AHI@ZP6AHI@Z@Z 0041657c f   LIBCMT:handler.obj
 0001:000155b2       ?_set_new_handler@@YAP6AHI@ZH@Z 004165b2 f   LIBCMT:handler.obj
 0001:000155bb       ?_query_new_handler@@YAP6AHI@ZXZ 004165bb f   LIBCMT:handler.obj
 0001:000155c8       __callnewh                 004165c8 f   LIBCMT:handler.obj
 0001:000155f0       _memcpy                    004165f0 f   LIBCMT:memcpy.obj
 0001:00015960       _strlen                    00416960 f   LIBCMT:strlen.obj
 0001:00015a42       __INTRN_LOCALE_CONV        00416a42 f i LIBCMT:input.obj
 0001:00015ac7       __input_l                  00416ac7 f   LIBCMT:input.obj
 0001:00016b4e       __input_s_l                00417b4e f   LIBCMT:inputs.obj
 0001:00017c72       __flsbuf                   00418c72 f   LIBCMT:_flsbuf.obj
 0001:00017dd6       __vsprintf_l               00418dd6 f   LIBCMT:vsprintf.obj
 0001:00017e54       _vsprintf                  00418e54 f   LIBCMT:vsprintf.obj
 0001:00017e6e       __vscprintf_helper         00418e6e f   LIBCMT:vsprintf.obj
 0001:00017ec5       __vscprintf                00418ec5 f   LIBCMT:vsprintf.obj
 0001:00017ee1       __vscprintf_l              00418ee1 f   LIBCMT:vsprintf.obj
 0001:00017efe       __vscprintf_p              00418efe f   LIBCMT:vsprintf.obj
 0001:00017f1a       __vscprintf_p_l            00418f1a f   LIBCMT:vsprintf.obj
 0001:00017f37       __vsnprintf_helper         00418f37 f   LIBCMT:vsnprnc.obj
 0001:00018003       __vsnprintf_c              00419003 f   LIBCMT:vsnprnc.obj
 0001:0001802c       __vsnprintf_c_l            0041902c f   LIBCMT:vsnprnc.obj
 0001:00018056       __vsprintf_s_l             00419056 f   LIBCMT:vsnprnc.obj
 0001:000180de       _vsprintf_s                004190de f   LIBCMT:vsnprnc.obj
 0001:000180fb       __vsnprintf_s_l            004190fb f   LIBCMT:vsnprnc.obj
 0001:00018202       __vsnprintf_s              00419202 f   LIBCMT:vsnprnc.obj
 0001:00018222       __vsprintf_p               00419222 f   LIBCMT:vsnprnc.obj
 0001:0001824b       __vsprintf_p_l             0041924b f   LIBCMT:vsnprnc.obj
 0001:000184a4       _strtol                    004194a4 f   LIBCMT:strtol.obj
 0001:000184cf       __strtol_l                 004194cf f   LIBCMT:strtol.obj
 0001:000184ec       _strtoul                   004194ec f   LIBCMT:strtol.obj
 0001:00018518       __strtoul_l                00419518 f   LIBCMT:strtol.obj
 0001:000187cc       __strtoi64                 004197cc f   LIBCMT:strtoq.obj
 0001:000187f7       __strtoi64_l               004197f7 f   LIBCMT:strtoq.obj
 0001:00018814       __strtoui64                00419814 f   LIBCMT:strtoq.obj
 0001:00018840       __strtoui64_l              00419840 f   LIBCMT:strtoq.obj
 0001:0001885d       __openfile                 0041985d f   LIBCMT:_open.obj
 0001:00018b26       __getstream                00419b26 f   LIBCMT:stream.obj
 0001:00018c60       __local_unwind4            00419c60 f   LIBCMT:exsup4.obj
 0001:00018d36       __seh_longjmp_unwind4@4    00419d36 f   LIBCMT:exsup4.obj
 0001:00018d52       @_EH4_CallFilterFunc@8     00419d52 f   LIBCMT:exsup4.obj
 0001:00018d69       @_EH4_TransferToHandler@8  00419d69 f   LIBCMT:exsup4.obj
 0001:00018d82       @_EH4_GlobalUnwind@4       00419d82 f   LIBCMT:exsup4.obj
 0001:00018d9c       @_EH4_LocalUnwind@16       00419d9c f   LIBCMT:exsup4.obj
 0001:00018db3       __lseek_nolock             00419db3 f   LIBCMT:lseek.obj
 0001:00018e28       __lseek                    00419e28 f   LIBCMT:lseek.obj
 0001:00018f04       __fileno                   00419f04 f   LIBCMT:fileno.obj
 0001:00018f36       __close_nolock             00419f36 f   LIBCMT:close.obj
 0001:00018fd2       _close                     00419fd2 f   LIBCMT:close.obj
 0001:00018fd2       __close                    00419fd2 f   LIBCMT:close.obj
 0001:0001909f       __freebuf                  0041a09f f   LIBCMT:_freebuf.obj
 0001:000190d0       __filbuf                   0041a0d0 f   LIBCMT:_filbuf.obj
 0001:000191fb       __read_nolock              0041a1fb f   LIBCMT:read.obj
 0001:000197bd       __read                     0041a7bd f   LIBCMT:read.obj
 0001:000198ba       _memcpy_s                  0041a8ba f   LIBCMT:memcpy_s.obj
 0001:00019940       _memset                    0041a940 f   LIBCMT:memset.obj
 0001:000199ba       __write_nolock             0041a9ba f   LIBCMT:write.obj
 0001:0001a0ed       __write                    0041b0ed f   LIBCMT:write.obj
 0001:0001a3ef       ___updatetmbcinfo          0041b3ef f   LIBCMT:mbctype.obj
 0001:0001a50f       __setmbcp_nolock           0041b50f f   LIBCMT:mbctype.obj
 0001:0001a6f4       __getmbcp                  0041b6f4 f   LIBCMT:mbctype.obj
 0001:0001a732       __setmbcp                  0041b732 f   LIBCMT:mbctype.obj
 0001:0001a8cc       ___initmbctable            0041b8cc f   LIBCMT:mbctype.obj
 0001:0001a8ea       ____setlc_active_func      0041b8ea f   LIBCMT:setlocal.obj
 0001:0001a8f0       ____unguarded_readlc_active_add_func 0041b8f0 f   LIBCMT:setlocal.obj
 0001:0001a8f6       ___freetlocinfo            0041b8f6 f   LIBCMT:setlocal.obj
 0001:0001aa3f       ___addlocaleref            0041ba3f f   LIBCMT:setlocal.obj
 0001:0001aace       ___removelocaleref         0041bace f   LIBCMT:setlocal.obj
 0001:0001abcb       ___updatetlocinfo          0041bbcb f   LIBCMT:setlocal.obj
 0001:0001ac41       __configthreadlocale       0041bc41 f   LIBCMT:setlocal.obj
 0001:0001acfe       __free_locale              0041bcfe f   LIBCMT:setlocal.obj
 0001:0001adc0       ___free_locale             0041bdc0 f   LIBCMT:setlocal.obj
 0001:0001adcb       __get_current_locale       0041bdcb f   LIBCMT:setlocal.obj
 0001:0001ae7a       ___get_current_locale      0041be7a f   LIBCMT:setlocal.obj
 0001:0001ae7f       ___init_dummy              0041be7f f   LIBCMT:setlocal.obj
 0001:0001ae82       __strcats                  0041be82 f   LIBCMT:setlocal.obj
 0001:0001aec2       ___lc_strtolc              0041bec2 f   LIBCMT:setlocal.obj
 0001:0001afeb       ___lc_lctostr              0041bfeb f   LIBCMT:setlocal.obj
 0001:0001b1d5       __expandlocale             0041c1d5 f   LIBCMT:setlocal.obj
 0001:0001b923       __create_locale            0041c923 f   LIBCMT:setlocal.obj
 0001:0001ba18       ___create_locale           0041ca18 f   LIBCMT:setlocal.obj
 0001:0001ba23       _setlocale                 0041ca23 f   LIBCMT:setlocal.obj
 0001:0001bb93       __isctype_l                0041cb93 f   LIBCMT:isctype.obj
 0001:0001bc4b       __isctype                  0041cc4b f   LIBCMT:isctype.obj
 0001:0001bc7d       __set_osfhnd               0041cc7d f   LIBCMT:osfinfo.obj
 0001:0001bcfe       __free_osfhnd              0041ccfe f   LIBCMT:osfinfo.obj
 0001:0001bd84       __get_osfhandle            0041cd84 f   LIBCMT:osfinfo.obj
 0001:0001bdfb       ___lock_fhandle            0041cdfb f   LIBCMT:osfinfo.obj
 0001:0001be9b       __unlock_fhandle           0041ce9b f   LIBCMT:osfinfo.obj
 0001:0001bec2       __alloc_osfhnd             0041cec2 f   LIBCMT:osfinfo.obj
 0001:0001c05c       __open_osfhandle           0041d05c f   LIBCMT:osfinfo.obj
 0001:0001c172       __lseeki64_nolock          0041d172 f   LIBCMT:lseeki64.obj
 0001:0001c1f7       __lseeki64                 0041d1f7 f   LIBCMT:lseeki64.obj
 0001:0001c310       __ioinit                   0041d310 f   LIBCMT:ioinit.obj
 0001:0001c564       __ioterm                   0041d564 f   LIBCMT:ioinit.obj
 0001:0001c5b2       __MarkAllocaS              0041d5b2 f i LIBCMT:a_map.obj
 0001:0001c5c8       __freea                    0041d5c8 f i LIBCMT:a_map.obj
 0001:0001c9ab       ___crtLCMapStringA         0041d9ab f   LIBCMT:a_map.obj
 0001:0001c9f0       __isleadbyte_l             0041d9f0 f i LIBCMT:_wctype.obj
 0001:0001ca28       _isleadbyte                0041da28 f i LIBCMT:_wctype.obj
 0001:0001ca3b       __iswalpha_l               0041da3b f i LIBCMT:_wctype.obj
 0001:0001ca55       _iswalpha                  0041da55 f i LIBCMT:_wctype.obj
 0001:0001ca6b       __iswupper_l               0041da6b f i LIBCMT:_wctype.obj
 0001:0001ca82       _iswupper                  0041da82 f i LIBCMT:_wctype.obj
 0001:0001ca95       __iswlower_l               0041da95 f i LIBCMT:_wctype.obj
 0001:0001caac       _iswlower                  0041daac f i LIBCMT:_wctype.obj
 0001:0001cabf       __iswdigit_l               0041dabf f i LIBCMT:_wctype.obj
 0001:0001cad6       _iswdigit                  0041dad6 f i LIBCMT:_wctype.obj
 0001:0001cae9       __iswxdigit_l              0041dae9 f i LIBCMT:_wctype.obj
 0001:0001cb03       _iswxdigit                 0041db03 f i LIBCMT:_wctype.obj
 0001:0001cb19       __iswspace_l               0041db19 f i LIBCMT:_wctype.obj
 0001:0001cb30       _iswspace                  0041db30 f i LIBCMT:_wctype.obj
 0001:0001cb43       __iswpunct_l               0041db43 f i LIBCMT:_wctype.obj
 0001:0001cb5a       _iswpunct                  0041db5a f i LIBCMT:_wctype.obj
 0001:0001cb6d       __iswalnum_l               0041db6d f i LIBCMT:_wctype.obj
 0001:0001cb87       _iswalnum                  0041db87 f i LIBCMT:_wctype.obj
 0001:0001cb9d       __iswprint_l               0041db9d f i LIBCMT:_wctype.obj
 0001:0001cbb7       _iswprint                  0041dbb7 f i LIBCMT:_wctype.obj
 0001:0001cbcd       __iswgraph_l               0041dbcd f i LIBCMT:_wctype.obj
 0001:0001cbe7       _iswgraph                  0041dbe7 f i LIBCMT:_wctype.obj
 0001:0001cbfd       __iswcntrl_l               0041dbfd f i LIBCMT:_wctype.obj
 0001:0001cc14       _iswcntrl                  0041dc14 f i LIBCMT:_wctype.obj
 0001:0001cc27       _iswascii                  0041dc27 f i LIBCMT:_wctype.obj
 0001:0001cc3b       __iswcsym_l                0041dc3b f i LIBCMT:_wctype.obj
 0001:0001cc65       ___iswcsym                 0041dc65 f i LIBCMT:_wctype.obj
 0001:0001cc8b       __iswcsymf_l               0041dc8b f i LIBCMT:_wctype.obj
 0001:0001ccb5       ___iswcsymf                0041dcb5 f i LIBCMT:_wctype.obj
 0001:0001ccdb       _vfprintf_helper           0041dcdb f   LIBCMT:vfprintf.obj
 0001:0001cdf6       __vfprintf_l               0041ddf6 f   LIBCMT:vfprintf.obj
 0001:0001ce16       __vfprintf_s_l             0041de16 f   LIBCMT:vfprintf.obj
 0001:0001ce36       __vfprintf_p_l             0041de36 f   LIBCMT:vfprintf.obj
 0001:0001ce56       _vfprintf                  0041de56 f   LIBCMT:vfprintf.obj
 0001:0001ce75       _vfprintf_s                0041de75 f   LIBCMT:vfprintf.obj
 0001:0001ce94       __vfprintf_p               0041de94 f   LIBCMT:vfprintf.obj
 0001:0001ceb3       __vsnprintf_l              0041deb3 f   LIBCMT:vsnprint.obj
 0001:0001cf66       __vsnprintf                0041df66 f   LIBCMT:vsnprint.obj
 0001:0001d00a       __VEC_memcpy               0041e00a f   LIBCMT:p4_memcpy.obj
 0001:0001d13d       __get_sse2_info            0041e13d f   LIBCMT:cpu_disp.obj
 0001:0001d19f       ___sse2_available_init     0041e19f f   LIBCMT:cpu_disp.obj
 0001:0001d1ac       __NMSG_WRITE               0041e1ac f   LIBCMT:crt0msg.obj
 0001:0001d357       __GET_RTERRMSG             0041e357 f   LIBCMT:crt0msg.obj
 0001:0001d37d       __FF_MSGBANNER             0041e37d f   LIBCMT:crt0msg.obj
 0001:0001d3b6       __commit                   0041e3b6 f   LIBCMT:commit.obj
 0001:0001d497       __fcloseall                0041e497 f   LIBCMT:closeall.obj
 0001:0001d536       __RTC_Initialize           0041e536 f   LIBCMT:_initsect_.obj
 0001:0001d55c       __RTC_Terminate            0041e55c f   LIBCMT:_initsect_.obj
 0001:0001d582       __initp_misc_cfltcvt_tab   0041e582 f   LIBCMT:cmiscdat.obj
 0001:0001d5b0       __ValidateImageBase        0041e5b0 f   LIBCMT:pesect.obj
 0001:0001d5f0       __FindPESection            0041e5f0 f   LIBCMT:pesect.obj
 0001:0001d640       __IsNonwritableInCurrentImage 0041e640 f   LIBCMT:pesect.obj
 0001:0001d6fd       ?terminate@@YAXXZ          0041e6fd f   LIBCMT:hooks.obj
 0001:0001d736       ?unexpected@@YAXXZ         0041e736 f   LIBCMT:hooks.obj
 0001:0001d749       ?_inconsistency@@YAXXZ     0041e749 f   LIBCMT:hooks.obj
 0001:0001d781       __initp_eh_hooks           0041e781 f   LIBCMT:hooks.obj
 0001:0001d792       __initp_misc_winxfltr      0041e792 f   LIBCMT:winxfltr.obj
 0001:0001d7c8       __XcptFilter               0041e7c8 f   LIBCMT:winxfltr.obj
 0001:0001d928       ___CppXcptFilter           0041e928 f   LIBCMT:winxfltr.obj
 0001:0001d948       __initp_misc_rand_s        0041e948 f   LIBCMT:rand_s.obj
 0001:0001d957       _rand_s                    0041e957 f   LIBCMT:rand_s.obj
 0001:0001da5f       ___getlocaleinfo           0041ea5f f   LIBCMT:inithelp.obj
 0001:0001dbde       __initp_misc_purevirt      0041ebde f   LIBCMT:inithelp.obj
 0001:0001dbed       __initp_misc_initcrit      0041ebed f   LIBCMT:initcrit.obj
 0001:0001dbfc       ___crtInitCritSecAndSpinCount 0041ebfc f   LIBCMT:initcrit.obj
 0001:0001dc5c       ?__CxxUnhandledExceptionFilter@@YGJPAU_EXCEPTION_POINTERS@@@Z 0041ec5c f   LIBCMT:unhandld.obj
 0001:0001dc9e       ___CxxSetUnhandledExceptionFilter 0041ec9e f   LIBCMT:unhandld.obj
 0001:0001dcac       __setenvp                  0041ecac f   LIBCMT:stdenvp.obj
 0001:0001dd8a       __set_pgmptr               0041ed8a f i LIBCMT:stdargv.obj
 0001:0001df33       __setargv                  0041ef33 f   LIBCMT:stdargv.obj
 0001:0001dfee       ___crtGetEnvironmentStringsA 0041efee f   LIBCMT:a_env.obj
 0001:0001e125       ___security_init_cookie    0041f125 f   LIBCMT:gs_support.obj
 0001:0001e1bb       _swprintf                  0041f1bb f   LIBCMT:swprintf.obj
 0001:0001e1bb       __swprintf                 0041f1bb f   LIBCMT:swprintf.obj
 0001:0001e253       ___swprintf_l              0041f253 f   LIBCMT:swprintf.obj
 0001:0001e26f       _swprintf_s                0041f26f f   LIBCMT:swprintf.obj
 0001:0001e28d       __snwprintf_s              0041f28d f   LIBCMT:swprintf.obj
 0001:0001e2ae       __swprintf_p               0041f2ae f   LIBCMT:swprintf.obj
 0001:0001e2cc       __swprintf_s_l             0041f2cc f   LIBCMT:swprintf.obj
 0001:0001e2eb       __snwprintf_s_l            0041f2eb f   LIBCMT:swprintf.obj
 0001:0001e30d       __swprintf_p_l             0041f30d f   LIBCMT:swprintf.obj
 0001:0001e32c       __scwprintf                0041f32c f   LIBCMT:swprintf.obj
 0001:0001e341       __scwprintf_p              0041f341 f   LIBCMT:swprintf.obj
 0001:0001e356       __scwprintf_l              0041f356 f   LIBCMT:swprintf.obj
 0001:0001e36f       __scwprintf_p_l            0041f36f f   LIBCMT:swprintf.obj
 0001:0001e388       __crt_debugger_hook        0041f388 f   LIBCMT:dbghook.obj
 0001:0001e390       __isatty                   0041f390 f   LIBCMT:isatty.obj
 0001:0001e3f4       __wctomb_s_l               0041f3f4 f   LIBCMT:wctomb.obj
 0001:0001e560       _wctomb_s                  0041f560 f   LIBCMT:wctomb.obj
 0001:0001e57d       __wctomb_l                 0041f57d f   LIBCMT:wctomb.obj
 0001:0001e5ce       _wctomb                    0041f5ce f   LIBCMT:wctomb.obj
 0001:0001e600       __aulldvrm                 0041f600 f   LIBCMT:ulldvrm.obj
 0001:0001e73b       __output_s_l               0041f73b f   LIBCMT:outputs.obj
 0001:0001f30b       __validate_param_reuseA    0042030b f   LIBCMT:outputp.obj
 0001:0001f4dc       _get_crtdouble_arg         004204dc f i LIBCMT:outputp.obj
 0001:0001f4f1       __output_p_l               004204f1 f   LIBCMT:outputp.obj
 0001:00020859       __woutput_l                00421859 f   LIBCMT:woutput.obj
 0001:00021499       __woutput_s_l              00422499 f   LIBCMT:woutputs.obj
 0001:00022039       __validate_param_reuseW    00423039 f   LIBCMT:woutputp.obj
 0001:00022237       __woutput_p_l              00423237 f   LIBCMT:woutputp.obj
 0001:000234f7       _vfwprintf_helper          004244f7 f   LIBCMT:vfwprint.obj
 0001:0002358a       __vfwprintf_l              0042458a f   LIBCMT:vfwprint.obj
 0001:000235aa       __vfwprintf_s_l            004245aa f   LIBCMT:vfwprint.obj
 0001:000235ca       __vfwprintf_p_l            004245ca f   LIBCMT:vfwprint.obj
 0001:000235ea       _vfwprintf                 004245ea f   LIBCMT:vfwprint.obj
 0001:00023609       _vfwprintf_s               00424609 f   LIBCMT:vfwprint.obj
 0001:00023628       __vfwprintf_p              00424628 f   LIBCMT:vfwprint.obj
 0001:00023647       __calloc_impl              00424647 f   LIBCMT:calloc_impl.obj
 0001:00023765       __recalloc                 00424765 f   LIBCMT:recalloc.obj
 0001:000237e0       __ungetc_nolock            004247e0 f   LIBCMT:ungetc.obj
 0001:000238d1       _ungetc                    004248d1 f   LIBCMT:ungetc.obj
 0001:00023943       __mbtowc_l                 00424943 f   LIBCMT:mbtowc.obj
 0001:00023a5a       _mbtowc                    00424a5a f   LIBCMT:mbtowc.obj
 0001:00023a80       __allmul                   00424a80 f   LIBCMT:llmul.obj
 0001:00023ab4       __getbuf                   00424ab4 f   LIBCMT:_getbuf.obj
 0001:0002421c       __open                     0042521c f   LIBCMT:open.obj
 0001:0002421c       _open                      0042521c f   LIBCMT:open.obj
 0001:000242d2       __sopen_helper             004252d2 f   LIBCMT:open.obj
 0001:0002439e       __sopen                    0042539e f   LIBCMT:open.obj
 0001:000243d0       __sopen_s                  004253d0 f   LIBCMT:open.obj
 0001:000243f0       __mbsnbicmp_l              004253f0 f   LIBCMT:mbsnbicm.obj
 0001:0002461b       __mbsnbicmp                0042561b f   LIBCMT:mbsnbicm.obj
 0001:00024635       __mbsnbcmp_l               00425635 f   LIBCMT:mbsnbcmp.obj
 0001:0002479f       __mbsnbcmp                 0042579f f   LIBCMT:mbsnbcmp.obj
 0001:000247bc       __global_unwind2           004257bc f   LIBCMT:exsup.obj
 0001:00024821       __local_unwind2            00425821 f   LIBCMT:exsup.obj
 0001:000248a5       __abnormal_termination     004258a5 f   LIBCMT:exsup.obj
 0001:000248c8       __NLG_Notify1              004258c8 f   LIBCMT:exsup.obj
 0001:000248d1       __NLG_Notify               004258d1 f   LIBCMT:exsup.obj
 0001:000248e8       __NLG_Dispatch             004258e8     LIBCMT:exsup.obj
 0001:000248e8       __NLG_Dispatch2            004258e8     LIBCMT:exsup.obj
 0001:000248f0       __NLG_Call                 004258f0 f   LIBCMT:exsup.obj
 0001:000248f2       __NLG_Return2              004258f2     LIBCMT:exsup.obj
 0001:0002494a       __VEC_memzero              0042594a f   LIBCMT:p4_memset.obj
 0001:000249d9       __putwch_nolock            004259d9 f   LIBCMT:putwch.obj
 0001:00024a9e       __cputws                   00425a9e f   LIBCMT:putwch.obj
 0001:00024b3d       __putwch                   00425b3d f   LIBCMT:putwch.obj
 0001:00024d3d       ___crtGetStringTypeA       00425d3d f   LIBCMT:a_str.obj
 0001:00024d7f       ___pwctype_func            00425d7f f   LIBCMT:ctype.obj
 0001:00024d85       ___pctype_func             00425d85 f   LIBCMT:ctype.obj
 0001:000251c9       ___free_lc_time            004261c9 f   LIBCMT:inittime.obj
 0001:0002535e       ___init_time               0042635e f   LIBCMT:inittime.obj
 0001:0002540a       ___free_lconv_num          0042640a f   LIBCMT:initnum.obj
 0001:0002544f       ___init_numeric            0042644f f   LIBCMT:initnum.obj
 0001:0002564c       ___free_lconv_mon          0042664c f   LIBCMT:initmon.obj
 0001:000256da       ___init_monetary           004266da f   LIBCMT:initmon.obj
 0001:000259a0       ___init_ctype              004269a0 f   LIBCMT:initctyp.obj
 0001:00025d42       ____mb_cur_max_func        00426d42 f   LIBCMT:initctyp.obj
 0001:00025d6b       ____mb_cur_max_l_func      00426d6b f   LIBCMT:initctyp.obj
 0001:00025d87       ____lc_codepage_func       00426d87 f   LIBCMT:initctyp.obj
 0001:00025dad       ____lc_collate_cp_func     00426dad f   LIBCMT:initctyp.obj
 0001:00025dd3       ____lc_handle_func         00426dd3 f   LIBCMT:initctyp.obj
 0001:00025df9       ___init_collate            00426df9 f   LIBCMT:initcoll.obj
 0001:00025dfc       __Getdays_l                00426dfc f   LIBCMT:strftime.obj
 0001:00025efc       __Getdays                  00426efc f   LIBCMT:strftime.obj
 0001:00025f05       __Getmonths_l              00426f05 f   LIBCMT:strftime.obj
 0001:00026005       __Getmonths                00427005 f   LIBCMT:strftime.obj
 0001:0002600e       __Gettnames_l              0042700e f   LIBCMT:strftime.obj
 0001:00026365       __Gettnames                00427365 f   LIBCMT:strftime.obj
 0001:00026c88       __Strftime_l               00427c88 f   LIBCMT:strftime.obj
 0001:00026e2c       __strftime_l               00427e2c f   LIBCMT:strftime.obj
 0001:00026e4c       _strftime                  00427e4c f   LIBCMT:strftime.obj
 0001:00026e6b       __Strftime                 00427e6b f   LIBCMT:strftime.obj
 0001:00026e8b       _localeconv                00427e8b f   LIBCMT:lconv.obj
 0001:00026eb1       _strcat_s                  00427eb1 f   LIBCMT:strcat_s.obj
 0001:00026f30       _strcspn                   00427f30 f   LIBCMT:strcspn.obj
 0001:00026f76       _strncpy_s                 00427f76 f   LIBCMT:strncpy_s.obj
 0001:0002702b       _strcpy_s                  0042802b f   LIBCMT:strcpy_s.obj
 0001:000270a0       _strcmp                    004280a0 f   LIBCMT:strcmp.obj
 0001:00027723       ___get_qualified_locale    00428723 f   LIBCMT:getqloc.obj
 0001:00028e8a       _memcmp                    00429e8a f   LIBCMT:memcmp.obj
 0001:0002a510       _strpbrk                   0042b510 f   LIBCMT:strpbrk.obj
 0001:0002a550       ___ansicp                  0042b550 f   LIBCMT:convrtcp.obj
 0001:0002a599       ___convertcp               0042b599 f   LIBCMT:convrtcp.obj
 0001:0002a750       __alloca_probe_16          0042b750 f   LIBCMT:alloca16.obj
 0001:0002a766       __alloca_probe_8           0042b766     LIBCMT:alloca16.obj
 0001:0002a77c       __iswctype_l               0042b77c f   LIBCMT:iswctype.obj
 0001:0002a806       _iswctype                  0042b806 f   LIBCMT:iswctype.obj
 0001:0002a87c       _is_wctype                 0042b87c f   LIBCMT:iswctype.obj
 0001:0002a887       ___crtMessageBoxA          0042b887 f   LIBCMT:crtmbox.obj
 0001:0002a9f0       __fptrap                   0042b9f0 f   LIBCMT:crt0fp.obj
 0001:0002aa12       ___crtGetLocaleInfoW       0042ba12 f   LIBCMT:w_loc.obj
 0001:0002ab85       ___crtGetLocaleInfoA       0042bb85 f   LIBCMT:a_loc.obj
 0001:0002ac15       __ismbbkalnum_l            0042bc15 f   LIBCMT:ismbbyte.obj
 0001:0002ac2e       __ismbbkalnum              0042bc2e f   LIBCMT:ismbbyte.obj
 0001:0002ac46       __ismbbkprint_l            0042bc46 f   LIBCMT:ismbbyte.obj
 0001:0002ac5f       __ismbbkprint              0042bc5f f   LIBCMT:ismbbyte.obj
 0001:0002ac77       __ismbbkpunct_l            0042bc77 f   LIBCMT:ismbbyte.obj
 0001:0002ac90       __ismbbkpunct              0042bc90 f   LIBCMT:ismbbyte.obj
 0001:0002aca8       __ismbbalnum_l             0042bca8 f   LIBCMT:ismbbyte.obj
 0001:0002acc4       __ismbbalnum               0042bcc4 f   LIBCMT:ismbbyte.obj
 0001:0002acdf       __ismbbalpha_l             0042bcdf f   LIBCMT:ismbbyte.obj
 0001:0002acfb       __ismbbalpha               0042bcfb f   LIBCMT:ismbbyte.obj
 0001:0002ad16       __ismbbgraph_l             0042bd16 f   LIBCMT:ismbbyte.obj
 0001:0002ad32       __ismbbgraph               0042bd32 f   LIBCMT:ismbbyte.obj
 0001:0002ad4d       __ismbbprint_l             0042bd4d f   LIBCMT:ismbbyte.obj
 0001:0002ad69       __ismbbprint               0042bd69 f   LIBCMT:ismbbyte.obj
 0001:0002ad84       __ismbbpunct_l             0042bd84 f   LIBCMT:ismbbyte.obj
 0001:0002ad9d       __ismbbpunct               0042bd9d f   LIBCMT:ismbbyte.obj
 0001:0002adb5       __ismbblead_l              0042bdb5 f   LIBCMT:ismbbyte.obj
 0001:0002adce       __ismbblead                0042bdce f   LIBCMT:ismbbyte.obj
 0001:0002ade6       __ismbbtrail_l             0042bde6 f   LIBCMT:ismbbyte.obj
 0001:0002adff       __ismbbtrail               0042bdff f   LIBCMT:ismbbyte.obj
 0001:0002ae17       __ismbbkana_l              0042be17 f   LIBCMT:ismbbyte.obj
 0001:0002ae6c       __ismbbkana                0042be6c f   LIBCMT:ismbbyte.obj
 0001:0002ae7f       __vswprintf_l              0042be7f f   LIBCMT:vswprint.obj
 0001:0002af18       __vswprintf                0042bf18 f   LIBCMT:vswprint.obj
 0001:0002af32       ___vswprintf_l             0042bf32 f   LIBCMT:vswprint.obj
 0001:0002af3d       __vscwprintf_helper        0042bf3d f   LIBCMT:vswprint.obj
 0001:0002af94       __vscwprintf               0042bf94 f   LIBCMT:vswprint.obj
 0001:0002afb0       __vscwprintf_l             0042bfb0 f   LIBCMT:vswprint.obj
 0001:0002afcd       __vscwprintf_p             0042bfcd f   LIBCMT:vswprint.obj
 0001:0002afe9       __vscwprintf_p_l           0042bfe9 f   LIBCMT:vswprint.obj
 0001:0002b006       __fputwc_nolock            0042c006 f   LIBCMT:fputwc.obj
 0001:0002b18d       _fputwc                    0042c18d f   LIBCMT:fputwc.obj
 0001:0002b206       _putwc                     0042c206 f   LIBCMT:fputwc.obj
 0001:0002b40b       _wcstol                    0042c40b f   LIBCMT:wcstol.obj
 0001:0002b436       __wcstol_l                 0042c436 f   LIBCMT:wcstol.obj
 0001:0002b453       _wcstoul                   0042c453 f   LIBCMT:wcstol.obj
 0001:0002b47f       __wcstoul_l                0042c47f f   LIBCMT:wcstol.obj
 0001:0002b49c       __chsize_nolock            0042c49c f   LIBCMT:chsize.obj
 0001:0002b652       __chsize_s                 0042c652 f   LIBCMT:chsize.obj
 0001:0002b73f       __chsize                   0042c73f f   LIBCMT:chsize.obj
 0001:0002b75b       __setmode_nolock           0042c75b f   LIBCMT:setmode.obj
 0001:0002b817       __set_fmode                0042c817 f   LIBCMT:setmode.obj
 0001:0002b863       __get_fmode                0042c863 f   LIBCMT:setmode.obj
 0001:0002b89c       __setmode                  0042c89c f   LIBCMT:setmode.obj
 0001:0002b993       __strnicmp_l               0042c993 f   LIBCMT:strnicmp.obj
 0001:0002ba85       _strnicmp                  0042ca85 f   LIBCMT:strnicmp.obj
 0001:0002ba85       __strnicmp                 0042ca85 f   LIBCMT:strnicmp.obj
 0001:0002bae3       ___initconin               0042cae3 f   LIBCMT:initcon.obj
 0001:0002bb02       ___initconout              0042cb02 f   LIBCMT:initcon.obj
 0001:0002bb21       ___termcon                 0042cb21 f   LIBCMT:initcon.obj
 0001:0002bb4e       __get_daylight             0042cb4e f   LIBCMT:timeset.obj
 0001:0002bb87       __get_dstbias              0042cb87 f   LIBCMT:timeset.obj
 0001:0002bbc0       __get_timezone             0042cbc0 f   LIBCMT:timeset.obj
 0001:0002bbf9       __get_tzname               0042cbf9 f   LIBCMT:timeset.obj
 0001:0002bc9d       ___daylight                0042cc9d f   LIBCMT:timeset.obj
 0001:0002bca3       ___dstbias                 0042cca3 f   LIBCMT:timeset.obj
 0001:0002bca9       ___timezone                0042cca9 f   LIBCMT:timeset.obj
 0001:0002bcaf       ___tzname                  0042ccaf f   LIBCMT:timeset.obj
 0001:0002bcb5       __set_daylight             0042ccb5 f i LIBCMT:tzset.obj
 0001:0002bcc6       __set_dstbias              0042ccc6 f i LIBCMT:tzset.obj
 0001:0002bcd7       __set_timezone             0042ccd7 f i LIBCMT:tzset.obj
 0001:0002c3fd       ___tzset                   0042d3fd f   LIBCMT:tzset.obj
 0001:0002c44c       __tzset                    0042d44c f   LIBCMT:tzset.obj
 0001:0002c484       __isindst                  0042d484 f   LIBCMT:tzset.obj
 0001:0002c4c5       ___ascii_stricmp           0042d4c5 f   LIBCMT:stricmp.obj
 0001:0002c4fe       __stricmp_l                0042d4fe f   LIBCMT:stricmp.obj
 0001:0002c5d3       __stricmp                  0042d5d3 f   LIBCMT:stricmp.obj
 0001:0002c5d3       _stricmp                   0042d5d3 f   LIBCMT:stricmp.obj
 0001:0002c702       __itoa_s                   0042d702 f   LIBCMT:xtoas.obj
 0001:0002c72c       __ltoa_s                   0042d72c f   LIBCMT:xtoas.obj
 0001:0002c753       __ultoa_s                  0042d753 f   LIBCMT:xtoas.obj
 0001:0002c865       __i64toa_s                 0042d865 f   LIBCMT:xtoas.obj
 0001:0002c89a       __ui64toa_s                0042d89a f   LIBCMT:xtoas.obj
 0001:0002c8dc       ___crtGetStringTypeW       0042d8dc f   LIBCMT:w_str.obj
 0001:0002c91a       __flswbuf                  0042d91a f   LIBCMT:_flswbuf.obj
 0001:0002ca8e       __wchartodigit             0042da8e f   LIBCMT:wchtodig.obj
 0001:0002cc70       ___ascii_strnicmp          0042dc70 f   LIBCMT:_strnicm.obj
 0001:0002ccd1       __getenv_helper_nolock     0042dcd1 f   LIBCMT:getenv.obj
 0001:0002ce91       _getenv                    0042de91 f   LIBCMT:getenv.obj
 0001:0002cf14       _getenv_s                  0042df14 f   LIBCMT:getenv.obj
 0001:0002cfec       __dupenv_s                 0042dfec f   LIBCMT:getenv.obj
 0001:0002d0d2       __mbsnbicoll_l             0042e0d2 f   LIBCMT:mbsnbico.obj
 0001:0002d1c0       __mbsnbicoll               0042e1c0 f   LIBCMT:mbsnbico.obj
 0001:0002d1da       ___wtomb_environ           0042e1da f   LIBCMT:wtombenv.obj
 0001:0002d271       _calloc                    0042e271 f   LIBCMT:calloc.obj
 0001:0002d2b1       _strnlen                   0042e2b1 f   LIBCMT:strlen_s.obj
 0001:0002d65c       ___crtCompareStringA       0042e65c f   LIBCMT:a_cmp.obj
 0001:0002d69e       __strnicoll_l              0042e69e f   LIBCMT:strnicol.obj
 0001:0002d798       __strnicoll                0042e798 f   LIBCMT:strnicol.obj
 0001:0002d86d       ___crtsetenv               0042e86d f   LIBCMT:setenv.obj
 0001:0002dab8       __strdup                   0042eab8 f   LIBCMT:strdup.obj
 0001:0002db0d       __mbschr_l                 0042eb0d f   LIBCMT:mbschr.obj
 0001:0002dbc9       __mbschr                   0042ebc9 f   LIBCMT:mbschr.obj
 0001:0002dbe0       _GetVersion@0              0042ebe0 f   kernel32:KERNEL32.dll
 0001:0002dbe6       _GetConsoleScreenBufferInfo@8 0042ebe6 f   kernel32:KERNEL32.dll
 0001:0002dbec       _GetStdHandle@4            0042ebec f   kernel32:KERNEL32.dll
 0001:0002dbf2       _SetThreadAffinityMask@8   0042ebf2 f   kernel32:KERNEL32.dll
 0001:0002dbf8       _GetCurrentThread@0        0042ebf8 f   kernel32:KERNEL32.dll
 0001:0002dbfe       _SetConsoleCtrlHandler@8   0042ebfe f   kernel32:KERNEL32.dll
 0001:0002dc04       _SetUnhandledExceptionFilter@4 0042ec04 f   kernel32:KERNEL32.dll
 0001:0002dc0a       _SetErrorMode@4            0042ec0a f   kernel32:KERNEL32.dll
 0001:0002dc10       _GetPrivateProfileStringA@24 0042ec10 f   kernel32:KERNEL32.dll
 0001:0002dc16       _GetModuleFileNameA@12     0042ec16 f   kernel32:KERNEL32.dll
 0001:0002dc1c       _GetPrivateProfileSectionA@16 0042ec1c f   kernel32:KERNEL32.dll
 0001:0002dc22       _GetFileAttributesA@4      0042ec22 f   kernel32:KERNEL32.dll
 0001:0002dc28       _GetPrivateProfileIntA@16  0042ec28 f   kernel32:KERNEL32.dll
 0001:0002dc2e       _FreeConsole@0             0042ec2e f   kernel32:KERNEL32.dll
 0001:0002dc34       _GetCurrentDirectoryA@8    0042ec34 f   kernel32:KERNEL32.dll
 0001:0002dc3a       _SetCurrentDirectoryA@4    0042ec3a f   kernel32:KERNEL32.dll
 0001:0002dc40       _Sleep@4                   0042ec40 f   kernel32:KERNEL32.dll
 0001:0002dc46       _CloseHandle@4             0042ec46 f   kernel32:KERNEL32.dll
 0001:0002dc4c       _WaitForSingleObject@8     0042ec4c f   kernel32:KERNEL32.dll
 0001:0002dc52       _FindFirstChangeNotificationA@12 0042ec52 f   kernel32:KERNEL32.dll
 0001:0002dc58       _FindNextChangeNotification@4 0042ec58 f   kernel32:KERNEL32.dll
 0001:0002dc5e       _Beep@8                    0042ec5e f   kernel32:KERNEL32.dll
 0001:0002dc64       _GetCurrentThreadId@0      0042ec64 f   kernel32:KERNEL32.dll
 0001:0002dc6a       _SetPriorityClass@8        0042ec6a f   kernel32:KERNEL32.dll
 0001:0002dc70       _GetCurrentProcess@0       0042ec70 f   kernel32:KERNEL32.dll
 0001:0002dc76       _LoadLibraryA@4            0042ec76 f   kernel32:KERNEL32.dll
 0001:0002dc7c       _GetProcAddress@8          0042ec7c f   kernel32:KERNEL32.dll
 0001:0002dc82       _GetModuleHandleA@4        0042ec82 f   kernel32:KERNEL32.dll
 0001:0002dc88       _FreeLibrary@4             0042ec88 f   kernel32:KERNEL32.dll
 0001:0002dc8e       _GetPrivateProfileSectionNamesA@12 0042ec8e f   kernel32:KERNEL32.dll
 0001:0002dc94       _CreateFileA@28            0042ec94 f   kernel32:KERNEL32.dll
 0001:0002dc9a       _GetCommProperties@8       0042ec9a f   kernel32:KERNEL32.dll
 0001:0002dca0       _WideCharToMultiByte@32    0042eca0 f   kernel32:KERNEL32.dll
 0001:0002dca6       _FlushFileBuffers@4        0042eca6 f   kernel32:KERNEL32.dll
 0001:0002dcac       _CreateEventA@16           0042ecac f   kernel32:KERNEL32.dll
 0001:0002dcb2       _ResetEvent@4              0042ecb2 f   kernel32:KERNEL32.dll
 0001:0002dcb8       _GetLastError@0            0042ecb8 f   kernel32:KERNEL32.dll
 0001:0002dcbe       _FindFirstVolumeA@8        0042ecbe f   kernel32:KERNEL32.dll
 0001:0002dcc4       _FindNextVolumeA@12        0042ecc4 f   kernel32:KERNEL32.dll
 0001:0002dcca       _DeviceIoControl@32        0042ecca f   kernel32:KERNEL32.dll
 0001:0002dcd0       _FindVolumeClose@4         0042ecd0 f   kernel32:KERNEL32.dll
 0001:0002dcd6       _SetFilePointer@16         0042ecd6 f   kernel32:KERNEL32.dll
 0001:0002dcdc       _ReadFile@20               0042ecdc f   kernel32:KERNEL32.dll
 0001:0002dce2       _WriteFile@20              0042ece2 f   kernel32:KERNEL32.dll
 0001:0002dce8       _GetTempPathA@8            0042ece8 f   kernel32:KERNEL32.dll
 0001:0002dcee       _MultiByteToWideChar@24    0042ecee f   kernel32:KERNEL32.dll
 0001:0002dcf4       _AreFileApisANSI@0         0042ecf4 f   kernel32:KERNEL32.dll
 0001:0002dcfa       _DeleteFileA@4             0042ecfa f   kernel32:KERNEL32.dll
 0001:0002dd00       _GetFullPathNameA@16       0042ed00 f   kernel32:KERNEL32.dll
 0001:0002dd06       _SetConsoleTitleA@4        0042ed06 f   kernel32:KERNEL32.dll
 0001:0002dd0c       _FlushConsoleInputBuffer@4 0042ed0c f   kernel32:KERNEL32.dll
 0001:0002dd12       _GlobalLock@4              0042ed12 f   kernel32:KERNEL32.dll
 0001:0002dd18       _GlobalUnlock@4            0042ed18 f   kernel32:KERNEL32.dll
 0001:0002dd1e       _GetLocalTime@4            0042ed1e f   kernel32:KERNEL32.dll
 0001:0002dd24       _DefineDosDeviceA@12       0042ed24 f   kernel32:KERNEL32.dll
 0001:0002dd2a       _SetCommTimeouts@8         0042ed2a f   kernel32:KERNEL32.dll
 0001:0002dd30       _GetCommState@8            0042ed30 f   kernel32:KERNEL32.dll
 0001:0002dd36       _SetCommState@8            0042ed36 f   kernel32:KERNEL32.dll
 0001:0002dd3c       _EscapeCommFunction@8      0042ed3c f   kernel32:KERNEL32.dll
 0001:0002dd42       _GetCommModemStatus@8      0042ed42 f   kernel32:KERNEL32.dll
 0001:0002dd48       _CreateProcessA@40         0042ed48 f   kernel32:KERNEL32.dll
 0001:0002dd4e       _GetTickCount@0            0042ed4e f   kernel32:KERNEL32.dll
 0001:0002dd54       _CreateDirectoryA@8        0042ed54 f   kernel32:KERNEL32.dll
 0001:0002dd5a       _GetExitCodeProcess@8      0042ed5a f   kernel32:KERNEL32.dll
 0001:0002dd60       _FindFirstFileA@8          0042ed60 f   kernel32:KERNEL32.dll
 0001:0002dd66       _FindNextFileA@8           0042ed66 f   kernel32:KERNEL32.dll
 0001:0002dd6c       _FindClose@4               0042ed6c f   kernel32:KERNEL32.dll
 0001:0002dd72       _RemoveDirectoryA@4        0042ed72 f   kernel32:KERNEL32.dll
 0001:0002dd78       _QueryPerformanceFrequency@4 0042ed78 f   kernel32:KERNEL32.dll
 0001:0002dd7e       _QueryPerformanceCounter@4 0042ed7e f   kernel32:KERNEL32.dll
 0001:0002dd84       _SetConsoleTextAttribute@8 0042ed84 f   kernel32:KERNEL32.dll
 0001:0002dd8a       _FormatMessageA@28         0042ed8a f   kernel32:KERNEL32.dll
 0001:0002dd90       _InitializeCriticalSection@4 0042ed90 f   kernel32:KERNEL32.dll
 0001:0002dd96       _DeleteCriticalSection@4   0042ed96 f   kernel32:KERNEL32.dll
 0001:0002dd9c       _EnterCriticalSection@4    0042ed9c f   kernel32:KERNEL32.dll
 0001:0002dda2       _LeaveCriticalSection@4    0042eda2 f   kernel32:KERNEL32.dll
 0001:0002dda8       _SetEvent@4                0042eda8 f   kernel32:KERNEL32.dll
[...]
 0003:00fba140       ___sbh_indGroupDefer       0148d140     <common>
 0003:00fba144       ___active_heap             0148d144     <common>
 0003:00fba148       __pDestructExceptionObject 0148d148     <common>
 0003:00fba14c       __acmdln                   0148d14c     <common>
 0003:00fba150       ___env_initialized         0148d150     <common>
 0003:00fba154       ___onexitend               0148d154     <common>
 0003:00fba158       ___onexitbegin             0148d158     <common>
 0003:00fba15c       ___mbctype_initialized     0148d15c     <common>
 0003:00fba160       ___dyn_tls_init_callback   0148d160     <common>
 0003:00fba164       ___piob                    0148d164     <common>
 0003:00fba180       __bufin                    0148d180     <common>
 0003:00fbb180       __nstream                  0148e180     <common>

 entry point at        0001:00011289

 Static symbols

 0001:0000ce5d       _swprintf                  0040de5d f   LIBCMT:wassert.obj
 0001:0000d5cd       __onexit_nolock            0040e5cd f   LIBCMT:onexit.obj
 0001:0000d9b4       _vscan_fn                  0040e9b4 f   LIBCMT:sscanf.obj
 0001:0000f3a0       _swap                      004103a0 f   LIBCMT:qsort.obj
 0001:0000f3d0       _shortsort                 004103d0 f   LIBCMT:qsort.obj
 0001:00010604       _flsall                    00411604 f   LIBCMT:fflush.obj
 0001:0001099d       __initterm                 0041199d f   LIBCMT:crt0dat.obj
 0001:00010adb       _doexit                    00411adb f   LIBCMT:crt0dat.obj
 0001:00010e93       __callthreadstartex        00411e93 f   LIBCMT:threadex.obj
 0001:00010ed4       __threadstartex@4          00411ed4 f   LIBCMT:threadex.obj
 0001:000110c7       _fast_error_exit           004120c7 f   LIBCMT:crt0.obj
 0001:000110f0       _check_managed_app         004120f0 f   LIBCMT:crt0.obj
 0001:00011137       ___tmainCRTStartup         00412137 f   LIBCMT:crt0.obj
 0001:000114b1       _write_char                004124b1 f   LIBCMT:output.obj
 0001:000114e4       _write_multi_char          004124e4 f   LIBCMT:output.obj
 0001:0001150a       _write_string              0041250a f   LIBCMT:output.obj
 0001:00012470       _ValidateLocalCookies      00413470 f   LIBCMT:chandler4.obj
 0001:00012e4b       _ctrlevent_capture@4       00413e4b f   LIBCMT:winsig.obj
 0001:00012ee6       _siglookup                 00413ee6 f   LIBCMT:winsig.obj
 0001:00013492       _xtow_s@20                 00414492 f   LIBCMT:xtows.obj
 0001:000135f5       @x64tow_s@24               004145f5 f   LIBCMT:xtows.obj
 0001:000159eb       ___check_float_string      004169eb f   LIBCMT:input.obj
 0001:00015a54       __hextodec                 00416a54 f   LIBCMT:input.obj
 0001:00015a74       __inc                      00416a74 f   LIBCMT:input.obj
 0001:00015a8a       __un_inc                   00416a8a f   LIBCMT:input.obj
 0001:00015a9d       __whiteout                 00416a9d f   LIBCMT:input.obj
 0001:00016a84       ___check_float_string      00417a84 f   LIBCMT:inputs.obj
 0001:00016adb       __hextodec                 00417adb f   LIBCMT:inputs.obj
 0001:00016afb       __inc                      00417afb f   LIBCMT:inputs.obj
 0001:00016b11       __un_inc                   00417b11 f   LIBCMT:inputs.obj
 0001:00016b24       __whiteout                 00417b24 f   LIBCMT:inputs.obj
 0001:00018275       ?strtoxl@@YAKPAUlocaleinfo_struct@@PBDPAPBDHH@Z 00419275 f   LIBCMT:strtol.obj
 0001:00018535       ?strtoxq@@YA_KPAUlocaleinfo_struct@@PBDPAPBDHH@Z 00419535 f   LIBCMT:strtoq.obj
 0001:00018cf0       __unwind_handler4          00419cf0 f   LIBCMT:exsup4.obj
 0001:0001a1c9       ?CPtoLCID@@YAHH@Z          0041b1c9 f   LIBCMT:mbctype.obj
 0001:0001a1f8       ?setSBCS@@YAXPAUthreadmbcinfostruct@@@Z 0041b1f8 f   LIBCMT:mbctype.obj
 0001:0001a25c       ?setSBUpLow@@YAXPAUthreadmbcinfostruct@@@Z 0041b25c f   LIBCMT:mbctype.obj
 0001:0001a493       ?getSystemCP@@YAHH@Z       0041b493 f   LIBCMT:mbctype.obj
 0001:0001ab67       __copytlocinfo_nolock      0041bb67 f   LIBCMT:setlocal.obj
 0001:0001ab8d       __updatetlocinfoEx_nolock  0041bb8d f   LIBCMT:setlocal.obj
 0001:0001acab       _sync_legacy_variables_lk  0041bcab f   LIBCMT:setlocal.obj
 0001:0001b058       __setlocale_get_all        0041c058 f   LIBCMT:setlocal.obj
 0001:0001b406       __setlocale_set_cat        0041c406 f   LIBCMT:setlocal.obj
 0001:0001b708       __setlocale_nolock         0041c708 f   LIBCMT:setlocal.obj
 0001:0001c5e8       ?strncnt@@YAHPBDH@Z        0041d5e8 f   LIBCMT:a_map.obj
 0001:0001c606       ?__crtLCMapStringA_stat@@YAHPAUlocaleinfo_struct@@KKPBDHPADHHH@Z 0041d606 f   LIBCMT:a_map.obj
 0001:0001cf83       _fastcopy_I                0041df83 f   LIBCMT:p4_memcpy.obj
 0001:0001d0ed       _has_osfxsr_set            0041e0ed f   LIBCMT:cpu_disp.obj
 0001:0001d793       _xcptlookup                0041e793 f   LIBCMT:winxfltr.obj
 0001:0001dd99       _parse_cmdline             0041ed99 f   LIBCMT:stdargv.obj
 0001:0001e695       _write_char                0041f695 f   LIBCMT:outputs.obj
 0001:0001e6c8       _write_multi_char          0041f6c8 f   LIBCMT:outputs.obj
 0001:0001e6ee       _write_string              0041f6ee f   LIBCMT:outputs.obj
 0001:0001f436       _write_char                00420436 f   LIBCMT:outputp.obj
 0001:0001f469       _write_multi_char          00420469 f   LIBCMT:outputp.obj
 0001:0001f48f       _write_string              0042048f f   LIBCMT:outputp.obj
 0001:000207b1       _write_char                004217b1 f   LIBCMT:woutput.obj
 0001:000207e0       _write_multi_char          004217e0 f   LIBCMT:woutput.obj
 0001:00020807       _write_string              00421807 f   LIBCMT:woutput.obj
 0001:000213f1       _write_char                004223f1 f   LIBCMT:woutputs.obj
 0001:00021420       _write_multi_char          00422420 f   LIBCMT:woutputs.obj
 0001:00021447       _write_string              00422447 f   LIBCMT:woutputs.obj
 0001:0002218f       _write_char                0042318f f   LIBCMT:woutputp.obj
 0001:000221be       _write_multi_char          004231be f   LIBCMT:woutputp.obj
 0001:000221e5       _write_string              004231e5 f   LIBCMT:woutputp.obj
 0001:00023afd       __tsopen_nolock            00424afd f   LIBCMT:open.obj
 0001:000247dc       __unwind_handler           004257dc f   LIBCMT:exsup.obj
 0001:000248f3       _fastzero_I                004258f3 f   LIBCMT:p4_memset.obj
 0001:00024b83       ?__crtGetStringTypeA_stat@@YAHPAUlocaleinfo_struct@@KPBDHPAGHHH@Z 00425b83 f   LIBCMT:a_str.obj
 0001:00024dae       __get_lc_time              00425dae f   LIBCMT:inittime.obj
 0001:000253d7       _fix_grouping              004263d7 f   LIBCMT:initnum.obj
 0001:00025619       _fix_grouping              00426619 f   LIBCMT:initmon.obj
 0001:0002636e       ?_store_str@@YAXPADPAPADPAI@Z 0042736e f   LIBCMT:strftime.obj
 0001:0002638e       ?_store_number@@YAXHPAPADPAI@Z 0042738e f   LIBCMT:strftime.obj
 0001:000263c4       ?_store_num@@YAXHHPAPADPAII@Z 004273c4 f   LIBCMT:strftime.obj
 0001:0002643f       ?_expandtime@@YAHPAUlocaleinfo_struct@@DPBUtm@@PAPADPAIPAU__lc_time_data@@I@Z 0042743f f   LIBCMT:strftime.obj
 0001:00026827       ?_store_winword@@YAHPAUlocaleinfo_struct@@HPBUtm@@PAPADPAIPAU__lc_time_data@@@Z 00427827 f   LIBCMT:strftime.obj
 0001:00027128       _TranslateName             00428128 f   LIBCMT:getqloc.obj
 0001:0002718a       _GetLcidFromDefault        0042818a f   LIBCMT:getqloc.obj
 0001:0002719e       _ProcessCodePage           0042819e f   LIBCMT:getqloc.obj
 0001:00027242       _TestDefaultCountry        00428242 f   LIBCMT:getqloc.obj
 0001:00027266       _LcidFromHexString         00428266 f   LIBCMT:getqloc.obj
 0001:0002729a       _GetPrimaryLen             0042829a f   LIBCMT:getqloc.obj
 0001:000272b5       _CountryEnumProc@4         004282b5 f   LIBCMT:getqloc.obj
 0001:0002734d       _TestDefaultLanguage       0042834d f   LIBCMT:getqloc.obj
 0001:000273c1       _LangCountryEnumProc@4     004283c1 f   LIBCMT:getqloc.obj
 0001:00027593       _LanguageEnumProc@4        00428593 f   LIBCMT:getqloc.obj
 0001:00027654       _GetLcidFromCountry        00428654 f   LIBCMT:getqloc.obj
 0001:00027680       _GetLcidFromLangCountry    00428680 f   LIBCMT:getqloc.obj
 0001:000276e7       _GetLcidFromLanguage       004286e7 f   LIBCMT:getqloc.obj
 0001:00027914       _cmpResult                 00428914 f   LIBCMT:memcmp.obj
 0001:00027926       _cmpBYTE                   00428926 f   LIBCMT:memcmp.obj
 0001:0002793e       _cmpWORD                   0042893e f   LIBCMT:memcmp.obj
 0001:0002797e       _cmpDWORD                  0042897e f   LIBCMT:memcmp.obj
 0001:000279f6       _unaligned_memcmp          004289f6 f   LIBCMT:memcmp.obj
 0001:0002a9f9       ?__crtGetLocaleInfoW_stat@@YAHPAUlocaleinfo_struct@@KKPA_WHH@Z 0042b9f9 f   LIBCMT:w_loc.obj
 0001:0002aa46       ?__crtGetLocaleInfoA_stat@@YAHPAUlocaleinfo_struct@@KKPADHH@Z 0042ba46 f   LIBCMT:a_loc.obj
 0001:0002abc2       ?x_ismbbtype_l@@YAHPAUlocaleinfo_struct@@IHH@Z 0042bbc2 f   LIBCMT:ismbbyte.obj
 0001:0002b211       ?wcstoxl@@YAKPAUlocaleinfo_struct@@PB_WPAPB_WHH@Z 0042c211 f   LIBCMT:wcstol.obj
 0001:0002bce8       __tzset_nolock             0042cce8 f   LIBCMT:tzset.obj
 0001:0002c02e       _cvtdate                   0042d02e f   LIBCMT:tzset.obj
 0001:0002c225       __isindst_nolock           0042d225 f   LIBCMT:tzset.obj
 0001:0002c625       _xtoa_s@20                 0042d625 f   LIBCMT:xtoas.obj
 0001:0002c76d       @x64toa_s@24               0042d76d f   LIBCMT:xtoas.obj
 0001:0002c8b9       ?__crtGetStringTypeW_stat@@YAHPAUlocaleinfo_struct@@KPB_WHPAGHH@Z 0042d8b9 f   LIBCMT:w_str.obj
 0001:0002cd58       __getenv_s_helper          0042dd58 f   LIBCMT:getenv.obj
 0001:0002cded       __dupenv_s_helper          0042dded f   LIBCMT:getenv.obj
 0001:0002d2ce       ?strncnt@@YAHPBDH@Z        0042e2ce f   LIBCMT:a_cmp.obj
 0001:0002d2ec       ?__crtCompareStringA_stat@@YAHPAUlocaleinfo_struct@@KKPBDH1HH@Z 0042e2ec f   LIBCMT:a_cmp.obj
 0001:0002d7c1       _findenv                   0042e7c1 f   LIBCMT:setenv.obj
 0001:0002d813       _copy_environ              0042e813 f   LIBCMT:setenv.obj
 0001:00036e30       ?saa1099_envelope@@YAXPAUsaa1099_state@@H@Z 00437e30 f    CIL library: CIL module
 0001:00039a10       ?FillCheck@@YA_NPBXDI@Z    0043aa10 f    CIL library: CIL module
 0001:0003d730       ?rdtsc@@YA_KXZ             0043e730 f    CIL library: CIL module
 0001:0003db10       ?cpuid@@YAXQAII@Z          0043eb10 f    CIL library: CIL module
 0001:0003db20       ?rdtsc@@YA_KXZ             0043eb20 f    CIL library: CIL module
 0001:000402a0       ?png_flush@@YAXPAUpng_struct_def@@@Z 004412a0 f    CIL library: CIL module
 0001:000402c0       ?png_write_data@@YAXPAUpng_struct_def@@PAEI@Z 004412c0 f    CIL library: CIL module
 0001:000410c0       ?VideoNullSaver@@YAXXZ     004420c0 f    CIL library: CIL module
 0001:000414a0       ?addref@@YAXAAPADEPBDII@Z  004424a0 f    CIL library: CIL module
 0001:000424e0       ?VideoFrameSaver@@YAXXZ    004434e0 f    CIL library: CIL module
 0001:000460f0       ?rdtsc@@YA_KXZ             004470f0 f    CIL library: CIL module
 0001:00046380       ?rdtsc@@YA_KXZ             00447380 f    CIL library: CIL module
 0001:00046390       ?asm_pause@@YAXXZ          00447390 f    CIL library: CIL module
 0001:00046ab0       ?text_16@@YAXPAEPBDE@Z     00447ab0 f    CIL library: CIL module
 0001:00046d00       ?rdtsc@@YA_KXZ             00447d00 f    CIL library: CIL module
 0001:00051b60       ?UpdateMemMapping@z80gs@@YAXXZ 00452b60 f    CIL library: CIL module
 0001:00051cb0       ?flush_gs_sound@z80gs@@YAXXZ 00452cb0 f    CIL library: CIL module
 0001:00051f20       ?rdtsc@@YA_KXZ             00452f20 f    CIL library: CIL module
 0001:00051f30       ?rol8@@YAEEE@Z             00452f30 f    CIL library: CIL module
 0001:00051fb0       ?stepi@z80gs@@YAXXZ        00452fb0 f    CIL library: CIL module
 0001:00052240       ?gs_byte_to_dac@z80gs@@YAXIE@Z 00453240 f    CIL library: CIL module
 0001:00055f40       ?FMCloseTable@@YAXXZ       00456f40 f    CIL library: CIL module
 0001:00055f50       ?init_tables@@YAHXZ        00456f50 f    CIL library: CIL module
 0001:000560c0       ?reset_channels@@YAXPAUFM_ST@@PAUFM_CH@@H@Z 004570c0 f    CIL library: CIL module
 0001:00056120       ?init_timetables@@YAXPAUFM_ST@@PBE@Z 00457120 f    CIL library: CIL module
 0001:00056400       ?setup_connection@@YAXPAUFM_CH@@H@Z 00457400 f    CIL library: CIL module
 0001:00056690       ?OPNWriteReg@@YAXPAUFM_OPN@@HH@Z 00457690 f    CIL library: CIL module
 0001:00056960       ?OPNSetPres@@YAXPAUFM_OPN@@HHH@Z 00457960 f    CIL library: CIL module
 0001:00057570       ?OPNWriteMode@@YAXPAUFM_OPN@@HH@Z 00458570 f    CIL library: CIL module
 0001:000576c0       ?FMsave_state_st@@YAXPBDHPAUFM_ST@@@Z 004586c0 f    CIL library: CIL module
 0001:000579c0       ?FMsave_state_channel@@YAXPBDHPAUFM_CH@@H@Z 004589c0 f    CIL library: CIL module
 0001:00058200       ?getrom@@YAPBDW4ROM_MODE@@@Z 00459200 f    CIL library: CIL module
 0001:00058580       ?qsave@@YAXPBD@Z           00459580 f    CIL library: CIL module
 0001:000590a0       ?qload@@YAXPBD@Z           0045a0a0 f    CIL library: CIL module
 0001:000599c0       ?recognize_text@@YAXPBEQAPAE@Z 0045a9c0 f    CIL library: CIL module
 0001:0005d7e0       ?line_atm0_32d@@YAXPAE0PAIH@Z 0045e7e0 f    CIL library: CIL module
 0001:0005d890       ?line_atm0_32@@YAXPAE0PAIH@Z 0045e890 f    CIL library: CIL module
 0001:0005d920       ?line_atm0_16d@@YAXPAE0PAIH@Z 0045e920 f    CIL library: CIL module
 0001:0005d9b0       ?line_atm0_16@@YAXPAE0PAIH@Z 0045e9b0 f    CIL library: CIL module
 0001:0005da50       ?line_atm0_8d@@YAXPAE0PAIH@Z 0045ea50 f    CIL library: CIL module
 0001:0005dab0       ?line_atm0_8@@YAXPAE0PAIH@Z 0045eab0 f    CIL library: CIL module
 0001:0005f4d0       ?line_p4bpp_32d_nf@@YAXPAE00PAI@Z 004604d0 f    CIL library: CIL module
 0001:0005f6b0       ?line_p4bpp_32d@@YAXPAE0PAI@Z 004606b0 f    CIL library: CIL module
 0001:0005f7a0       ?line_p4bpp_32@@YAXPAE0PAI@Z 004607a0 f    CIL library: CIL module
 0001:0005f7f0       ?line_p4bpp_16d_nf@@YAXPAE00PAI@Z 004607f0 f    CIL library: CIL module
 0001:0005f9a0       ?line_p4bpp_16d@@YAXPAE0PAI@Z 004609a0 f    CIL library: CIL module
 0001:0005fa70       ?line_p4bpp_16@@YAXPAE0PAI@Z 00460a70 f    CIL library: CIL module
 0001:0005fac0       ?line_p4bpp_8d_nf@@YAXPAE00PAI@Z 00460ac0 f    CIL library: CIL module
 0001:0005fc00       ?line_p4bpp_8d@@YAXPAE0PAI@Z 00460c00 f    CIL library: CIL module
 0001:0005fc90       ?line_p4bpp_8@@YAXPAE0PAI@Z 00460c90 f    CIL library: CIL module
 0001:0005fcd0       ?r_p4bpp_32d@@YAXPAEI@Z    00460cd0 f    CIL library: CIL module
 0001:0005fd90       ?r_p4bpp_32d1@@YAXPAEI@Z   00460d90 f    CIL library: CIL module
 0001:0005fe30       ?r_p4bpp_32@@YAXPAEI@Z     00460e30 f    CIL library: CIL module
 0001:0005fe80       ?r_p4bpp_16d@@YAXPAEI@Z    00460e80 f    CIL library: CIL module
 0001:0005ff40       ?r_p4bpp_16d1@@YAXPAEI@Z   00460f40 f    CIL library: CIL module
 0001:0005ffe0       ?r_p4bpp_16@@YAXPAEI@Z     00460fe0 f    CIL library: CIL module
 0001:00060030       ?r_p4bpp_8d@@YAXPAEI@Z     00461030 f    CIL library: CIL module
 0001:000600f0       ?r_p4bpp_8d1@@YAXPAEI@Z    004610f0 f    CIL library: CIL module
 0001:00060190       ?r_p4bpp_8@@YAXPAEI@Z      00461190 f    CIL library: CIL module
 0001:00067990       ?_bil_line2@@YIXPAE0@Z     00468990 f    CIL library: CIL module
 0001:00067a00       ?_bil_line1@@YIXPAE0@Z     00468a00 f    CIL library: CIL module
 0001:0006b270       ?DoneD3d@@YAX_N@Z          0046c270 f    CIL library: CIL module
 0001:0006b6b0       ?FlipGdi@@YAXXZ            0046c6b0 f    CIL library: CIL module
 0001:0006ba00       ?CalcWindowSize@@YAXXZ     0046ca00 f    CIL library: CIL module
 0001:0006bbb0       ?StartD3d@@YAXPAUHWND__@@@Z 0046cbb0 f    CIL library: CIL module
 0001:0006c120       ?SetVideoModeD3d@@YAXXZ    0046d120 f    CIL library: CIL module
 0001:0006c730       ?FlipVideoMem@@YAXXZ       0046d730 f    CIL library: CIL module
 0001:0006c8b0       ?FlipD3d@@YAXXZ            0046d8b0 f    CIL library: CIL module
 0001:0006ca60       ?FlipBlt@@YAXXZ            0046da60 f    CIL library: CIL module
 0001:00073880       ?rw_err@@YAXPBD@Z          00474880 f    CIL library: CIL module
 0001:00076640       ?wtline@@YAXPBDII@Z        00477640 f    CIL library: CIL module
 0001:0007a270       ?get_dos_flag@@YA_NXZ      0047b270 f    CIL library: CIL module
 0001:0007a280       ?SaveBpx@@YAXXZ            0047b280 f    CIL library: CIL module
 0001:0007a3d0       ?LoadBpx@@YAXXZ            0047b3d0 f    CIL library: CIL module
 0001:00081a90       ?rend_atm_frame@@YAXPAEI@Z 00482a90 f    CIL library: CIL module
 0001:00081b00       ?rend_atm_frame_small@@YAXPAEI@Z 00482b00 f    CIL library: CIL module
 0001:00085407       __shift                    00486407 f   LIBCMT:cvt.obj
 0001:0008544c       __cftoe2_l                 0048644c f   LIBCMT:cvt.obj
 0001:00085a3e       __cftof2_l                 00486a3e f   LIBCMT:cvt.obj
 0001:00089ec7       __get_fname                0048aec7 f   LIBCMT:_fpexcept_.obj
 0001:0008ce53       __abstract_cw              0048de53 f   LIBCMT:_ieee87_.obj
 0001:0008cef2       __hw_cw                    0048def2 f   LIBCMT:_ieee87_.obj
 0001:0008cf80       __abstract_sw              0048df80 f   LIBCMT:_ieee87_.obj
 0001:0008cfc3       ___abstract_cw_sse2        0048dfc3 f   LIBCMT:_ieee87_.obj
 0001:0008d063       ___hw_cw_sse2              0048e063 f   LIBCMT:_ieee87_.obj
 0001:0008d103       ___abstract_sw_sse2        0048e103 f   LIBCMT:_ieee87_.obj
 0001:0008d146       ___fpreset_sse2            0048e146 f   LIBCMT:_ieee87_.obj
 0001:0008d21c       ___statusfp_sse2           0048e21c f   LIBCMT:_ieee87_.obj
 0001:0008d257       ___clearfp_sse2            0048e257 f   LIBCMT:_ieee87_.obj
 0001:0008d2a7       ___control87_sse2          0048e2a7 f   LIBCMT:_ieee87_.obj
 0001:0008e210       ??__ECheatDlg@@YAXXZ       0048f210 f    CIL library: CIL module
 0001:0008e220       ??__Emon_labels@@YAXXZ     0048f220 f    CIL library: CIL module
 0001:0008e230       ??__Ersm@@YAXXZ            0048f230 f    CIL library: CIL module
 0001:0008e240       ??__Ecpu@@YAXXZ            0048f240 f    CIL library: CIL module
 0001:0008e250       ??__Esound@z80gs@@YAXXZ    0048f250 f    CIL library: CIL module
 0001:0008e260       ??__Egscpu@@YAXXZ          0048f260 f    CIL library: CIL module
 0001:0008e270       ??__Ecomp@@YAXXZ           0048f270 f    CIL library: CIL module
 0001:0008e2a0       ??__Ehdd@@YAXXZ            0048f2a0 f    CIL library: CIL module
 0001:0008e2c0       ??__Esound@@YAXXZ          0048f2c0 f    CIL library: CIL module
 0001:0008e2d0       ??__Eay@@YAXXZ             0048f2d0 f    CIL library: CIL module
 0001:0008e300       ??__EVs1001@@YAXXZ         0048f300 f    CIL library: CIL module
 0001:0008e3c0       ??__ESaa1099@@YAXXZ        0048f3c0 f    CIL library: CIL module
 0001:0008e3d0       ??__FCheatDlg@@YAXXZ       0048f3d0 f    CIL library: CIL module
 0001:0008e3f0       ??__Fmon_labels@@YAXXZ     0048f3f0 f    CIL library: CIL module
 0001:0008e430       ??__Frsm@@YAXXZ            0048f430 f    CIL library: CIL module
 0001:0008e440       ??__Fcpu@@YAXXZ            0048f440 f    CIL library: CIL module
 0001:0008e450       ??__Fgscpu@@YAXXZ          0048f450 f    CIL library: CIL module
 0001:0008e460       ??__Fcomp@@YAXXZ           0048f460 f    CIL library: CIL module
 0001:0008e490       ??__Fhdd@@YAXXZ            0048f490 f    CIL library: CIL module
 0001:0008e4a0       ??__FVs1001@@YAXXZ         0048f4a0 f    CIL library: CIL module
