 emul

 Timestamp is 4f0f0f47 (Thu Jan 12 19:50:15 2012)

 Preferred load address is 00400000

 Start         Length     Name                   Class
 0001:00000000 0008e2dcH .text                   CODE
 0001:0008e2e0 000001b5H .text$yc                CODE
 0001:0008e4a0 000000f5H .text$yd                CODE
 0002:00000000 00000400H .idata$5                DATA
 0002:00000400 00000004H .CRT$XCA                DATA
 0002:00000404 00000030H .CRT$XCU                DATA
 0002:00000434 00000004H .CRT$XCZ                DATA
 0002:00000438 00000004H .CRT$XIA                DATA
 0002:0000043c 00000014H .CRT$XIC                DATA
 0002:00000450 00000004H .CRT$XIY                DATA
 0002:00000454 00000004H .CRT$XIZ                DATA
 0002:00000458 00000004H .CRT$XPA                DATA
 0002:0000045c 00000004H .CRT$XPX                DATA
 0002:00000460 00000004H .CRT$XPXA               DATA
 0002:00000464 00000004H .CRT$XPZ                DATA
 0002:00000468 00000004H .CRT$XTA                DATA
 0002:0000046c 00000004H .CRT$XTZ                DATA
 0002:00000470 00040127H .rdata                  DATA
 0002:00040598 0000003aH .rdata$debug            DATA
 0002:000405d4 00000004H .rtc$IAA                DATA
 0002:000405d8 00000004H .rtc$IZZ                DATA
 0002:000405dc 00000004H .rtc$TAA                DATA
 0002:000405e0 00000004H .rtc$TZZ                DATA
 0002:000405e8 00000a64H .xdata$x                DATA
 0002:0004104c 000000dcH .idata$2                DATA
 0002:00041128 00000014H .idata$3                DATA
 0002:0004113c 00000400H .idata$4                DATA
 0002:0004153c 00001204H .idata$6                DATA
 0002:00042740 00000000H .edata                  DATA
 0003:00000000 0002e8b4H .data                   DATA
 0003:0002f000 00f8c184H .bss                    DATA
 0004:00000000 000008e0H .rsrc$01                DATA
 0004:000008e0 000068e0H .rsrc$02                DATA

  Address         Publics by Value              Rva+Base       Lib:Object

 0000:00000000       ___safe_se_handler_count   00000000     <absolute>
 0000:00000000       ___safe_se_handler_table   00000000     <absolute>
 0000:00000000       __except_list              00000000     <absolute>
 0000:00000000       ___ImageBase               00400000     <linker-defined>
 0001:00000000       ??_H@YGXPAXIHP6EPAX0@Z@Z   00401000 f i emul.obj
 0001:00000030       ??_I@YGXPAXIHP6EX0@Z@Z     00401030 f i emul.obj
 0001:00000070       ??0CHEATDLG@@QAE@XZ        00401070 f i cheat.obj
 0001:000000a0       ??1CHEATDLG@@QAE@XZ        004010a0 f i cheat.obj
 0001:000000c0       ?SetTpi@Z80@@QAEXK@Z       004010c0 f i config.obj
 0001:000000d0       ?Cpu@TCpuMgr@@SAAAUZ80@@K@Z 004010d0 f i config.obj
 0001:000000e0       ?GetCount@TCpuMgr@@SAIXZ   004010e0 f i config.obj
 0001:000000f0       ?Open@TZc@@QAEXPBD@Z       004010f0 f i config.obj
 0001:00000140       ?Close@TZc@@QAEXXZ         00401140 f i config.obj
 0001:00000160       ?strstr@@YAPADPADPBD@Z     00401160 f i config.obj
 0001:00000180       ?strchr@@YAPADPADH@Z       00401180 f i config.obj
 0001:00000190       ?strrchr@@YAPADPADH@Z      00401190 f i config.obj
 0001:000001a0       ?DirectRm@Z80@@QBEEI@Z     004011a0 f i dbgbpx.obj
 0001:000001b0       ?Cpu@TCpuMgr@@SAAAUZ80@@XZ 004011b0 f i dbgbpx.obj
 0001:000001c0       ?DirectWm@Z80@@QAEXIE@Z    004011c0 f i dbgcmd.obj
 0001:000001e0       ?editrm@@YAEI@Z            004011e0 f i dbgcmd.obj
 0001:00000200       ??0MON_LABELS@@QAE@XZ      00401200 f i dbglabls.obj
 0001:00000230       ??1MON_LABELS@@QAE@XZ      00401230 f i dbglabls.obj
 0001:00000270       ?clear_ram@MON_LABELS@@QAEXXZ 00401270 f i dbglabls.obj
 0001:00000280       ?am_r@@YAPAEI@Z            00401280 f i dbglabls.obj
 0001:000002a0       ?clear@TRKCACHE@@QAEXXZ    004012a0 f i dbgmem.obj
 0001:000002c0       ??0TRKCACHE@@QAE@XZ        004012c0 f i dbgmem.obj
 0001:000002e0       ?get_activereg@SNDCHIP@@QAEEXZ 004012e0 f i dbgoth.obj
 0001:000002f0       ?get_reg@SNDCHIP@@QAEEI@Z  004012f0 f i dbgoth.obj
 0001:00000300       ?PrevCpu@TCpuMgr@@SAAAUTZ80State@@XZ 00401300 f i dbgreg.obj
 0001:00000310       ?GetCurrentCpu@TCpuMgr@@SAIXZ 00401310 f i dbgtrace.obj
 0001:00000320       ?handle_int@@YAXPAUZ80@@E@Z 00401320 f i dbgtrace.obj
 0001:000003d0       ?GetIdx@Z80@@QBEKXZ        004013d0 f i debug.obj
 0001:000003e0       ?PrevCpu@TCpuMgr@@SAAAUTZ80State@@K@Z 004013e0 f i debug.obj
 0001:000003f0       ?SetCurrentCpu@TCpuMgr@@SAXK@Z 004013f0 f i debug.obj
 0001:00000400       ?raypointer@@YAPAEXZ       00401400 f i draw.obj
 0001:00000440       ?clear_until_ray@@YAXXZ    00401440 f i draw.obj
 0001:00000490       ?switch_video@@YAXXZ       00401490 f i dx.obj
 0001:000004c0       ?line_8_any@@YAXPAE0@Z     004014c0 f i dxr_advm.obj
 0001:000004e0       ?line_32_any@@YAXPAE0@Z    004014e0 f i dxr_advm.obj
 0001:00000510       ??0RSM_DATA@@QAE@XZ        00401510 f i dxr_rsm.obj
 0001:00000520       ??1RSM_DATA@@QAE@XZ        00401520 f i dxr_rsm.obj
 0001:00000530       ?advance_eg_channel@@YAXPAUFM_OPN@@PAUFM_SLOT@@@Z 00401530 f i emul_2203.obj
 0001:00000750       ?pretest_font@@YAHIII@Z    00401750 f i fntsrch.obj
 0001:000008d0       ?reset@Z80@@QAEXXZ         004018d0 f i gsz80.obj
 0001:00000900       ?SetFastMemIf@Z80@@QAEXXZ  00401900 f i gsz80.obj
 0001:00000910       ?SetDbgMemIf@Z80@@QAEXXZ   00401910 f i gsz80.obj
 0001:00000920       ?start_frame@SNDRENDER@@QAEXXZ 00401920 f i gsz80.obj
 0001:00000940       ?GetDreq@TRingBuffer@@QBE_NXZ 00401940 f i gsz80.obj
 0001:00000950       ?GetDreq@TVs1001@@QBE_NXZ  00401950 f i gsz80.obj
 0001:00000960       ?handle_int@z80gs@@YAXPAUZ80@@E@Z 00401960 f i gsz80.obj
 0001:00000a10       ?am_r@z80gs@@YAPAEK@Z      00401a10 f i gsz80.obj
 0001:00000a30       ?rm@z80fast@z80gs@@YAEI@Z  00401a30 f i gsz80.obj
 0001:00000a80       ?wm@z80fast@z80gs@@YAXIE@Z 00401a80 f i gsz80.obj
 0001:00000ab0       ?rm@z80dbg@z80gs@@YAEI@Z   00401ab0 f i gsz80.obj
 0001:00000b20       ?wm@z80dbg@z80gs@@YAXIE@Z  00401b20 f i gsz80.obj
 0001:00000b70       ?m1_cycle@z80gs@@YAEPAUZ80@@@Z 00401b70 f i gsz80.obj
 0001:00000b90       ?get_chipname@SNDCHIP@@SAPBDW4CHIP_TYPE@1@@Z 00401b90 f i gui.obj
 0001:00000ba0       ?loaded@ATA_PASSER@@QAE_NXZ 00401ba0 f i hdd.obj
 0001:00000bb0       ?flush@ATA_PASSER@@QAEHXZ  00401bb0 f i hdd.obj
 0001:00000bc0       ?loaded@ATAPI_PASSER@@QAE_NXZ 00401bc0 f i hdd.obj
 0001:00000be0       ?loaded@ATA_DEVICE@@QAE_NXZ 00401be0 f i hdd.obj
 0001:00000c10       ??0ATA_PASSER@@QAE@XZ      00401c10 f i hddio.obj
 0001:00000c20       ??1ATA_PASSER@@QAE@XZ      00401c20 f i hddio.obj
 0001:00000c30       ??0ATAPI_PASSER@@QAE@XZ    00401c30 f i hddio.obj
 0001:00000c40       ??1ATAPI_PASSER@@QAE@XZ    00401c40 f i hddio.obj
 0001:00000c70       ?init_tape@@YAXXZ          00401c70 f i init.obj
 0001:00000c80       ?done_tape@@YAXXZ          00401c80 f i init.obj
 0001:00000c90       ?press_zx@K_INPUT@@QAEXE@Z 00401c90 f i input.obj
 0001:00000cd0       ?sign_pm@@YAHH@Z           00401cd0 f i input.obj
 0001:00000ce0       ?in1@@YAEI@Z               00401ce0 f i io.obj
 0001:00001690       ?get_env@SNDCHIP@@QAEIXZ   00402690 f i leds.obj
 0001:000016a0       ?update_perf_led@@YAXXZ    004026a0 f i leds.obj
 0001:00001780       ??0TSdCard@@QAE@XZ         00402780 f i sdcard.obj
 0001:00001790       ?set_chip@SNDCHIP@@QAEXW4CHIP_TYPE@1@@Z 00402790 f i sound.obj
 0001:000017a0       ?start_frame@SNDCHIP@@QAEXXZ 004027a0 f i sound.obj
 0001:000017c0       ?get_r13_reloaded@SNDCHIP@@QAEEXZ 004027c0 f i sound.obj
 0001:000017d0       ?start_frame@TSaa1099@@QAEXXZ 004027d0 f i sound.obj
 0001:00001800       ??0Z80@@QAE@KP6AXHPAD@ZP6IXXZP6A_JXZP6AXXZPAEPBUTMemIf@@6@Z 00402800 f i vars.obj
 0001:000018c0       ??1Z80@@UAE@XZ             004028c0 f i vars.obj
 0001:000018d0       ??_GZ80@@UAEPAXI@Z         004028d0 f i vars.obj
 0001:000018d0       ??_EZ80@@UAEPAXI@Z         004028d0 f i  CIL library: CIL module
 0001:000018f0       ??1FDD@@QAE@XZ             004028f0 f i vars.obj
 0001:00001900       ??0WD1793@@QAE@XZ          00402900 f i vars.obj
 0001:00001990       ??0FDD@@QAE@XZ             00402990 f i vars.obj
 0001:000019b0       ??0ATA_PORT@@QAE@XZ        004029b0 f i vars.obj
 0001:000019f0       ??0ATA_DEVICE@@QAE@XZ      004029f0 f i vars.obj
 0001:00001a10       ??1ATA_DEVICE@@QAE@XZ      00402a10 f i vars.obj
 0001:00001a60       ??0K_INPUT@@QAE@XZ         00402a60 f i vars.obj
 0001:00001aa0       ??0TMainZ80@@QAE@KP6AXHPAD@ZP6IXXZP6A_JXZP6AXXZPAEPBUTMemIf@@6@Z 00402aa0 f i vars.obj
 0001:00001ae0       ??_ETMainZ80@@UAEPAXI@Z    00402ae0 f i  CIL library: CIL module
 0001:00001ae0       ??_GTMainZ80@@UAEPAXI@Z    00402ae0 f i vars.obj
 0001:00001b00       ??1TMainZ80@@UAE@XZ        00402b00 f i vars.obj
 0001:00001b10       ??0TGsZ80@@QAE@KP6AXHPAD@ZP6IXXZP6A_JXZP6AXXZPAEPBUTMemIf@@6@Z 00402b10 f i vars.obj
 0001:00001b50       ??_ETGsZ80@@UAEPAXI@Z      00402b50 f i  CIL library: CIL module
 0001:00001b50       ??_GTGsZ80@@UAEPAXI@Z      00402b50 f i vars.obj
 0001:00001b70       ??1TGsZ80@@UAE@XZ          00402b70 f i vars.obj
 0001:00001b80       ??0SNDCOUNTER@@QAE@XZ      00402b80 f i vars.obj
 0001:00001b90       ?m1_cycle@@YAEPAUZ80@@@Z   00402b90 f i vars.obj
 0001:00001bb0       ??0COMPUTER@@QAE@XZ        00402bb0 f i vars.obj
 0001:00001bd0       ??1COMPUTER@@QAE@XZ        00402bd0 f i vars.obj
 0001:00001c00       ??1WD1793@@QAE@XZ          00402c00 f i vars.obj
 0001:00001c30       ??1ATA_PORT@@QAE@XZ        00402c30 f i vars.obj
 0001:00001ca0       ??0TCriticalSection@@QAE@XZ 00402ca0 f i vs1001.obj
 0001:00001cb0       ??1TCriticalSection@@QAE@XZ 00402cb0 f i vs1001.obj
 0001:00001cc0       ?Lock@TCriticalSection@@QAEXXZ 00402cc0 f i vs1001.obj
 0001:00001cd0       ?Unlock@TCriticalSection@@QAEXXZ 00402cd0 f i vs1001.obj
 0001:00001ce0       ??0TEvent@@QAE@H@Z         00402ce0 f i vs1001.obj
 0001:00001d00       ??1TEvent@@QAE@XZ          00402d00 f i vs1001.obj
 0001:00001d10       ?Set@TEvent@@QAEXXZ        00402d10 f i vs1001.obj
 0001:00001d20       ?Reset@TEvent@@QAEXXZ      00402d20 f i vs1001.obj
 0001:00001d30       ?Wait@TEvent@@QAE_NK@Z     00402d30 f i vs1001.obj
 0001:00001d50       ??0TRingBuffer@@QAE@XZ     00402d50 f i vs1001.obj
 0001:00001db0       ?Cancel@TRingBuffer@@QAEXXZ 00402db0 f i vs1001.obj
 0001:00001dd0       ?Thread@TVs1001@@CGIPAX@Z  00402dd0 f i vs1001.obj
 0001:00001e00       ?StreamClose@TVs1001@@CGXPAX@Z 00402e00 f i vs1001.obj
 0001:00001e20       ?StreamLen@TVs1001@@CG_KPAX@Z 00402e20 f i vs1001.obj
 0001:00001e30       ?StreamRead@TVs1001@@CGKPAXK0@Z 00402e30 f i vs1001.obj
 0001:00001e50       ?StreamSeek@TVs1001@@CGH_KPAX@Z 00402e50 f i vs1001.obj
 0001:00001e60       ??1TRingBuffer@@QAE@XZ     00402e60 f i vs1001.obj
 0001:00001e80       ??1TVs1001@@QAE@XZ         00402e80 f i vs1001.obj
 0001:00001eb0       _powf                      00402eb0 f i vs1001.obj
 0001:00001ed0       ?set_i@TRKCACHE@@QAEXI@Z   00402ed0 f i wd93cmd.obj
 0001:00001ef0       ?clr_i@TRKCACHE@@QAEXI@Z   00402ef0 f i wd93cmd.obj
 0001:00001f10       ?write@TRKCACHE@@QAEXIED@Z 00402f10 f i wd93cmd.obj
 0001:00001f40       ?test_i@TRKCACHE@@QAEEI@Z  00402f40 f i wd93trk.obj
 0001:00001f60       ?m1_cycle@z80fast@@YAEPAUZ80@@@Z 00402f60 f i z80.obj
 0001:00001fb0       ?m1_cycle@z80dbg@@YAEPAUZ80@@@Z 00402fb0 f i z80.obj
 0001:00002000       ??0TZc@@QAE@XZ             00403000 f i zc.obj
 0001:00002020       ?and8@@YAXPAUZ80@@E@Z      00403020 f i z80:op_noprefix.obj
 0001:00002040       ?or8@@YAXPAUZ80@@E@Z       00403040 f i z80:op_noprefix.obj
 0001:00002060       ?xor8@@YAXPAUZ80@@E@Z      00403060 f i z80:op_noprefix.obj
 0001:00002080       ?inc8@@YAXPAUZ80@@AAE@Z    00403080 f i z80:op_noprefix.obj
 0001:000020a0       ?dec8@@YAXPAUZ80@@AAE@Z    004030a0 f i z80:op_noprefix.obj
 0001:000020c0       ?add8@@YAXPAUZ80@@E@Z      004030c0 f i z80:op_noprefix.obj
 0001:000020f0       ?sub8@@YAXPAUZ80@@E@Z      004030f0 f i z80:op_noprefix.obj
 0001:00002120       ?adc8@@YAXPAUZ80@@E@Z      00403120 f i z80:op_noprefix.obj
 0001:00002150       ?sbc8@@YAXPAUZ80@@E@Z      00403150 f i z80:op_noprefix.obj
 0001:00002180       ?cp8@@YAXPAUZ80@@E@Z       00403180 f i z80:op_noprefix.obj
 0001:000021a0       ?bitmem@@YAXPAUZ80@@EE@Z   004031a0 f i z80:op_ddcb.obj
 0001:000021e0       ?resbyte@@YAEEE@Z          004031e0 f i z80:op_ddcb.obj
 0001:00002200       ?setbyte@@YAEEE@Z          00403200 f i z80:op_ddcb.obj
 0001:00002210       ?ddfd@@YIXPAUZ80@@E@Z      00403210 f i z80:op_ddcb.obj
 0001:00002300       ?set@@YAXAAEE@Z            00403300 f i z80:op_cb.obj
 0001:00002310       ?res@@YAXAAEE@Z            00403310 f i z80:op_cb.obj
 0001:00002320       ?bit@@YAXPAUZ80@@EE@Z      00403320 f i z80:op_cb.obj
 0001:0000234a       _DirectInputCreateA@16     0040334a f   dinput:DINPUT.dll
 0001:00002350       _DirectDrawCreate@12       00403350 f   ddraw:DDRAW.dll
 0001:00002356       _DirectSoundCreate@12      00403356 f   dsound:DSOUND.dll
 0001:0000235c       _MessageBoxA@16            0040335c f   user32:USER32.dll
 0001:00002362       _GetDlgItemTextA@16        00403362 f   user32:USER32.dll
 0001:00002368       _EnableWindow@8            00403368 f   user32:USER32.dll
 0001:0000236e       _GetDlgItem@8              0040336e f   user32:USER32.dll
 0001:00002374       _ShowWindow@8              00403374 f   user32:USER32.dll
 0001:0000237a       _SendMessageA@16           0040337a f   user32:USER32.dll
 0001:00002380       _SetWindowTextA@8          00403380 f   user32:USER32.dll
 0001:00002386       _SendDlgItemMessageA@20    00403386 f   user32:USER32.dll
 0001:0000238c       _EndDialog@8               0040338c f   user32:USER32.dll
 0001:00002392       _DialogBoxParamA@20        00403392 f   user32:USER32.dll
 0001:00002398       _GetFocus@0                00403398 f   user32:USER32.dll
 0001:0000239e       _IsDlgButtonChecked@8      0040339e f   user32:USER32.dll
 0001:000023a4       _CheckDlgButton@12         004033a4 f   user32:USER32.dll
 0001:000023aa       _SetDlgItemTextA@12        004033aa f   user32:USER32.dll
 0001:000023b0       _SetFocus@4                004033b0 f   user32:USER32.dll
 0001:000023b6       _GetForegroundWindow@0     004033b6 f   user32:USER32.dll
 0001:000023bc       _GetKeyboardState@4        004033bc f   user32:USER32.dll
 0001:000023c2       _ToAscii@20                004033c2 f   user32:USER32.dll
 0001:000023c8       _CharToOemBuffA@12         004033c8 f   user32:USER32.dll
 0001:000023ce       _PostThreadMessageA@16     004033ce f   user32:USER32.dll
 0001:000023d4       _CreatePopupMenu@0         004033d4 f   user32:USER32.dll
 0001:000023da       _AppendMenuA@16            004033da f   user32:USER32.dll
 0001:000023e0       _TrackPopupMenu@28         004033e0 f   user32:USER32.dll
 0001:000023e6       _DestroyMenu@4             004033e6 f   user32:USER32.dll
 0001:000023ec       _IsRectEmpty@4             004033ec f   user32:USER32.dll
 0001:000023f2       _ShowCursor@4              004033f2 f   user32:USER32.dll
 0001:000023f8       _GetClientRect@8           004033f8 f   user32:USER32.dll
 0001:000023fe       _ClientToScreen@8          004033fe f   user32:USER32.dll
 0001:00002404       _ClipCursor@4              00403404 f   user32:USER32.dll
 0001:0000240a       _SetCursor@4               0040340a f   user32:USER32.dll
 0001:00002410       _FillRect@12               00403410 f   user32:USER32.dll
 0001:00002416       _DefWindowProcA@16         00403416 f   user32:USER32.dll
 0001:0000241c       _GetWindowLongA@8          0040341c f   user32:USER32.dll
 0001:00002422       _GetWindowRect@8           00403422 f   user32:USER32.dll
 0001:00002428       _SetWindowLongA@12         00403428 f   user32:USER32.dll
 0001:0000242e       _AdjustWindowRect@12       0040342e f   user32:USER32.dll
 0001:00002434       _MoveWindow@24             00403434 f   user32:USER32.dll
 0001:0000243a       _CharToOemA@8              0040343a f   user32:USER32.dll
 0001:00002440       _LoadIconA@8               00403440 f   user32:USER32.dll
 0001:00002446       _LoadCursorA@8             00403446 f   user32:USER32.dll
 0001:0000244c       _RegisterClassA@4          0040344c f   user32:USER32.dll
 0001:00002452       _SystemParametersInfoA@16  00403452 f   user32:USER32.dll
 0001:00002458       _CreateWindowExA@48        00403458 f   user32:USER32.dll
 0001:0000245e       _GetDC@4                   0040345e f   user32:USER32.dll
 0001:00002464       _GetSystemMenu@8           00403464 f   user32:USER32.dll
 0001:0000246a       _ReleaseDC@8               0040346a f   user32:USER32.dll
 0001:00002470       _DestroyWindow@4           00403470 f   user32:USER32.dll
 0001:00002476       _GetSystemMetrics@4        00403476 f   user32:USER32.dll
 0001:0000247c       _SetWindowPos@28           0040347c f   user32:USER32.dll
 0001:00002482       _BeginPaint@8              00403482 f   user32:USER32.dll
 0001:00002488       _EndPaint@8                00403488 f   user32:USER32.dll
 0001:0000248e       _GetWindowTextA@12         0040348e f   user32:USER32.dll
 0001:00002494       _OpenClipboard@4           00403494 f   user32:USER32.dll
 0001:0000249a       _GetClipboardData@4        0040349a f   user32:USER32.dll
 0001:000024a0       _CloseClipboard@0          004034a0 f   user32:USER32.dll
 0001:000024a6       _GetParent@4               004034a6 f   user32:USER32.dll
 0001:000024ac       _PeekMessageA@20           004034ac f   user32:USER32.dll
 0001:000024b2       _MapWindowPoints@16        004034b2 f   user32:USER32.dll
 0001:000024b8       _PtInRect@12               004034b8 f   user32:USER32.dll
 0001:000024be       _DispatchMessageA@4        004034be f   user32:USER32.dll
 0001:000024c4       _SetDIBitsToDevice@48      004034c4 f   gdi32:GDI32.dll
 0001:000024ca       _DeleteObject@4            004034ca f   gdi32:GDI32.dll
 0001:000024d0       _CreateCompatibleBitmap@12 004034d0 f   gdi32:GDI32.dll
 0001:000024d6       _CreateCompatibleDC@4      004034d6 f   gdi32:GDI32.dll
 0001:000024dc       _SelectObject@8            004034dc f   gdi32:GDI32.dll
 0001:000024e2       _BitBlt@36                 004034e2 f   gdi32:GDI32.dll
 0001:000024e8       _DeleteDC@4                004034e8 f   gdi32:GDI32.dll
 0001:000024ee       _CreateSolidBrush@4        004034ee f   gdi32:GDI32.dll
 0001:000024f4       _GetSystemPaletteEntries@16 004034f4 f   gdi32:GDI32.dll
 0001:000024fa       _CreatePalette@4           004034fa f   gdi32:GDI32.dll
 0001:00002500       _SelectPalette@12          00403500 f   gdi32:GDI32.dll
 0001:00002506       _RealizePalette@4          00403506 f   gdi32:GDI32.dll
 0001:0000250c       _GetStockObject@4          0040350c f   gdi32:GDI32.dll
 0001:00002512       _DragQueryFileA@16         00403512 f   shell32:SHELL32.dll
 0001:00002518       _DragFinish@4              00403518 f   shell32:SHELL32.dll
 0001:0000251e       _DragAcceptFiles@8         0040351e f   shell32:SHELL32.dll
 0001:00002524       _waveOutUnprepareHeader@12 00403524 f   winmm:WINMM.dll
 0001:0000252a       _waveOutPrepareHeader@12   0040352a f   winmm:WINMM.dll
 0001:00002530       _waveOutWrite@12           00403530 f   winmm:WINMM.dll
 0001:00002536       _waveOutOpen@24            00403536 f   winmm:WINMM.dll
 0001:0000253c       _waveOutReset@4            0040353c f   winmm:WINMM.dll
 0001:00002542       _waveOutClose@4            00403542 f   winmm:WINMM.dll
 0001:00002548       _timeBeginPeriod@4         00403548 f   winmm:WINMM.dll
 0001:0000254e       _timeEndPeriod@4           0040354e f   winmm:WINMM.dll
 0001:00002554       _GetSaveFileNameA@4        00403554 f   comdlg32:COMDLG32.dll
 0001:0000255a       _GetOpenFileNameA@4        0040355a f   comdlg32:COMDLG32.dll
 0001:00002560       _CommDlgExtendedError@0    00403560 f   comdlg32:COMDLG32.dll
 0001:00002566       _InitCommonControls@0      00403566 f   comctl32:COMCTL32.dll
 0001:0000256c       _PropertySheetA@4          0040356c f   comctl32:COMCTL32.dll
 0001:00002572       _DXGetErrorString8A@4      00403572 f   dxerr8:dxerr8.obj
 0001:00004f00       _DXGetErrorString8W@4      00405f00 f   dxerr8:dxerr8.obj
 0001:0000788e       _DXGetErrorDescription8A@4 0040888e f   dxerr8:dxerr8.obj
 0001:0000a181       _DXGetErrorDescription8W@4 0040b181 f   dxerr8:dxerr8.obj
 0001:0000ca74       _DXTraceW@20               0040da74 f   dxerr8:dxerr8.obj
 0001:0000cbcc       _DXTraceA@20               0040dbcc f   dxerr8:dxerr8.obj
 0001:0000cd2e       _SetupDiGetClassDevsA@16   0040dd2e f   setupapi:SETUPAPI.dll
 0001:0000cd34       _SetupDiEnumDeviceInterfaces@20 0040dd34 f   setupapi:SETUPAPI.dll
 0001:0000cd3a       _SetupDiDestroyDeviceInfoList@4 0040dd3a f   setupapi:SETUPAPI.dll
 0001:0000cd40       @__security_check_cookie@4 0040dd40 f   LIBCMT:secchk.obj
 0001:0000cd4f       _printf                    0040dd4f f   LIBCMT:printf.obj
 0001:0000cdfe       __printf_l                 0040ddfe f   LIBCMT:printf.obj
 0001:0000ce17       __printf_s_l               0040de17 f   LIBCMT:printf.obj
 0001:0000ce30       _printf_s                  0040de30 f   LIBCMT:printf.obj
 0001:0000ce48       __printf_p_l               0040de48 f   LIBCMT:printf.obj
 0001:0000ce61       __printf_p                 0040de61 f   LIBCMT:printf.obj
 0001:0000ce79       __set_printf_count_output  0040de79 f   LIBCMT:printf.obj
 0001:0000cea3       __get_printf_count_output  0040dea3 f   LIBCMT:printf.obj
 0001:0000ceb9       __invoke_watson_if_error   0040deb9 f i LIBCMT:wassert.obj
 0001:0000cefb       __wassert                  0040defb f   LIBCMT:wassert.obj
 0001:0000d707       ___onexitinit              0040e707 f   LIBCMT:onexit.obj
 0001:0000d738       __onexit                   0040e738 f   LIBCMT:onexit.obj
 0001:0000d774       _atexit                    0040e774 f   LIBCMT:onexit.obj
 0001:0000d78b       _free                      0040e78b f   LIBCMT:free.obj
 0001:0000d819       _realloc                   0040e819 f   LIBCMT:realloc.obj
 0001:0000da9e       _sscanf                    0040ea9e f   LIBCMT:sscanf.obj
 0001:0000dac0       __sscanf_l                 0040eac0 f   LIBCMT:sscanf.obj
 0001:0000dae3       _sscanf_s                  0040eae3 f   LIBCMT:sscanf.obj
 0001:0000db05       __sscanf_s_l               0040eb05 f   LIBCMT:sscanf.obj
 0001:0000db28       _sprintf                   0040eb28 f   LIBCMT:sprintf.obj
 0001:0000dba5       __sprintf_l                0040eba5 f   LIBCMT:sprintf.obj
 0001:0000dbc1       _sprintf_s                 0040ebc1 f   LIBCMT:sprintf.obj
 0001:0000dbdf       __sprintf_s_l              0040ebdf f   LIBCMT:sprintf.obj
 0001:0000dbfe       __snprintf_s               0040ebfe f   LIBCMT:sprintf.obj
 0001:0000dc1f       __snprintf_s_l             0040ec1f f   LIBCMT:sprintf.obj
 0001:0000dc41       __sprintf_p                0040ec41 f   LIBCMT:sprintf.obj
 0001:0000dc5f       __sprintf_p_l              0040ec5f f   LIBCMT:sprintf.obj
 0001:0000dc7e       __scprintf                 0040ec7e f   LIBCMT:sprintf.obj
 0001:0000dc93       __scprintf_p               0040ec93 f   LIBCMT:sprintf.obj
 0001:0000dca8       __scprintf_l               0040eca8 f   LIBCMT:sprintf.obj
 0001:0000dcc1       __scprintf_p_l             0040ecc1 f   LIBCMT:sprintf.obj
 0001:0000dce0       _strrchr                   0040ece0 f   LIBCMT:strrchr.obj
 0001:0000dd0d       _atol                      0040ed0d f   LIBCMT:atox.obj
 0001:0000dd23       __atol_l                   0040ed23 f   LIBCMT:atox.obj
 0001:0000dd3c       _atoi                      0040ed3c f   LIBCMT:atox.obj
 0001:0000dd47       __atoi_l                   0040ed47 f   LIBCMT:atox.obj
 0001:0000dd52       __atoi64                   0040ed52 f   LIBCMT:atox.obj
 0001:0000dd68       __atoi64_l                 0040ed68 f   LIBCMT:atox.obj
 0001:0000dd81       __fsopen                   0040ed81 f   LIBCMT:fopen.obj
 0001:0000de45       _fopen                     0040ee45 f   LIBCMT:fopen.obj
 0001:0000de5c       _fopen_s                   0040ee5c f   LIBCMT:fopen.obj
 0001:0000deaf       __fseek_nolock             0040eeaf f   LIBCMT:fseek.obj
 0001:0000df39       _fseek                     0040ef39 f   LIBCMT:fseek.obj
 0001:0000dfbe       __fclose_nolock            0040efbe f   LIBCMT:fclose.obj
 0001:0000e035       _fclose                    0040f035 f   LIBCMT:fclose.obj
 0001:0000e0b1       __fread_nolock_s           0040f0b1 f   LIBCMT:fread.obj
 0001:0000e2bb       __fread_nolock             0040f2bb f   LIBCMT:fread.obj
 0001:0000e2d8       _fread_s                   0040f2d8 f   LIBCMT:fread.obj
 0001:0000e36e       _fread                     0040f36e f   LIBCMT:fread.obj
 0001:0000e38b       __fwrite_nolock            0040f38b f   LIBCMT:fwrite.obj
 0001:0000e4ed       _fwrite                    0040f4ed f   LIBCMT:fwrite.obj
 0001:0000e580       _strchr                    0040f580 f   LIBCMT:strchr.obj
 0001:0000e586       ___from_strstr_to_strchr   0040f586     LIBCMT:strchr.obj
 0001:0000e640       _strstr                    0040f640 f   LIBCMT:strstr.obj
 0001:0000e6c6       ??0_LocaleUpdate@@QAE@PAUlocaleinfo_struct@@@Z 0040f6c6 f i LIBCMT:_ctype.obj
 0001:0000e74d       ??1_LocaleUpdate@@QAE@XZ   0040f74d f i LIBCMT:_ctype.obj
 0001:0000e75b       ?GetLocaleT@_LocaleUpdate@@QAEPAUlocaleinfo_struct@@XZ 0040f75b f i LIBCMT:_ctype.obj
 0001:0000e75e       __isalpha_l                0040f75e f i LIBCMT:_ctype.obj
 0001:0000e7b4       _isalpha                   0040f7b4 f i LIBCMT:_ctype.obj
 0001:0000e7e4       __isupper_l                0040f7e4 f i LIBCMT:_ctype.obj
 0001:0000e835       _isupper                   0040f835 f i LIBCMT:_ctype.obj
 0001:0000e863       __islower_l                0040f863 f i LIBCMT:_ctype.obj
 0001:0000e8b4       _islower                   0040f8b4 f i LIBCMT:_ctype.obj
 0001:0000e8e2       __isdigit_l                0040f8e2 f i LIBCMT:_ctype.obj
 0001:0000e933       _isdigit                   0040f933 f i LIBCMT:_ctype.obj
 0001:0000e961       __isxdigit_l               0040f961 f i LIBCMT:_ctype.obj
 0001:0000e9b7       _isxdigit                  0040f9b7 f i LIBCMT:_ctype.obj
 0001:0000e9e7       __isspace_l                0040f9e7 f i LIBCMT:_ctype.obj
 0001:0000ea38       _isspace                   0040fa38 f i LIBCMT:_ctype.obj
 0001:0000ea66       __ispunct_l                0040fa66 f i LIBCMT:_ctype.obj
 0001:0000eab7       _ispunct                   0040fab7 f i LIBCMT:_ctype.obj
 0001:0000eae5       __isalnum_l                0040fae5 f i LIBCMT:_ctype.obj
 0001:0000eb3b       _isalnum                   0040fb3b f i LIBCMT:_ctype.obj
 0001:0000eb6b       __isprint_l                0040fb6b f i LIBCMT:_ctype.obj
 0001:0000ebc1       _isprint                   0040fbc1 f i LIBCMT:_ctype.obj
 0001:0000ebf1       __isgraph_l                0040fbf1 f i LIBCMT:_ctype.obj
 0001:0000ec47       _isgraph                   0040fc47 f i LIBCMT:_ctype.obj
 0001:0000ec77       __iscntrl_l                0040fc77 f i LIBCMT:_ctype.obj
 0001:0000ecc8       _iscntrl                   0040fcc8 f i LIBCMT:_ctype.obj
 0001:0000ecf6       ___isascii                 0040fcf6 f i LIBCMT:_ctype.obj
 0001:0000ed08       ___toascii                 0040fd08 f i LIBCMT:_ctype.obj
 0001:0000ed15       __iscsymf_l                0040fd15 f i LIBCMT:_ctype.obj
 0001:0000ed38       ___iscsymf                 0040fd38 f i LIBCMT:_ctype.obj
 0001:0000ed57       __iscsym_l                 0040fd57 f i LIBCMT:_ctype.obj
 0001:0000ed7a       ___iscsym                  0040fd7a f i LIBCMT:_ctype.obj
 0001:0000ed9b       _strtok                    0040fd9b f   LIBCMT:strtok.obj
 0001:0000ee5c       __filelengthi64            0040fe5c f   LIBCMT:fleni64.obj
 0001:0000ef72       __toupper                  0040ff72 f   LIBCMT:toupper.obj
 0001:0000ef7f       __toupper_l                0040ff7f f   LIBCMT:toupper.obj
 0001:0000f095       _toupper                   00410095 f   LIBCMT:toupper.obj
 0001:0000f0c1       _feof                      004100c1 f   LIBCMT:feoferr.obj
 0001:0000f0f5       _ferror                    004100f5 f   LIBCMT:feoferr.obj
 0001:0000f129       _fgets                     00410129 f   LIBCMT:fgets.obj
 0001:0000f271       _fprintf                   00410271 f   LIBCMT:fprintf.obj
 0001:0000f38d       __fprintf_l                0041038d f   LIBCMT:fprintf.obj
 0001:0000f3a9       __fprintf_s_l              004103a9 f   LIBCMT:fprintf.obj
 0001:0000f3c5       _fprintf_s                 004103c5 f   LIBCMT:fprintf.obj
 0001:0000f3e0       __fprintf_p_l              004103e0 f   LIBCMT:fprintf.obj
 0001:0000f3fc       __fprintf_p                004103fc f   LIBCMT:fprintf.obj
 0001:0000f4e0       _qsort                     004104e0 f   LIBCMT:qsort.obj
 0001:0000f72d       _puts                      0041072d f   LIBCMT:puts.obj
 0001:0000f88c       __snprintf                 0041088c f   LIBCMT:snprintf.obj
 0001:0000f93b       __snprintf_l               0041093b f   LIBCMT:snprintf.obj
 0001:0000f960       _memmove                   00410960 f   LIBCMT:memmove.obj
 0001:0000fcc5       _V6_HeapAlloc              00410cc5 f   LIBCMT:malloc.obj
 0001:0000fd14       __heap_alloc               00410d14 f i LIBCMT:malloc.obj
 0001:0000fd8e       _malloc                    00410d8e f   LIBCMT:malloc.obj
 0001:0000fe58       __ftell_nolock             00410e58 f   LIBCMT:ftell.obj
 0001:0000fff5       _ftell                     00410ff5 f   LIBCMT:ftell.obj
 0001:00010070       _strncpy                   00411070 f   LIBCMT:strncpy.obj
 0001:00010194       _fgetc                     00411194 f   LIBCMT:fgetc.obj
 0001:00010298       _getc                      00411298 f   LIBCMT:fgetc.obj
 0001:0001039c       __getc_nolock              0041139c f   LIBCMT:fgetc.obj
 0001:000103bc       _fputc                     004113bc f   LIBCMT:fputc.obj
 0001:000104c8       _putc                      004114c8 f   LIBCMT:fputc.obj
 0001:000105d4       __flush                    004115d4 f   LIBCMT:fflush.obj
 0001:0001063c       __fflush_nolock            0041163c f   LIBCMT:fflush.obj
 0001:0001075e       _fflush                    0041175e f   LIBCMT:fflush.obj
 0001:000107b1       __flushall                 004117b1 f   LIBCMT:fflush.obj
 0001:000107ba       ___iob_func                004117ba f   LIBCMT:_file.obj
 0001:000107c0       ___initstdio               004117c0 f   LIBCMT:_file.obj
 0001:00010871       ___endstdio                00411871 f   LIBCMT:_file.obj
 0001:00010891       __lock_file                00411891 f   LIBCMT:_file.obj
 0001:000108d2       __lock_file2               004118d2 f   LIBCMT:_file.obj
 0001:00010904       __unlock_file              00411904 f   LIBCMT:_file.obj
 0001:00010940       __unlock_file2             00411940 f   LIBCMT:_file.obj
 0001:0001096f       __crt_waiting_on_module_handle 0041196f f   LIBCMT:crt0dat.obj
 0001:0001099f       __amsg_exit                0041199f f   LIBCMT:crt0dat.obj
 0001:000109c8       ___crtCorExitProcess       004119c8 f   LIBCMT:crt0dat.obj
 0001:000109f3       ___crtExitProcess          004119f3 f   LIBCMT:crt0dat.obj
 0001:00010a0b       __lockexit                 00411a0b f   LIBCMT:crt0dat.obj
 0001:00010a14       __unlockexit               00411a14 f   LIBCMT:crt0dat.obj
 0001:00010a3a       __initterm_e               00411a3a f   LIBCMT:crt0dat.obj
 0001:00010a5e       __get_wpgmptr              00411a5e f   LIBCMT:crt0dat.obj
 0001:00010a9a       __get_pgmptr               00411a9a f   LIBCMT:crt0dat.obj
 0001:00010ad6       __cinit                    00411ad6 f   LIBCMT:crt0dat.obj
 0001:00010c87       _exit                      00411c87 f   LIBCMT:crt0dat.obj
 0001:00010c9d       __exit                     00411c9d f   LIBCMT:crt0dat.obj
 0001:00010cb3       __cexit                    00411cb3 f   LIBCMT:crt0dat.obj
 0001:00010cc2       __c_exit                   00411cc2 f   LIBCMT:crt0dat.obj
 0001:00010cd1       __init_pointers            00411cd1 f   LIBCMT:crt0dat.obj
 0001:00010d1f       __tolower                  00411d1f f   LIBCMT:tolower.obj
 0001:00010d2c       __tolower_l                00411d2c f   LIBCMT:tolower.obj
 0001:00010e41       _tolower                   00411e41 f   LIBCMT:tolower.obj
 0001:00010e6d       ??3@YAXPAX@Z               00411e6d f   LIBCMT:delete.obj
 0001:00010e78       __purecall                 00411e78 f   LIBCMT:purevirt.obj
 0001:00010ea2       __set_purecall_handler     00411ea2 f   LIBCMT:purevirt.obj
 0001:00010ec9       __get_purecall_handler     00411ec9 f   LIBCMT:purevirt.obj
 0001:00010ed6       __endthreadex              00411ed6 f   LIBCMT:threadex.obj
 0001:00010fd7       __beginthreadex            00411fd7 f   LIBCMT:threadex.obj
 0001:00011087       _strncmp                   00412087 f   LIBCMT:strncmp.obj
 0001:00011309       _mainCRTStartup            00412309 f   LIBCMT:crt0.obj
 0001:00011313       _wcslen                    00412313 f   LIBCMT:wcslen.obj
 0001:00011330       __alloca_probe             00412330     LIBCMT:chkstk.obj
 0001:00011330       __chkstk                   00412330 f   LIBCMT:chkstk.obj
 0001:0001135b       ___report_gsfailure        0041235b f   LIBCMT:gs_report.obj
 0001:00011461       __stbuf                    00412461 f   LIBCMT:_sftbuf.obj
 0001:000114fd       __ftbuf                    004124fd f   LIBCMT:_sftbuf.obj
 0001:000115d7       _get_int_arg               004125d7 f i LIBCMT:output.obj
 0001:000115e9       _get_int64_arg             004125e9 f i LIBCMT:output.obj
 0001:000115fe       _get_short_arg             004125fe f i LIBCMT:output.obj
 0001:00011611       __output_l                 00412611 f   LIBCMT:output.obj
 0001:000121a9       __initp_misc_invarg        004131a9 f   LIBCMT:invarg.obj
 0001:000121b8       __invoke_watson            004131b8 f   LIBCMT:invarg.obj
 0001:000122e0       __set_invalid_parameter_handler 004132e0 f   LIBCMT:invarg.obj
 0001:00012307       __get_invalid_parameter_handler 00413307 f   LIBCMT:invarg.obj
 0001:00012314       ?_invoke_watson@@YAXPBG00II@Z 00413314 f   LIBCMT:invarg.obj
 0001:0001231f       __invalid_parameter        0041331f f   LIBCMT:invarg.obj
 0001:00012345       __invalid_parameter_noinfo 00413345 f   LIBCMT:invarg.obj
 0001:00012355       ?_invalid_parameter@@YAXPBG00II@Z 00413355 f   LIBCMT:invarg.obj
 0001:00012360       __get_errno_from_oserr     00413360 f   LIBCMT:dosmap.obj
 0001:000123a2       __errno                    004133a2 f   LIBCMT:dosmap.obj
 0001:000123b5       ___doserrno                004133b5 f   LIBCMT:dosmap.obj
 0001:000123c8       __dosmaperr                004133c8 f   LIBCMT:dosmap.obj
 0001:000123eb       __set_errno                004133eb f   LIBCMT:dosmap.obj
 0001:0001240c       __get_errno                0041340c f   LIBCMT:dosmap.obj
 0001:0001243b       __set_doserrno             0041343b f   LIBCMT:dosmap.obj
 0001:0001245c       __get_doserrno             0041345c f   LIBCMT:dosmap.obj
 0001:0001248c       __SEH_prolog4              0041348c f   LIBCMT:sehprolg4.obj
 0001:000124d1       __SEH_epilog4              004134d1 f   LIBCMT:sehprolg4.obj
 0001:00012520       __except_handler4          00413520 f   LIBCMT:chandler4.obj
 0001:000126ac       _vprintf_helper            004136ac f   LIBCMT:vprintf.obj
 0001:0001273c       __vprintf_l                0041373c f   LIBCMT:vprintf.obj
 0001:00012759       __vprintf_s_l              00413759 f   LIBCMT:vprintf.obj
 0001:00012776       __vprintf_p_l              00413776 f   LIBCMT:vprintf.obj
 0001:00012793       _vprintf                   00413793 f   LIBCMT:vprintf.obj
 0001:000127af       _vprintf_s                 004137af f   LIBCMT:vprintf.obj
 0001:000127cb       __vprintf_p                004137cb f   LIBCMT:vprintf.obj
 0001:000127e7       __vswprintf_helper         004137e7 f   LIBCMT:vswprnc.obj
 0001:000128df       __vswprintf_c              004138df f   LIBCMT:vswprnc.obj
 0001:00012908       __vswprintf_c_l            00413908 f   LIBCMT:vswprnc.obj
 0001:00012932       __vswprintf_s_l            00413932 f   LIBCMT:vswprnc.obj
 0001:000129bd       _vswprintf_s               004139bd f   LIBCMT:vswprnc.obj
 0001:000129da       __vsnwprintf_s_l           004139da f   LIBCMT:vswprnc.obj
 0001:00012ae6       __vsnwprintf_s             00413ae6 f   LIBCMT:vswprnc.obj
 0001:00012b06       __vswprintf_p              00413b06 f   LIBCMT:vswprnc.obj
 0001:00012b2f       __vswprintf_p_l            00413b2f f   LIBCMT:vswprnc.obj
 0001:00012b59       _fwprintf                  00413b59 f   LIBCMT:fwprintf.obj
 0001:00012bed       __fwprintf_l               00413bed f   LIBCMT:fwprintf.obj
 0001:00012c09       __fwprintf_s_l             00413c09 f   LIBCMT:fwprintf.obj
 0001:00012c25       _fwprintf_s                00413c25 f   LIBCMT:fwprintf.obj
 0001:00012c40       __fwprintf_p_l             00413c40 f   LIBCMT:fwprintf.obj
 0001:00012c5c       __fwprintf_p               00413c5c f   LIBCMT:fwprintf.obj
 0001:00012c77       _setvbuf                   00413c77 f   LIBCMT:setvbuf.obj
 0001:00012d75       _abort                     00413d75 f   LIBCMT:abort.obj
 0001:00012e8c       __set_abort_behavior       00413e8c f   LIBCMT:abort.obj
 0001:00012ead       __initp_misc_winsig        00413ead f   LIBCMT:winsig.obj
 0001:00012f9d       ___get_sigabrt             00413f9d f   LIBCMT:winsig.obj
 0001:00012faa       ___fpecode                 00413faa f   LIBCMT:winsig.obj
 0001:00012fb3       ___pxcptinfoptrs           00413fb3 f   LIBCMT:winsig.obj
 0001:00012fbc       _signal                    00413fbc f   LIBCMT:winsig.obj
 0001:000131f9       _raise                     004141f9 f   LIBCMT:winsig.obj
 0001:000133a9       ___crtMessageBoxW          004143a9 f   LIBCMT:crtmboxw.obj
 0001:00013608       __itow_s                   00414608 f   LIBCMT:xtows.obj
 0001:00013634       __ltow_s                   00414634 f   LIBCMT:xtows.obj
 0001:0001365b       __ultow_s                  0041465b f   LIBCMT:xtows.obj
 0001:0001377b       __i64tow_s                 0041477b f   LIBCMT:xtows.obj
 0001:000137b0       __ui64tow_s                004147b0 f   LIBCMT:xtows.obj
 0001:000137cf       _wcsncat_s                 004147cf f   LIBCMT:wcsncat_s.obj
 0001:000138bd       _wcsncpy_s                 004148bd f   LIBCMT:wcsncpy_s.obj
 0001:00013990       _wcscat_s                  00414990 f   LIBCMT:wcscat_s.obj
 0001:00013a0d       _wcscpy_s                  00414a0d f   LIBCMT:wcscpy_s.obj
 0001:00013a7c       __set_error_mode           00414a7c f   LIBCMT:errmode.obj
 0001:00013ac7       ___set_app_type            00414ac7 f   LIBCMT:errmode.obj
 0001:00013ad6       ___get_app_type            00414ad6 f   LIBCMT:errmode.obj
 0001:00013adc       __crt_wait_module_handle   00414adc f i LIBCMT:tidtable.obj
 0001:00013af6       __encode_pointer           00414af6 f   LIBCMT:tidtable.obj
 0001:00013b68       __encoded_null             00414b68 f   LIBCMT:tidtable.obj
 0001:00013b71       __decode_pointer           00414b71 f   LIBCMT:tidtable.obj
 0001:00013be3       ___crtTlsAlloc@4           00414be3 f   LIBCMT:tidtable.obj
 0001:00013bec       ___fls_getvalue@4          00414bec f   LIBCMT:tidtable.obj
 0001:00013c06       ___get_flsindex            00414c06 f   LIBCMT:tidtable.obj
 0001:00013c0c       ___set_flsgetvalue         00414c0c f   LIBCMT:tidtable.obj
 0001:00013c40       ___fls_setvalue@8          00414c40 f   LIBCMT:tidtable.obj
 0001:00013c5d       __mtterm                   00414c5d f   LIBCMT:tidtable.obj
 0001:00013c9a       __initptd                  00414c9a f   LIBCMT:tidtable.obj
 0001:00013d81       __getptd_noexit            00414d81 f   LIBCMT:tidtable.obj
 0001:00013dfa       __getptd                   00414dfa f   LIBCMT:tidtable.obj
 0001:00013e14       __freefls@4                00414e14 f   LIBCMT:tidtable.obj
 0001:00013f43       __freeptd                  00414f43 f   LIBCMT:tidtable.obj
 0001:00013fb1       ___threadid                00414fb1 f   LIBCMT:tidtable.obj
 0001:00013fb7       ___threadhandle            00414fb7 f   LIBCMT:tidtable.obj
 0001:00013fbd       __mtinit                   00414fbd f   LIBCMT:tidtable.obj
 0001:0001414a       _wait_a_bit                0041514a f i LIBCMT:crtheap.obj
 0001:00014170       __set_malloc_crt_max_wait  00415170 f   LIBCMT:crtheap.obj
 0001:00014185       __malloc_crt               00415185 f   LIBCMT:crtheap.obj
 0001:000141ca       __calloc_crt               004151ca f   LIBCMT:crtheap.obj
 0001:00014216       __realloc_crt              00415216 f   LIBCMT:crtheap.obj
 0001:00014264       __recalloc_crt             00415264 f   LIBCMT:crtheap.obj
 0001:000142b6       __msize                    004152b6 f   LIBCMT:msize.obj
 0001:00014359       ___heap_select             00415359 f   LIBCMT:heapinit.obj
 0001:0001435d       __heap_init                0041535d f   LIBCMT:heapinit.obj
 0001:0001438d       __heap_term                0041538d f   LIBCMT:heapinit.obj
 0001:00014401       __get_heap_handle          00415401 f   LIBCMT:heapinit.obj
 0001:00014407       __mtinitlocks              00415407 f   LIBCMT:mlock.obj
 0001:00014452       __mtdeletelocks            00415452 f   LIBCMT:mlock.obj
 0001:000144a9       __unlock                   004154a9 f   LIBCMT:mlock.obj
 0001:000144c0       __lockerr_exit             004154c0 f   LIBCMT:mlock.obj
 0001:000144d8       __mtinitlocknum            004154d8 f   LIBCMT:mlock.obj
 0001:0001459b       __lock                     0041559b f   LIBCMT:mlock.obj
 0001:000145ce       __get_sbh_threshold        004155ce f   LIBCMT:sbheap.obj
 0001:000145ef       __set_amblksiz             004155ef f   LIBCMT:sbheap.obj
 0001:0001463a       __get_amblksiz             0041563a f   LIBCMT:sbheap.obj
 0001:0001467b       ___sbh_heap_init           0041567b f   LIBCMT:sbheap.obj
 0001:000146c9       ___sbh_find_block          004156c9 f   LIBCMT:sbheap.obj
 0001:000146f9       ___sbh_free_block          004156f9 f   LIBCMT:sbheap.obj
 0001:00014a0f       ___sbh_alloc_new_region    00415a0f f   LIBCMT:sbheap.obj
 0001:00014abf       ___sbh_alloc_new_group     00415abf f   LIBCMT:sbheap.obj
 0001:00014bc7       ___sbh_resize_block        00415bc7 f   LIBCMT:sbheap.obj
 0001:00014ea8       ___sbh_heapmin             00415ea8 f   LIBCMT:sbheap.obj
 0001:00014f75       ___sbh_heap_check          00415f75 f   LIBCMT:sbheap.obj
 0001:00015259       __set_sbh_threshold        00416259 f   LIBCMT:sbheap.obj
 0001:00015308       ___sbh_alloc_block         00416308 f   LIBCMT:sbheap.obj
 0001:000155ed       __initp_heap_handler       004165ed f   LIBCMT:handler.obj
 0001:000155fc       ?_set_new_handler@@YAP6AHI@ZP6AHI@Z@Z 004165fc f   LIBCMT:handler.obj
 0001:00015632       ?_set_new_handler@@YAP6AHI@ZH@Z 00416632 f   LIBCMT:handler.obj
 0001:0001563b       ?_query_new_handler@@YAP6AHI@ZXZ 0041663b f   LIBCMT:handler.obj
 0001:00015648       __callnewh                 00416648 f   LIBCMT:handler.obj
 0001:00015670       _memcpy                    00416670 f   LIBCMT:memcpy.obj
 0001:000159e0       _strlen                    004169e0 f   LIBCMT:strlen.obj
 0001:00015ac2       __INTRN_LOCALE_CONV        00416ac2 f i LIBCMT:input.obj
 0001:00015b47       __input_l                  00416b47 f   LIBCMT:input.obj
 0001:00016bce       __input_s_l                00417bce f   LIBCMT:inputs.obj
 0001:00017cf2       __flsbuf                   00418cf2 f   LIBCMT:_flsbuf.obj
 0001:00017e56       __vsprintf_l               00418e56 f   LIBCMT:vsprintf.obj
 0001:00017ed4       _vsprintf                  00418ed4 f   LIBCMT:vsprintf.obj
 0001:00017eee       __vscprintf_helper         00418eee f   LIBCMT:vsprintf.obj
 0001:00017f45       __vscprintf                00418f45 f   LIBCMT:vsprintf.obj
 0001:00017f61       __vscprintf_l              00418f61 f   LIBCMT:vsprintf.obj
 0001:00017f7e       __vscprintf_p              00418f7e f   LIBCMT:vsprintf.obj
 0001:00017f9a       __vscprintf_p_l            00418f9a f   LIBCMT:vsprintf.obj
 0001:00017fb7       __vsnprintf_helper         00418fb7 f   LIBCMT:vsnprnc.obj
 0001:00018083       __vsnprintf_c              00419083 f   LIBCMT:vsnprnc.obj
 0001:000180ac       __vsnprintf_c_l            004190ac f   LIBCMT:vsnprnc.obj
 0001:000180d6       __vsprintf_s_l             004190d6 f   LIBCMT:vsnprnc.obj
 0001:0001815e       _vsprintf_s                0041915e f   LIBCMT:vsnprnc.obj
 0001:0001817b       __vsnprintf_s_l            0041917b f   LIBCMT:vsnprnc.obj
 0001:00018282       __vsnprintf_s              00419282 f   LIBCMT:vsnprnc.obj
 0001:000182a2       __vsprintf_p               004192a2 f   LIBCMT:vsnprnc.obj
 0001:000182cb       __vsprintf_p_l             004192cb f   LIBCMT:vsnprnc.obj
 0001:00018524       _strtol                    00419524 f   LIBCMT:strtol.obj
 0001:0001854f       __strtol_l                 0041954f f   LIBCMT:strtol.obj
 0001:0001856c       _strtoul                   0041956c f   LIBCMT:strtol.obj
 0001:00018598       __strtoul_l                00419598 f   LIBCMT:strtol.obj
 0001:0001884c       __strtoi64                 0041984c f   LIBCMT:strtoq.obj
 0001:00018877       __strtoi64_l               00419877 f   LIBCMT:strtoq.obj
 0001:00018894       __strtoui64                00419894 f   LIBCMT:strtoq.obj
 0001:000188c0       __strtoui64_l              004198c0 f   LIBCMT:strtoq.obj
 0001:000188dd       __openfile                 004198dd f   LIBCMT:_open.obj
 0001:00018ba6       __getstream                00419ba6 f   LIBCMT:stream.obj
 0001:00018ce0       __local_unwind4            00419ce0 f   LIBCMT:exsup4.obj
 0001:00018db6       __seh_longjmp_unwind4@4    00419db6 f   LIBCMT:exsup4.obj
 0001:00018dd2       @_EH4_CallFilterFunc@8     00419dd2 f   LIBCMT:exsup4.obj
 0001:00018de9       @_EH4_TransferToHandler@8  00419de9 f   LIBCMT:exsup4.obj
 0001:00018e02       @_EH4_GlobalUnwind@4       00419e02 f   LIBCMT:exsup4.obj
 0001:00018e1c       @_EH4_LocalUnwind@16       00419e1c f   LIBCMT:exsup4.obj
 0001:00018e33       __lseek_nolock             00419e33 f   LIBCMT:lseek.obj
 0001:00018ea8       __lseek                    00419ea8 f   LIBCMT:lseek.obj
 0001:00018f84       __fileno                   00419f84 f   LIBCMT:fileno.obj
 0001:00018fb6       __close_nolock             00419fb6 f   LIBCMT:close.obj
 0001:00019052       _close                     0041a052 f   LIBCMT:close.obj
 0001:00019052       __close                    0041a052 f   LIBCMT:close.obj
 0001:0001911f       __freebuf                  0041a11f f   LIBCMT:_freebuf.obj
 0001:00019150       __filbuf                   0041a150 f   LIBCMT:_filbuf.obj
 0001:0001927b       __read_nolock              0041a27b f   LIBCMT:read.obj
 0001:0001983d       __read                     0041a83d f   LIBCMT:read.obj
 0001:0001993a       _memcpy_s                  0041a93a f   LIBCMT:memcpy_s.obj
 0001:000199c0       _memset                    0041a9c0 f   LIBCMT:memset.obj
 0001:00019a3a       __write_nolock             0041aa3a f   LIBCMT:write.obj
 0001:0001a16d       __write                    0041b16d f   LIBCMT:write.obj
 0001:0001a46f       ___updatetmbcinfo          0041b46f f   LIBCMT:mbctype.obj
 0001:0001a58f       __setmbcp_nolock           0041b58f f   LIBCMT:mbctype.obj
 0001:0001a774       __getmbcp                  0041b774 f   LIBCMT:mbctype.obj
 0001:0001a7b2       __setmbcp                  0041b7b2 f   LIBCMT:mbctype.obj
 0001:0001a94c       ___initmbctable            0041b94c f   LIBCMT:mbctype.obj
 0001:0001a96a       ____setlc_active_func      0041b96a f   LIBCMT:setlocal.obj
 0001:0001a970       ____unguarded_readlc_active_add_func 0041b970 f   LIBCMT:setlocal.obj
 0001:0001a976       ___freetlocinfo            0041b976 f   LIBCMT:setlocal.obj
 0001:0001aabf       ___addlocaleref            0041babf f   LIBCMT:setlocal.obj
 0001:0001ab4e       ___removelocaleref         0041bb4e f   LIBCMT:setlocal.obj
 0001:0001ac4b       ___updatetlocinfo          0041bc4b f   LIBCMT:setlocal.obj
 0001:0001acc1       __configthreadlocale       0041bcc1 f   LIBCMT:setlocal.obj
 0001:0001ad7e       __free_locale              0041bd7e f   LIBCMT:setlocal.obj
 0001:0001ae40       ___free_locale             0041be40 f   LIBCMT:setlocal.obj
 0001:0001ae4b       __get_current_locale       0041be4b f   LIBCMT:setlocal.obj
 0001:0001aefa       ___get_current_locale      0041befa f   LIBCMT:setlocal.obj
 0001:0001aeff       ___init_dummy              0041beff f   LIBCMT:setlocal.obj
 0001:0001af02       __strcats                  0041bf02 f   LIBCMT:setlocal.obj
 0001:0001af42       ___lc_strtolc              0041bf42 f   LIBCMT:setlocal.obj
 0001:0001b06b       ___lc_lctostr              0041c06b f   LIBCMT:setlocal.obj
 0001:0001b255       __expandlocale             0041c255 f   LIBCMT:setlocal.obj
 0001:0001b9a3       __create_locale            0041c9a3 f   LIBCMT:setlocal.obj
 0001:0001ba98       ___create_locale           0041ca98 f   LIBCMT:setlocal.obj
 0001:0001baa3       _setlocale                 0041caa3 f   LIBCMT:setlocal.obj
 0001:0001bc13       __isctype_l                0041cc13 f   LIBCMT:isctype.obj
 0001:0001bccb       __isctype                  0041cccb f   LIBCMT:isctype.obj
 0001:0001bcfd       __set_osfhnd               0041ccfd f   LIBCMT:osfinfo.obj
 0001:0001bd7e       __free_osfhnd              0041cd7e f   LIBCMT:osfinfo.obj
 0001:0001be04       __get_osfhandle            0041ce04 f   LIBCMT:osfinfo.obj
 0001:0001be7b       ___lock_fhandle            0041ce7b f   LIBCMT:osfinfo.obj
 0001:0001bf1b       __unlock_fhandle           0041cf1b f   LIBCMT:osfinfo.obj
 0001:0001bf42       __alloc_osfhnd             0041cf42 f   LIBCMT:osfinfo.obj
 0001:0001c0dc       __open_osfhandle           0041d0dc f   LIBCMT:osfinfo.obj
 0001:0001c1f2       __lseeki64_nolock          0041d1f2 f   LIBCMT:lseeki64.obj
 0001:0001c277       __lseeki64                 0041d277 f   LIBCMT:lseeki64.obj
 0001:0001c390       __ioinit                   0041d390 f   LIBCMT:ioinit.obj
 0001:0001c5e4       __ioterm                   0041d5e4 f   LIBCMT:ioinit.obj
 0001:0001c632       __MarkAllocaS              0041d632 f i LIBCMT:a_map.obj
 0001:0001c648       __freea                    0041d648 f i LIBCMT:a_map.obj
 0001:0001ca2b       ___crtLCMapStringA         0041da2b f   LIBCMT:a_map.obj
 0001:0001ca70       __isleadbyte_l             0041da70 f i LIBCMT:_wctype.obj
 0001:0001caa8       _isleadbyte                0041daa8 f i LIBCMT:_wctype.obj
 0001:0001cabb       __iswalpha_l               0041dabb f i LIBCMT:_wctype.obj
 0001:0001cad5       _iswalpha                  0041dad5 f i LIBCMT:_wctype.obj
 0001:0001caeb       __iswupper_l               0041daeb f i LIBCMT:_wctype.obj
 0001:0001cb02       _iswupper                  0041db02 f i LIBCMT:_wctype.obj
 0001:0001cb15       __iswlower_l               0041db15 f i LIBCMT:_wctype.obj
 0001:0001cb2c       _iswlower                  0041db2c f i LIBCMT:_wctype.obj
 0001:0001cb3f       __iswdigit_l               0041db3f f i LIBCMT:_wctype.obj
 0001:0001cb56       _iswdigit                  0041db56 f i LIBCMT:_wctype.obj
 0001:0001cb69       __iswxdigit_l              0041db69 f i LIBCMT:_wctype.obj
 0001:0001cb83       _iswxdigit                 0041db83 f i LIBCMT:_wctype.obj
 0001:0001cb99       __iswspace_l               0041db99 f i LIBCMT:_wctype.obj
 0001:0001cbb0       _iswspace                  0041dbb0 f i LIBCMT:_wctype.obj
 0001:0001cbc3       __iswpunct_l               0041dbc3 f i LIBCMT:_wctype.obj
 0001:0001cbda       _iswpunct                  0041dbda f i LIBCMT:_wctype.obj
 0001:0001cbed       __iswalnum_l               0041dbed f i LIBCMT:_wctype.obj
 0001:0001cc07       _iswalnum                  0041dc07 f i LIBCMT:_wctype.obj
 0001:0001cc1d       __iswprint_l               0041dc1d f i LIBCMT:_wctype.obj
 0001:0001cc37       _iswprint                  0041dc37 f i LIBCMT:_wctype.obj
 0001:0001cc4d       __iswgraph_l               0041dc4d f i LIBCMT:_wctype.obj
 0001:0001cc67       _iswgraph                  0041dc67 f i LIBCMT:_wctype.obj
 0001:0001cc7d       __iswcntrl_l               0041dc7d f i LIBCMT:_wctype.obj
 0001:0001cc94       _iswcntrl                  0041dc94 f i LIBCMT:_wctype.obj
 0001:0001cca7       _iswascii                  0041dca7 f i LIBCMT:_wctype.obj
 0001:0001ccbb       __iswcsym_l                0041dcbb f i LIBCMT:_wctype.obj
 0001:0001cce5       ___iswcsym                 0041dce5 f i LIBCMT:_wctype.obj
 0001:0001cd0b       __iswcsymf_l               0041dd0b f i LIBCMT:_wctype.obj
 0001:0001cd35       ___iswcsymf                0041dd35 f i LIBCMT:_wctype.obj
 0001:0001cd5b       _vfprintf_helper           0041dd5b f   LIBCMT:vfprintf.obj
 0001:0001ce76       __vfprintf_l               0041de76 f   LIBCMT:vfprintf.obj
 0001:0001ce96       __vfprintf_s_l             0041de96 f   LIBCMT:vfprintf.obj
 0001:0001ceb6       __vfprintf_p_l             0041deb6 f   LIBCMT:vfprintf.obj
 0001:0001ced6       _vfprintf                  0041ded6 f   LIBCMT:vfprintf.obj
 0001:0001cef5       _vfprintf_s                0041def5 f   LIBCMT:vfprintf.obj
 0001:0001cf14       __vfprintf_p               0041df14 f   LIBCMT:vfprintf.obj
 0001:0001cf33       __vsnprintf_l              0041df33 f   LIBCMT:vsnprint.obj
 0001:0001cfe6       __vsnprintf                0041dfe6 f   LIBCMT:vsnprint.obj
 0001:0001d08a       __VEC_memcpy               0041e08a f   LIBCMT:p4_memcpy.obj
 0001:0001d1bd       __get_sse2_info            0041e1bd f   LIBCMT:cpu_disp.obj
 0001:0001d21f       ___sse2_available_init     0041e21f f   LIBCMT:cpu_disp.obj
 0001:0001d22c       __NMSG_WRITE               0041e22c f   LIBCMT:crt0msg.obj
 0001:0001d3d7       __GET_RTERRMSG             0041e3d7 f   LIBCMT:crt0msg.obj
 0001:0001d3fd       __FF_MSGBANNER             0041e3fd f   LIBCMT:crt0msg.obj
 0001:0001d436       __commit                   0041e436 f   LIBCMT:commit.obj
 0001:0001d517       __fcloseall                0041e517 f   LIBCMT:closeall.obj
 0001:0001d5b6       __RTC_Initialize           0041e5b6 f   LIBCMT:_initsect_.obj
 0001:0001d5dc       __RTC_Terminate            0041e5dc f   LIBCMT:_initsect_.obj
 0001:0001d602       __initp_misc_cfltcvt_tab   0041e602 f   LIBCMT:cmiscdat.obj
 0001:0001d630       __ValidateImageBase        0041e630 f   LIBCMT:pesect.obj
 0001:0001d670       __FindPESection            0041e670 f   LIBCMT:pesect.obj
 0001:0001d6c0       __IsNonwritableInCurrentImage 0041e6c0 f   LIBCMT:pesect.obj
 0001:0001d77d       ?terminate@@YAXXZ          0041e77d f   LIBCMT:hooks.obj
 0001:0001d7b6       ?unexpected@@YAXXZ         0041e7b6 f   LIBCMT:hooks.obj
 0001:0001d7c9       ?_inconsistency@@YAXXZ     0041e7c9 f   LIBCMT:hooks.obj
 0001:0001d801       __initp_eh_hooks           0041e801 f   LIBCMT:hooks.obj
 0001:0001d812       __initp_misc_winxfltr      0041e812 f   LIBCMT:winxfltr.obj
 0001:0001d848       __XcptFilter               0041e848 f   LIBCMT:winxfltr.obj
 0001:0001d9a8       ___CppXcptFilter           0041e9a8 f   LIBCMT:winxfltr.obj
 0001:0001d9c8       __initp_misc_rand_s        0041e9c8 f   LIBCMT:rand_s.obj
 0001:0001d9d7       _rand_s                    0041e9d7 f   LIBCMT:rand_s.obj
 0001:0001dadf       ___getlocaleinfo           0041eadf f   LIBCMT:inithelp.obj
 0001:0001dc5e       __initp_misc_purevirt      0041ec5e f   LIBCMT:inithelp.obj
 0001:0001dc6d       __initp_misc_initcrit      0041ec6d f   LIBCMT:initcrit.obj
 0001:0001dc7c       ___crtInitCritSecAndSpinCount 0041ec7c f   LIBCMT:initcrit.obj
 0001:0001dcdc       ?__CxxUnhandledExceptionFilter@@YGJPAU_EXCEPTION_POINTERS@@@Z 0041ecdc f   LIBCMT:unhandld.obj
 0001:0001dd1e       ___CxxSetUnhandledExceptionFilter 0041ed1e f   LIBCMT:unhandld.obj
 0001:0001dd2c       __setenvp                  0041ed2c f   LIBCMT:stdenvp.obj
 0001:0001de0a       __set_pgmptr               0041ee0a f i LIBCMT:stdargv.obj
 0001:0001dfb3       __setargv                  0041efb3 f   LIBCMT:stdargv.obj
 0001:0001e06e       ___crtGetEnvironmentStringsA 0041f06e f   LIBCMT:a_env.obj
 0001:0001e1a5       ___security_init_cookie    0041f1a5 f   LIBCMT:gs_support.obj
 0001:0001e23b       _swprintf                  0041f23b f   LIBCMT:swprintf.obj
 0001:0001e23b       __swprintf                 0041f23b f   LIBCMT:swprintf.obj
 0001:0001e2d3       ___swprintf_l              0041f2d3 f   LIBCMT:swprintf.obj
 0001:0001e2ef       _swprintf_s                0041f2ef f   LIBCMT:swprintf.obj
 0001:0001e30d       __snwprintf_s              0041f30d f   LIBCMT:swprintf.obj
 0001:0001e32e       __swprintf_p               0041f32e f   LIBCMT:swprintf.obj
 0001:0001e34c       __swprintf_s_l             0041f34c f   LIBCMT:swprintf.obj
 0001:0001e36b       __snwprintf_s_l            0041f36b f   LIBCMT:swprintf.obj
 0001:0001e38d       __swprintf_p_l             0041f38d f   LIBCMT:swprintf.obj
 0001:0001e3ac       __scwprintf                0041f3ac f   LIBCMT:swprintf.obj
 0001:0001e3c1       __scwprintf_p              0041f3c1 f   LIBCMT:swprintf.obj
 0001:0001e3d6       __scwprintf_l              0041f3d6 f   LIBCMT:swprintf.obj
 0001:0001e3ef       __scwprintf_p_l            0041f3ef f   LIBCMT:swprintf.obj
 0001:0001e408       __crt_debugger_hook        0041f408 f   LIBCMT:dbghook.obj
 0001:0001e410       __isatty                   0041f410 f   LIBCMT:isatty.obj
 0001:0001e474       __wctomb_s_l               0041f474 f   LIBCMT:wctomb.obj
 0001:0001e5e0       _wctomb_s                  0041f5e0 f   LIBCMT:wctomb.obj
 0001:0001e5fd       __wctomb_l                 0041f5fd f   LIBCMT:wctomb.obj
 0001:0001e64e       _wctomb                    0041f64e f   LIBCMT:wctomb.obj
 0001:0001e680       __aulldvrm                 0041f680 f   LIBCMT:ulldvrm.obj
 0001:0001e7bb       __output_s_l               0041f7bb f   LIBCMT:outputs.obj
 0001:0001f38b       __validate_param_reuseA    0042038b f   LIBCMT:outputp.obj
 0001:0001f55c       _get_crtdouble_arg         0042055c f i LIBCMT:outputp.obj
 0001:0001f571       __output_p_l               00420571 f   LIBCMT:outputp.obj
 0001:000208d9       __woutput_l                004218d9 f   LIBCMT:woutput.obj
 0001:00021519       __woutput_s_l              00422519 f   LIBCMT:woutputs.obj
 0001:000220b9       __validate_param_reuseW    004230b9 f   LIBCMT:woutputp.obj
 0001:000222b7       __woutput_p_l              004232b7 f   LIBCMT:woutputp.obj
 0001:00023577       _vfwprintf_helper          00424577 f   LIBCMT:vfwprint.obj
 0001:0002360a       __vfwprintf_l              0042460a f   LIBCMT:vfwprint.obj
 0001:0002362a       __vfwprintf_s_l            0042462a f   LIBCMT:vfwprint.obj
 0001:0002364a       __vfwprintf_p_l            0042464a f   LIBCMT:vfwprint.obj
 0001:0002366a       _vfwprintf                 0042466a f   LIBCMT:vfwprint.obj
 0001:00023689       _vfwprintf_s               00424689 f   LIBCMT:vfwprint.obj
 0001:000236a8       __vfwprintf_p              004246a8 f   LIBCMT:vfwprint.obj
 0001:000236c7       __calloc_impl              004246c7 f   LIBCMT:calloc_impl.obj
 0001:000237e5       __recalloc                 004247e5 f   LIBCMT:recalloc.obj
 0001:00023860       __ungetc_nolock            00424860 f   LIBCMT:ungetc.obj
 0001:00023951       _ungetc                    00424951 f   LIBCMT:ungetc.obj
 0001:000239c3       __mbtowc_l                 004249c3 f   LIBCMT:mbtowc.obj
 0001:00023ada       _mbtowc                    00424ada f   LIBCMT:mbtowc.obj
 0001:00023b00       __allmul                   00424b00 f   LIBCMT:llmul.obj
 0001:00023b34       __getbuf                   00424b34 f   LIBCMT:_getbuf.obj
 0001:0002429c       __open                     0042529c f   LIBCMT:open.obj
 0001:0002429c       _open                      0042529c f   LIBCMT:open.obj
 0001:00024352       __sopen_helper             00425352 f   LIBCMT:open.obj
 0001:0002441e       __sopen                    0042541e f   LIBCMT:open.obj
 0001:00024450       __sopen_s                  00425450 f   LIBCMT:open.obj
 0001:00024470       __mbsnbicmp_l              00425470 f   LIBCMT:mbsnbicm.obj
 0001:0002469b       __mbsnbicmp                0042569b f   LIBCMT:mbsnbicm.obj
 0001:000246b5       __mbsnbcmp_l               004256b5 f   LIBCMT:mbsnbcmp.obj
 0001:0002481f       __mbsnbcmp                 0042581f f   LIBCMT:mbsnbcmp.obj
 0001:0002483c       __global_unwind2           0042583c f   LIBCMT:exsup.obj
 0001:000248a1       __local_unwind2            004258a1 f   LIBCMT:exsup.obj
 0001:00024925       __abnormal_termination     00425925 f   LIBCMT:exsup.obj
 0001:00024948       __NLG_Notify1              00425948 f   LIBCMT:exsup.obj
 0001:00024951       __NLG_Notify               00425951 f   LIBCMT:exsup.obj
 0001:00024968       __NLG_Dispatch             00425968     LIBCMT:exsup.obj
 0001:00024968       __NLG_Dispatch2            00425968     LIBCMT:exsup.obj
 0001:00024970       __NLG_Call                 00425970 f   LIBCMT:exsup.obj
 0001:00024972       __NLG_Return2              00425972     LIBCMT:exsup.obj
 0001:000249ca       __VEC_memzero              004259ca f   LIBCMT:p4_memset.obj
 0001:00024a59       __putwch_nolock            00425a59 f   LIBCMT:putwch.obj
 0001:00024b1e       __cputws                   00425b1e f   LIBCMT:putwch.obj
 0001:00024bbd       __putwch                   00425bbd f   LIBCMT:putwch.obj
 0001:00024dbd       ___crtGetStringTypeA       00425dbd f   LIBCMT:a_str.obj
 0001:00024dff       ___pwctype_func            00425dff f   LIBCMT:ctype.obj
 0001:00024e05       ___pctype_func             00425e05 f   LIBCMT:ctype.obj
 0001:00025249       ___free_lc_time            00426249 f   LIBCMT:inittime.obj
 0001:000253de       ___init_time               004263de f   LIBCMT:inittime.obj
 0001:0002548a       ___free_lconv_num          0042648a f   LIBCMT:initnum.obj
 0001:000254cf       ___init_numeric            004264cf f   LIBCMT:initnum.obj
 0001:000256cc       ___free_lconv_mon          004266cc f   LIBCMT:initmon.obj
 0001:0002575a       ___init_monetary           0042675a f   LIBCMT:initmon.obj
 0001:00025a20       ___init_ctype              00426a20 f   LIBCMT:initctyp.obj
 0001:00025dc2       ____mb_cur_max_func        00426dc2 f   LIBCMT:initctyp.obj
 0001:00025deb       ____mb_cur_max_l_func      00426deb f   LIBCMT:initctyp.obj
 0001:00025e07       ____lc_codepage_func       00426e07 f   LIBCMT:initctyp.obj
 0001:00025e2d       ____lc_collate_cp_func     00426e2d f   LIBCMT:initctyp.obj
 0001:00025e53       ____lc_handle_func         00426e53 f   LIBCMT:initctyp.obj
 0001:00025e79       ___init_collate            00426e79 f   LIBCMT:initcoll.obj
 0001:00025e7c       __Getdays_l                00426e7c f   LIBCMT:strftime.obj
 0001:00025f7c       __Getdays                  00426f7c f   LIBCMT:strftime.obj
 0001:00025f85       __Getmonths_l              00426f85 f   LIBCMT:strftime.obj
 0001:00026085       __Getmonths                00427085 f   LIBCMT:strftime.obj
 0001:0002608e       __Gettnames_l              0042708e f   LIBCMT:strftime.obj
 0001:000263e5       __Gettnames                004273e5 f   LIBCMT:strftime.obj
 0001:00026d08       __Strftime_l               00427d08 f   LIBCMT:strftime.obj
 0001:00026eac       __strftime_l               00427eac f   LIBCMT:strftime.obj
 0001:00026ecc       _strftime                  00427ecc f   LIBCMT:strftime.obj
 0001:00026eeb       __Strftime                 00427eeb f   LIBCMT:strftime.obj
 0001:00026f0b       _localeconv                00427f0b f   LIBCMT:lconv.obj
 0001:00026f31       _strcat_s                  00427f31 f   LIBCMT:strcat_s.obj
 0001:00026fb0       _strcspn                   00427fb0 f   LIBCMT:strcspn.obj
 0001:00026ff6       _strncpy_s                 00427ff6 f   LIBCMT:strncpy_s.obj
 0001:000270ab       _strcpy_s                  004280ab f   LIBCMT:strcpy_s.obj
 0001:00027120       _strcmp                    00428120 f   LIBCMT:strcmp.obj
 0001:000277a3       ___get_qualified_locale    004287a3 f   LIBCMT:getqloc.obj
 0001:00028f0a       _memcmp                    00429f0a f   LIBCMT:memcmp.obj
 0001:0002a590       _strpbrk                   0042b590 f   LIBCMT:strpbrk.obj
 0001:0002a5d0       ___ansicp                  0042b5d0 f   LIBCMT:convrtcp.obj
 0001:0002a619       ___convertcp               0042b619 f   LIBCMT:convrtcp.obj
 0001:0002a7d0       __alloca_probe_16          0042b7d0 f   LIBCMT:alloca16.obj
 0001:0002a7e6       __alloca_probe_8           0042b7e6     LIBCMT:alloca16.obj
 0001:0002a7fc       __iswctype_l               0042b7fc f   LIBCMT:iswctype.obj
 0001:0002a886       _iswctype                  0042b886 f   LIBCMT:iswctype.obj
 0001:0002a8fc       _is_wctype                 0042b8fc f   LIBCMT:iswctype.obj
 0001:0002a907       ___crtMessageBoxA          0042b907 f   LIBCMT:crtmbox.obj
 0001:0002aa70       __fptrap                   0042ba70 f   LIBCMT:crt0fp.obj
 0001:0002aa92       ___crtGetLocaleInfoW       0042ba92 f   LIBCMT:w_loc.obj
 0001:0002ac05       ___crtGetLocaleInfoA       0042bc05 f   LIBCMT:a_loc.obj
 0001:0002ac95       __ismbbkalnum_l            0042bc95 f   LIBCMT:ismbbyte.obj
 0001:0002acae       __ismbbkalnum              0042bcae f   LIBCMT:ismbbyte.obj
 0001:0002acc6       __ismbbkprint_l            0042bcc6 f   LIBCMT:ismbbyte.obj
 0001:0002acdf       __ismbbkprint              0042bcdf f   LIBCMT:ismbbyte.obj
 0001:0002acf7       __ismbbkpunct_l            0042bcf7 f   LIBCMT:ismbbyte.obj
 0001:0002ad10       __ismbbkpunct              0042bd10 f   LIBCMT:ismbbyte.obj
 0001:0002ad28       __ismbbalnum_l             0042bd28 f   LIBCMT:ismbbyte.obj
 0001:0002ad44       __ismbbalnum               0042bd44 f   LIBCMT:ismbbyte.obj
 0001:0002ad5f       __ismbbalpha_l             0042bd5f f   LIBCMT:ismbbyte.obj
 0001:0002ad7b       __ismbbalpha               0042bd7b f   LIBCMT:ismbbyte.obj
 0001:0002ad96       __ismbbgraph_l             0042bd96 f   LIBCMT:ismbbyte.obj
 0001:0002adb2       __ismbbgraph               0042bdb2 f   LIBCMT:ismbbyte.obj
 0001:0002adcd       __ismbbprint_l             0042bdcd f   LIBCMT:ismbbyte.obj
 0001:0002ade9       __ismbbprint               0042bde9 f   LIBCMT:ismbbyte.obj
 0001:0002ae04       __ismbbpunct_l             0042be04 f   LIBCMT:ismbbyte.obj
 0001:0002ae1d       __ismbbpunct               0042be1d f   LIBCMT:ismbbyte.obj
 0001:0002ae35       __ismbblead_l              0042be35 f   LIBCMT:ismbbyte.obj
 0001:0002ae4e       __ismbblead                0042be4e f   LIBCMT:ismbbyte.obj
 0001:0002ae66       __ismbbtrail_l             0042be66 f   LIBCMT:ismbbyte.obj
 0001:0002ae7f       __ismbbtrail               0042be7f f   LIBCMT:ismbbyte.obj
 0001:0002ae97       __ismbbkana_l              0042be97 f   LIBCMT:ismbbyte.obj
 0001:0002aeec       __ismbbkana                0042beec f   LIBCMT:ismbbyte.obj
 0001:0002aeff       __vswprintf_l              0042beff f   LIBCMT:vswprint.obj
 0001:0002af98       __vswprintf                0042bf98 f   LIBCMT:vswprint.obj
 0001:0002afb2       ___vswprintf_l             0042bfb2 f   LIBCMT:vswprint.obj
 0001:0002afbd       __vscwprintf_helper        0042bfbd f   LIBCMT:vswprint.obj
 0001:0002b014       __vscwprintf               0042c014 f   LIBCMT:vswprint.obj
 0001:0002b030       __vscwprintf_l             0042c030 f   LIBCMT:vswprint.obj
 0001:0002b04d       __vscwprintf_p             0042c04d f   LIBCMT:vswprint.obj
 0001:0002b069       __vscwprintf_p_l           0042c069 f   LIBCMT:vswprint.obj
 0001:0002b086       __fputwc_nolock            0042c086 f   LIBCMT:fputwc.obj
 0001:0002b20d       _fputwc                    0042c20d f   LIBCMT:fputwc.obj
 0001:0002b286       _putwc                     0042c286 f   LIBCMT:fputwc.obj
 0001:0002b48b       _wcstol                    0042c48b f   LIBCMT:wcstol.obj
 0001:0002b4b6       __wcstol_l                 0042c4b6 f   LIBCMT:wcstol.obj
 0001:0002b4d3       _wcstoul                   0042c4d3 f   LIBCMT:wcstol.obj
 0001:0002b4ff       __wcstoul_l                0042c4ff f   LIBCMT:wcstol.obj
 0001:0002b51c       __chsize_nolock            0042c51c f   LIBCMT:chsize.obj
 0001:0002b6d2       __chsize_s                 0042c6d2 f   LIBCMT:chsize.obj
 0001:0002b7bf       __chsize                   0042c7bf f   LIBCMT:chsize.obj
 0001:0002b7db       __setmode_nolock           0042c7db f   LIBCMT:setmode.obj
 0001:0002b897       __set_fmode                0042c897 f   LIBCMT:setmode.obj
 0001:0002b8e3       __get_fmode                0042c8e3 f   LIBCMT:setmode.obj
 0001:0002b91c       __setmode                  0042c91c f   LIBCMT:setmode.obj
 0001:0002ba13       __strnicmp_l               0042ca13 f   LIBCMT:strnicmp.obj
 0001:0002bb05       _strnicmp                  0042cb05 f   LIBCMT:strnicmp.obj
 0001:0002bb05       __strnicmp                 0042cb05 f   LIBCMT:strnicmp.obj
 0001:0002bb63       ___initconin               0042cb63 f   LIBCMT:initcon.obj
 0001:0002bb82       ___initconout              0042cb82 f   LIBCMT:initcon.obj
 0001:0002bba1       ___termcon                 0042cba1 f   LIBCMT:initcon.obj
 0001:0002bbce       __get_daylight             0042cbce f   LIBCMT:timeset.obj
 0001:0002bc07       __get_dstbias              0042cc07 f   LIBCMT:timeset.obj
 0001:0002bc40       __get_timezone             0042cc40 f   LIBCMT:timeset.obj
 0001:0002bc79       __get_tzname               0042cc79 f   LIBCMT:timeset.obj
 0001:0002bd1d       ___daylight                0042cd1d f   LIBCMT:timeset.obj
 0001:0002bd23       ___dstbias                 0042cd23 f   LIBCMT:timeset.obj
 0001:0002bd29       ___timezone                0042cd29 f   LIBCMT:timeset.obj
 0001:0002bd2f       ___tzname                  0042cd2f f   LIBCMT:timeset.obj
 0001:0002bd35       __set_daylight             0042cd35 f i LIBCMT:tzset.obj
 0001:0002bd46       __set_dstbias              0042cd46 f i LIBCMT:tzset.obj
 0001:0002bd57       __set_timezone             0042cd57 f i LIBCMT:tzset.obj
 0001:0002c47d       ___tzset                   0042d47d f   LIBCMT:tzset.obj
 0001:0002c4cc       __tzset                    0042d4cc f   LIBCMT:tzset.obj
 0001:0002c504       __isindst                  0042d504 f   LIBCMT:tzset.obj
 0001:0002c545       ___ascii_stricmp           0042d545 f   LIBCMT:stricmp.obj
 0001:0002c57e       __stricmp_l                0042d57e f   LIBCMT:stricmp.obj
 0001:0002c653       __stricmp                  0042d653 f   LIBCMT:stricmp.obj
 0001:0002c653       _stricmp                   0042d653 f   LIBCMT:stricmp.obj
 0001:0002c782       __itoa_s                   0042d782 f   LIBCMT:xtoas.obj
 0001:0002c7ac       __ltoa_s                   0042d7ac f   LIBCMT:xtoas.obj
 0001:0002c7d3       __ultoa_s                  0042d7d3 f   LIBCMT:xtoas.obj
 0001:0002c8e5       __i64toa_s                 0042d8e5 f   LIBCMT:xtoas.obj
 0001:0002c91a       __ui64toa_s                0042d91a f   LIBCMT:xtoas.obj
 0001:0002c95c       ___crtGetStringTypeW       0042d95c f   LIBCMT:w_str.obj
 0001:0002c99a       __flswbuf                  0042d99a f   LIBCMT:_flswbuf.obj
 0001:0002cb0e       __wchartodigit             0042db0e f   LIBCMT:wchtodig.obj
 0001:0002ccf0       ___ascii_strnicmp          0042dcf0 f   LIBCMT:_strnicm.obj
 0001:0002cd51       __getenv_helper_nolock     0042dd51 f   LIBCMT:getenv.obj
 0001:0002cf11       _getenv                    0042df11 f   LIBCMT:getenv.obj
 0001:0002cf94       _getenv_s                  0042df94 f   LIBCMT:getenv.obj
 0001:0002d06c       __dupenv_s                 0042e06c f   LIBCMT:getenv.obj
 0001:0002d152       __mbsnbicoll_l             0042e152 f   LIBCMT:mbsnbico.obj
 0001:0002d240       __mbsnbicoll               0042e240 f   LIBCMT:mbsnbico.obj
 0001:0002d25a       ___wtomb_environ           0042e25a f   LIBCMT:wtombenv.obj
 0001:0002d2f1       _calloc                    0042e2f1 f   LIBCMT:calloc.obj
 0001:0002d331       _strnlen                   0042e331 f   LIBCMT:strlen_s.obj
 0001:0002d6dc       ___crtCompareStringA       0042e6dc f   LIBCMT:a_cmp.obj
 0001:0002d71e       __strnicoll_l              0042e71e f   LIBCMT:strnicol.obj
 0001:0002d818       __strnicoll                0042e818 f   LIBCMT:strnicol.obj
 0001:0002d8ed       ___crtsetenv               0042e8ed f   LIBCMT:setenv.obj
 0001:0002db38       __strdup                   0042eb38 f   LIBCMT:strdup.obj
 0001:0002db8d       __mbschr_l                 0042eb8d f   LIBCMT:mbschr.obj
 0001:0002dc49       __mbschr                   0042ec49 f   LIBCMT:mbschr.obj
 0001:0002dc60       _GetVersion@0              0042ec60 f   kernel32:KERNEL32.dll
 0001:0002dc66       _GetConsoleScreenBufferInfo@8 0042ec66 f   kernel32:KERNEL32.dll
 0001:0002dc6c       _GetStdHandle@4            0042ec6c f   kernel32:KERNEL32.dll
 0001:0002dc72       _SetThreadAffinityMask@8   0042ec72 f   kernel32:KERNEL32.dll
 0001:0002dc78       _GetCurrentThread@0        0042ec78 f   kernel32:KERNEL32.dll
 0001:0002dc7e       _SetConsoleCtrlHandler@8   0042ec7e f   kernel32:KERNEL32.dll
 0001:0002dc84       _SetUnhandledExceptionFilter@4 0042ec84 f   kernel32:KERNEL32.dll
 0001:0002dc8a       _SetErrorMode@4            0042ec8a f   kernel32:KERNEL32.dll
 0001:0002dc90       _GetPrivateProfileStringA@24 0042ec90 f   kernel32:KERNEL32.dll
 0001:0002dc96       _GetModuleFileNameA@12     0042ec96 f   kernel32:KERNEL32.dll
 0001:0002dc9c       _GetPrivateProfileSectionA@16 0042ec9c f   kernel32:KERNEL32.dll
 0001:0002dca2       _GetFileAttributesA@4      0042eca2 f   kernel32:KERNEL32.dll
 0001:0002dca8       _GetPrivateProfileIntA@16  0042eca8 f   kernel32:KERNEL32.dll
 0001:0002dcae       _FreeConsole@0             0042ecae f   kernel32:KERNEL32.dll
 0001:0002dcb4       _GetCurrentDirectoryA@8    0042ecb4 f   kernel32:KERNEL32.dll
 0001:0002dcba       _SetCurrentDirectoryA@4    0042ecba f   kernel32:KERNEL32.dll
 0001:0002dcc0       _Sleep@4                   0042ecc0 f   kernel32:KERNEL32.dll
 0001:0002dcc6       _CloseHandle@4             0042ecc6 f   kernel32:KERNEL32.dll
 0001:0002dccc       _WaitForSingleObject@8     0042eccc f   kernel32:KERNEL32.dll
 0001:0002dcd2       _FindFirstChangeNotificationA@12 0042ecd2 f   kernel32:KERNEL32.dll
 0001:0002dcd8       _FindNextChangeNotification@4 0042ecd8 f   kernel32:KERNEL32.dll
 0001:0002dcde       _Beep@8                    0042ecde f   kernel32:KERNEL32.dll
 0001:0002dce4       _GetCurrentThreadId@0      0042ece4 f   kernel32:KERNEL32.dll
 0001:0002dcea       _SetPriorityClass@8        0042ecea f   kernel32:KERNEL32.dll
 0001:0002dcf0       _GetCurrentProcess@0       0042ecf0 f   kernel32:KERNEL32.dll
 0001:0002dcf6       _LoadLibraryA@4            0042ecf6 f   kernel32:KERNEL32.dll
 0001:0002dcfc       _GetProcAddress@8          0042ecfc f   kernel32:KERNEL32.dll
 0001:0002dd02       _GetModuleHandleA@4        0042ed02 f   kernel32:KERNEL32.dll
 0001:0002dd08       _FreeLibrary@4             0042ed08 f   kernel32:KERNEL32.dll
 0001:0002dd0e       _GetPrivateProfileSectionNamesA@12 0042ed0e f   kernel32:KERNEL32.dll
 0001:0002dd14       _CreateFileA@28            0042ed14 f   kernel32:KERNEL32.dll
 0001:0002dd1a       _GetCommProperties@8       0042ed1a f   kernel32:KERNEL32.dll
 0001:0002dd20       _WideCharToMultiByte@32    0042ed20 f   kernel32:KERNEL32.dll
 0001:0002dd26       _FlushFileBuffers@4        0042ed26 f   kernel32:KERNEL32.dll
 0001:0002dd2c       _CreateEventA@16           0042ed2c f   kernel32:KERNEL32.dll
 0001:0002dd32       _ResetEvent@4              0042ed32 f   kernel32:KERNEL32.dll
 0001:0002dd38       _GetLastError@0            0042ed38 f   kernel32:KERNEL32.dll
 0001:0002dd3e       _FindFirstVolumeA@8        0042ed3e f   kernel32:KERNEL32.dll
 0001:0002dd44       _FindNextVolumeA@12        0042ed44 f   kernel32:KERNEL32.dll
 0001:0002dd4a       _DeviceIoControl@32        0042ed4a f   kernel32:KERNEL32.dll
 0001:0002dd50       _FindVolumeClose@4         0042ed50 f   kernel32:KERNEL32.dll
 0001:0002dd56       _SetFilePointer@16         0042ed56 f   kernel32:KERNEL32.dll
 0001:0002dd5c       _ReadFile@20               0042ed5c f   kernel32:KERNEL32.dll
 0001:0002dd62       _WriteFile@20              0042ed62 f   kernel32:KERNEL32.dll
 0001:0002dd68       _GetTempPathA@8            0042ed68 f   kernel32:KERNEL32.dll
 0001:0002dd6e       _MultiByteToWideChar@24    0042ed6e f   kernel32:KERNEL32.dll
 0001:0002dd74       _AreFileApisANSI@0         0042ed74 f   kernel32:KERNEL32.dll
 0001:0002dd7a       _DeleteFileA@4             0042ed7a f   kernel32:KERNEL32.dll
 0001:0002dd80       _GetFullPathNameA@16       0042ed80 f   kernel32:KERNEL32.dll
 0001:0002dd86       _SetConsoleTitleA@4        0042ed86 f   kernel32:KERNEL32.dll
 0001:0002dd8c       _FlushConsoleInputBuffer@4 0042ed8c f   kernel32:KERNEL32.dll
 0001:0002dd92       _GlobalLock@4              0042ed92 f   kernel32:KERNEL32.dll
 0001:0002dd98       _GlobalUnlock@4            0042ed98 f   kernel32:KERNEL32.dll
 0001:0002dd9e       _GetLocalTime@4            0042ed9e f   kernel32:KERNEL32.dll
 0001:0002dda4       _DefineDosDeviceA@12       0042eda4 f   kernel32:KERNEL32.dll
 0001:0002ddaa       _SetCommTimeouts@8         0042edaa f   kernel32:KERNEL32.dll
 0001:0002ddb0       _GetCommState@8            0042edb0 f   kernel32:KERNEL32.dll
 0001:0002ddb6       _SetCommState@8            0042edb6 f   kernel32:KERNEL32.dll
 0001:0002ddbc       _EscapeCommFunction@8      0042edbc f   kernel32:KERNEL32.dll
 0001:0002ddc2       _GetCommModemStatus@8      0042edc2 f   kernel32:KERNEL32.dll
 0001:0002ddc8       _CreateProcessA@40         0042edc8 f   kernel32:KERNEL32.dll
 0001:0002ddce       _GetTickCount@0            0042edce f   kernel32:KERNEL32.dll
 0001:0002ddd4       _CreateDirectoryA@8        0042edd4 f   kernel32:KERNEL32.dll
 0001:0002ddda       _GetExitCodeProcess@8      0042edda f   kernel32:KERNEL32.dll
 0001:0002dde0       _FindFirstFileA@8          0042ede0 f   kernel32:KERNEL32.dll
 0001:0002dde6       _FindNextFileA@8           0042ede6 f   kernel32:KERNEL32.dll
 0001:0002ddec       _FindClose@4               0042edec f   kernel32:KERNEL32.dll
 0001:0002ddf2       _RemoveDirectoryA@4        0042edf2 f   kernel32:KERNEL32.dll
 0001:0002ddf8       _QueryPerformanceFrequency@4 0042edf8 f   kernel32:KERNEL32.dll
 0001:0002ddfe       _QueryPerformanceCounter@4 0042edfe f   kernel32:KERNEL32.dll
 0001:0002de04       _SetConsoleTextAttribute@8 0042ee04 f   kernel32:KERNEL32.dll
 0001:0002de0a       _FormatMessageA@28         0042ee0a f   kernel32:KERNEL32.dll
 0001:0002de10       _InitializeCriticalSection@4 0042ee10 f   kernel32:KERNEL32.dll
 0001:0002de16       _DeleteCriticalSection@4   0042ee16 f   kernel32:KERNEL32.dll
 0001:0002de1c       _EnterCriticalSection@4    0042ee1c f   kernel32:KERNEL32.dll
 0001:0002de22       _LeaveCriticalSection@4    0042ee22 f   kernel32:KERNEL32.dll
 0001:0002de28       _SetEvent@4                0042ee28 f   kernel32:KERNEL32.dll
[...]
 0003:00fba140       ___sbh_indGroupDefer       0148d140     <common>
 0003:00fba144       ___active_heap             0148d144     <common>
 0003:00fba148       __pDestructExceptionObject 0148d148     <common>
 0003:00fba14c       __acmdln                   0148d14c     <common>
 0003:00fba150       ___env_initialized         0148d150     <common>
 0003:00fba154       ___onexitend               0148d154     <common>
 0003:00fba158       ___onexitbegin             0148d158     <common>
 0003:00fba15c       ___mbctype_initialized     0148d15c     <common>
 0003:00fba160       ___dyn_tls_init_callback   0148d160     <common>
 0003:00fba164       ___piob                    0148d164     <common>
 0003:00fba180       __bufin                    0148d180     <common>
 0003:00fbb180       __nstream                  0148e180     <common>

 entry point at        0001:00011309

 Static symbols

 0001:0000cedd       _swprintf                  0040dedd f   LIBCMT:wassert.obj
 0001:0000d64d       __onexit_nolock            0040e64d f   LIBCMT:onexit.obj
 0001:0000da34       _vscan_fn                  0040ea34 f   LIBCMT:sscanf.obj
 0001:0000f420       _swap                      00410420 f   LIBCMT:qsort.obj
 0001:0000f450       _shortsort                 00410450 f   LIBCMT:qsort.obj
 0001:00010684       _flsall                    00411684 f   LIBCMT:fflush.obj
 0001:00010a1d       __initterm                 00411a1d f   LIBCMT:crt0dat.obj
 0001:00010b5b       _doexit                    00411b5b f   LIBCMT:crt0dat.obj
 0001:00010f13       __callthreadstartex        00411f13 f   LIBCMT:threadex.obj
 0001:00010f54       __threadstartex@4          00411f54 f   LIBCMT:threadex.obj
 0001:00011147       _fast_error_exit           00412147 f   LIBCMT:crt0.obj
 0001:00011170       _check_managed_app         00412170 f   LIBCMT:crt0.obj
 0001:000111b7       ___tmainCRTStartup         004121b7 f   LIBCMT:crt0.obj
 0001:00011531       _write_char                00412531 f   LIBCMT:output.obj
 0001:00011564       _write_multi_char          00412564 f   LIBCMT:output.obj
 0001:0001158a       _write_string              0041258a f   LIBCMT:output.obj
 0001:000124f0       _ValidateLocalCookies      004134f0 f   LIBCMT:chandler4.obj
 0001:00012ecb       _ctrlevent_capture@4       00413ecb f   LIBCMT:winsig.obj
 0001:00012f66       _siglookup                 00413f66 f   LIBCMT:winsig.obj
 0001:00013512       _xtow_s@20                 00414512 f   LIBCMT:xtows.obj
 0001:00013675       @x64tow_s@24               00414675 f   LIBCMT:xtows.obj
 0001:00015a6b       ___check_float_string      00416a6b f   LIBCMT:input.obj
 0001:00015ad4       __hextodec                 00416ad4 f   LIBCMT:input.obj
 0001:00015af4       __inc                      00416af4 f   LIBCMT:input.obj
 0001:00015b0a       __un_inc                   00416b0a f   LIBCMT:input.obj
 0001:00015b1d       __whiteout                 00416b1d f   LIBCMT:input.obj
 0001:00016b04       ___check_float_string      00417b04 f   LIBCMT:inputs.obj
 0001:00016b5b       __hextodec                 00417b5b f   LIBCMT:inputs.obj
 0001:00016b7b       __inc                      00417b7b f   LIBCMT:inputs.obj
 0001:00016b91       __un_inc                   00417b91 f   LIBCMT:inputs.obj
 0001:00016ba4       __whiteout                 00417ba4 f   LIBCMT:inputs.obj
 0001:000182f5       ?strtoxl@@YAKPAUlocaleinfo_struct@@PBDPAPBDHH@Z 004192f5 f   LIBCMT:strtol.obj
 0001:000185b5       ?strtoxq@@YA_KPAUlocaleinfo_struct@@PBDPAPBDHH@Z 004195b5 f   LIBCMT:strtoq.obj
 0001:00018d70       __unwind_handler4          00419d70 f   LIBCMT:exsup4.obj
 0001:0001a249       ?CPtoLCID@@YAHH@Z          0041b249 f   LIBCMT:mbctype.obj
 0001:0001a278       ?setSBCS@@YAXPAUthreadmbcinfostruct@@@Z 0041b278 f   LIBCMT:mbctype.obj
 0001:0001a2dc       ?setSBUpLow@@YAXPAUthreadmbcinfostruct@@@Z 0041b2dc f   LIBCMT:mbctype.obj
 0001:0001a513       ?getSystemCP@@YAHH@Z       0041b513 f   LIBCMT:mbctype.obj
 0001:0001abe7       __copytlocinfo_nolock      0041bbe7 f   LIBCMT:setlocal.obj
 0001:0001ac0d       __updatetlocinfoEx_nolock  0041bc0d f   LIBCMT:setlocal.obj
 0001:0001ad2b       _sync_legacy_variables_lk  0041bd2b f   LIBCMT:setlocal.obj
 0001:0001b0d8       __setlocale_get_all        0041c0d8 f   LIBCMT:setlocal.obj
 0001:0001b486       __setlocale_set_cat        0041c486 f   LIBCMT:setlocal.obj
 0001:0001b788       __setlocale_nolock         0041c788 f   LIBCMT:setlocal.obj
 0001:0001c668       ?strncnt@@YAHPBDH@Z        0041d668 f   LIBCMT:a_map.obj
 0001:0001c686       ?__crtLCMapStringA_stat@@YAHPAUlocaleinfo_struct@@KKPBDHPADHHH@Z 0041d686 f   LIBCMT:a_map.obj
 0001:0001d003       _fastcopy_I                0041e003 f   LIBCMT:p4_memcpy.obj
 0001:0001d16d       _has_osfxsr_set            0041e16d f   LIBCMT:cpu_disp.obj
 0001:0001d813       _xcptlookup                0041e813 f   LIBCMT:winxfltr.obj
 0001:0001de19       _parse_cmdline             0041ee19 f   LIBCMT:stdargv.obj
 0001:0001e715       _write_char                0041f715 f   LIBCMT:outputs.obj
 0001:0001e748       _write_multi_char          0041f748 f   LIBCMT:outputs.obj
 0001:0001e76e       _write_string              0041f76e f   LIBCMT:outputs.obj
 0001:0001f4b6       _write_char                004204b6 f   LIBCMT:outputp.obj
 0001:0001f4e9       _write_multi_char          004204e9 f   LIBCMT:outputp.obj
 0001:0001f50f       _write_string              0042050f f   LIBCMT:outputp.obj
 0001:00020831       _write_char                00421831 f   LIBCMT:woutput.obj
 0001:00020860       _write_multi_char          00421860 f   LIBCMT:woutput.obj
 0001:00020887       _write_string              00421887 f   LIBCMT:woutput.obj
 0001:00021471       _write_char                00422471 f   LIBCMT:woutputs.obj
 0001:000214a0       _write_multi_char          004224a0 f   LIBCMT:woutputs.obj
 0001:000214c7       _write_string              004224c7 f   LIBCMT:woutputs.obj
 0001:0002220f       _write_char                0042320f f   LIBCMT:woutputp.obj
 0001:0002223e       _write_multi_char          0042323e f   LIBCMT:woutputp.obj
 0001:00022265       _write_string              00423265 f   LIBCMT:woutputp.obj
 0001:00023b7d       __tsopen_nolock            00424b7d f   LIBCMT:open.obj
 0001:0002485c       __unwind_handler           0042585c f   LIBCMT:exsup.obj
 0001:00024973       _fastzero_I                00425973 f   LIBCMT:p4_memset.obj
 0001:00024c03       ?__crtGetStringTypeA_stat@@YAHPAUlocaleinfo_struct@@KPBDHPAGHHH@Z 00425c03 f   LIBCMT:a_str.obj
 0001:00024e2e       __get_lc_time              00425e2e f   LIBCMT:inittime.obj
 0001:00025457       _fix_grouping              00426457 f   LIBCMT:initnum.obj
 0001:00025699       _fix_grouping              00426699 f   LIBCMT:initmon.obj
 0001:000263ee       ?_store_str@@YAXPADPAPADPAI@Z 004273ee f   LIBCMT:strftime.obj
 0001:0002640e       ?_store_number@@YAXHPAPADPAI@Z 0042740e f   LIBCMT:strftime.obj
 0001:00026444       ?_store_num@@YAXHHPAPADPAII@Z 00427444 f   LIBCMT:strftime.obj
 0001:000264bf       ?_expandtime@@YAHPAUlocaleinfo_struct@@DPBUtm@@PAPADPAIPAU__lc_time_data@@I@Z 004274bf f   LIBCMT:strftime.obj
 0001:000268a7       ?_store_winword@@YAHPAUlocaleinfo_struct@@HPBUtm@@PAPADPAIPAU__lc_time_data@@@Z 004278a7 f   LIBCMT:strftime.obj
 0001:000271a8       _TranslateName             004281a8 f   LIBCMT:getqloc.obj
 0001:0002720a       _GetLcidFromDefault        0042820a f   LIBCMT:getqloc.obj
 0001:0002721e       _ProcessCodePage           0042821e f   LIBCMT:getqloc.obj
 0001:000272c2       _TestDefaultCountry        004282c2 f   LIBCMT:getqloc.obj
 0001:000272e6       _LcidFromHexString         004282e6 f   LIBCMT:getqloc.obj
 0001:0002731a       _GetPrimaryLen             0042831a f   LIBCMT:getqloc.obj
 0001:00027335       _CountryEnumProc@4         00428335 f   LIBCMT:getqloc.obj
 0001:000273cd       _TestDefaultLanguage       004283cd f   LIBCMT:getqloc.obj
 0001:00027441       _LangCountryEnumProc@4     00428441 f   LIBCMT:getqloc.obj
 0001:00027613       _LanguageEnumProc@4        00428613 f   LIBCMT:getqloc.obj
 0001:000276d4       _GetLcidFromCountry        004286d4 f   LIBCMT:getqloc.obj
 0001:00027700       _GetLcidFromLangCountry    00428700 f   LIBCMT:getqloc.obj
 0001:00027767       _GetLcidFromLanguage       00428767 f   LIBCMT:getqloc.obj
 0001:00027994       _cmpResult                 00428994 f   LIBCMT:memcmp.obj
 0001:000279a6       _cmpBYTE                   004289a6 f   LIBCMT:memcmp.obj
 0001:000279be       _cmpWORD                   004289be f   LIBCMT:memcmp.obj
 0001:000279fe       _cmpDWORD                  004289fe f   LIBCMT:memcmp.obj
 0001:00027a76       _unaligned_memcmp          00428a76 f   LIBCMT:memcmp.obj
 0001:0002aa79       ?__crtGetLocaleInfoW_stat@@YAHPAUlocaleinfo_struct@@KKPA_WHH@Z 0042ba79 f   LIBCMT:w_loc.obj
 0001:0002aac6       ?__crtGetLocaleInfoA_stat@@YAHPAUlocaleinfo_struct@@KKPADHH@Z 0042bac6 f   LIBCMT:a_loc.obj
 0001:0002ac42       ?x_ismbbtype_l@@YAHPAUlocaleinfo_struct@@IHH@Z 0042bc42 f   LIBCMT:ismbbyte.obj
 0001:0002b291       ?wcstoxl@@YAKPAUlocaleinfo_struct@@PB_WPAPB_WHH@Z 0042c291 f   LIBCMT:wcstol.obj
 0001:0002bd68       __tzset_nolock             0042cd68 f   LIBCMT:tzset.obj
 0001:0002c0ae       _cvtdate                   0042d0ae f   LIBCMT:tzset.obj
 0001:0002c2a5       __isindst_nolock           0042d2a5 f   LIBCMT:tzset.obj
 0001:0002c6a5       _xtoa_s@20                 0042d6a5 f   LIBCMT:xtoas.obj
 0001:0002c7ed       @x64toa_s@24               0042d7ed f   LIBCMT:xtoas.obj
 0001:0002c939       ?__crtGetStringTypeW_stat@@YAHPAUlocaleinfo_struct@@KPB_WHPAGHH@Z 0042d939 f   LIBCMT:w_str.obj
 0001:0002cdd8       __getenv_s_helper          0042ddd8 f   LIBCMT:getenv.obj
 0001:0002ce6d       __dupenv_s_helper          0042de6d f   LIBCMT:getenv.obj
 0001:0002d34e       ?strncnt@@YAHPBDH@Z        0042e34e f   LIBCMT:a_cmp.obj
 0001:0002d36c       ?__crtCompareStringA_stat@@YAHPAUlocaleinfo_struct@@KKPBDH1HH@Z 0042e36c f   LIBCMT:a_cmp.obj
 0001:0002d841       _findenv                   0042e841 f   LIBCMT:setenv.obj
 0001:0002d893       _copy_environ              0042e893 f   LIBCMT:setenv.obj
 0001:00036eb0       ?saa1099_envelope@@YAXPAUsaa1099_state@@H@Z 00437eb0 f    CIL library: CIL module
 0001:00039a90       ?FillCheck@@YA_NPBXDI@Z    0043aa90 f    CIL library: CIL module
 0001:0003d7b0       ?rdtsc@@YA_KXZ             0043e7b0 f    CIL library: CIL module
 0001:0003db90       ?cpuid@@YAXQAII@Z          0043eb90 f    CIL library: CIL module
 0001:0003dba0       ?rdtsc@@YA_KXZ             0043eba0 f    CIL library: CIL module
 0001:00040320       ?png_flush@@YAXPAUpng_struct_def@@@Z 00441320 f    CIL library: CIL module
 0001:00040340       ?png_write_data@@YAXPAUpng_struct_def@@PAEI@Z 00441340 f    CIL library: CIL module
 0001:00041140       ?VideoNullSaver@@YAXXZ     00442140 f    CIL library: CIL module
 0001:00041520       ?addref@@YAXAAPADEPBDII@Z  00442520 f    CIL library: CIL module
 0001:00042560       ?VideoFrameSaver@@YAXXZ    00443560 f    CIL library: CIL module
 0001:00046170       ?rdtsc@@YA_KXZ             00447170 f    CIL library: CIL module
 0001:00046400       ?rdtsc@@YA_KXZ             00447400 f    CIL library: CIL module
 0001:00046410       ?asm_pause@@YAXXZ          00447410 f    CIL library: CIL module
 0001:00046b30       ?text_16@@YAXPAEPBDE@Z     00447b30 f    CIL library: CIL module
 0001:00046d80       ?rdtsc@@YA_KXZ             00447d80 f    CIL library: CIL module
 0001:00051be0       ?UpdateMemMapping@z80gs@@YAXXZ 00452be0 f    CIL library: CIL module
 0001:00051d30       ?flush_gs_sound@z80gs@@YAXXZ 00452d30 f    CIL library: CIL module
 0001:00051fa0       ?rdtsc@@YA_KXZ             00452fa0 f    CIL library: CIL module
 0001:00051fb0       ?rol8@@YAEEE@Z             00452fb0 f    CIL library: CIL module
 0001:00052030       ?stepi@z80gs@@YAXXZ        00453030 f    CIL library: CIL module
 0001:000522c0       ?gs_byte_to_dac@z80gs@@YAXIE@Z 004532c0 f    CIL library: CIL module
 0001:00055fc0       ?FMCloseTable@@YAXXZ       00456fc0 f    CIL library: CIL module
 0001:00055fd0       ?init_tables@@YAHXZ        00456fd0 f    CIL library: CIL module
 0001:00056140       ?reset_channels@@YAXPAUFM_ST@@PAUFM_CH@@H@Z 00457140 f    CIL library: CIL module
 0001:000561a0       ?init_timetables@@YAXPAUFM_ST@@PBE@Z 004571a0 f    CIL library: CIL module
 0001:00056480       ?setup_connection@@YAXPAUFM_CH@@H@Z 00457480 f    CIL library: CIL module
 0001:00056710       ?OPNWriteReg@@YAXPAUFM_OPN@@HH@Z 00457710 f    CIL library: CIL module
 0001:000569e0       ?OPNSetPres@@YAXPAUFM_OPN@@HHH@Z 004579e0 f    CIL library: CIL module
 0001:000575f0       ?OPNWriteMode@@YAXPAUFM_OPN@@HH@Z 004585f0 f    CIL library: CIL module
 0001:00057740       ?FMsave_state_st@@YAXPBDHPAUFM_ST@@@Z 00458740 f    CIL library: CIL module
 0001:00057a40       ?FMsave_state_channel@@YAXPBDHPAUFM_CH@@H@Z 00458a40 f    CIL library: CIL module
 0001:00058280       ?getrom@@YAPBDW4ROM_MODE@@@Z 00459280 f    CIL library: CIL module
 0001:00058600       ?qsave@@YAXPBD@Z           00459600 f    CIL library: CIL module
 0001:00059120       ?qload@@YAXPBD@Z           0045a120 f    CIL library: CIL module
 0001:00059a40       ?recognize_text@@YAXPBEQAPAE@Z 0045aa40 f    CIL library: CIL module
 0001:0005d860       ?line_atm0_32d@@YAXPAE0PAIH@Z 0045e860 f    CIL library: CIL module
 0001:0005d910       ?line_atm0_32@@YAXPAE0PAIH@Z 0045e910 f    CIL library: CIL module
 0001:0005d9a0       ?line_atm0_16d@@YAXPAE0PAIH@Z 0045e9a0 f    CIL library: CIL module
 0001:0005da30       ?line_atm0_16@@YAXPAE0PAIH@Z 0045ea30 f    CIL library: CIL module
 0001:0005dad0       ?line_atm0_8d@@YAXPAE0PAIH@Z 0045ead0 f    CIL library: CIL module
 0001:0005db30       ?line_atm0_8@@YAXPAE0PAIH@Z 0045eb30 f    CIL library: CIL module
 0001:0005f550       ?line_p4bpp_32d_nf@@YAXPAE00PAI@Z 00460550 f    CIL library: CIL module
 0001:0005f730       ?line_p4bpp_32d@@YAXPAE0PAI@Z 00460730 f    CIL library: CIL module
 0001:0005f820       ?line_p4bpp_32@@YAXPAE0PAI@Z 00460820 f    CIL library: CIL module
 0001:0005f870       ?line_p4bpp_16d_nf@@YAXPAE00PAI@Z 00460870 f    CIL library: CIL module
 0001:0005fa20       ?line_p4bpp_16d@@YAXPAE0PAI@Z 00460a20 f    CIL library: CIL module
 0001:0005faf0       ?line_p4bpp_16@@YAXPAE0PAI@Z 00460af0 f    CIL library: CIL module
 0001:0005fb40       ?line_p4bpp_8d_nf@@YAXPAE00PAI@Z 00460b40 f    CIL library: CIL module
 0001:0005fc80       ?line_p4bpp_8d@@YAXPAE0PAI@Z 00460c80 f    CIL library: CIL module
 0001:0005fd10       ?line_p4bpp_8@@YAXPAE0PAI@Z 00460d10 f    CIL library: CIL module
 0001:0005fd50       ?r_p4bpp_32d@@YAXPAEI@Z    00460d50 f    CIL library: CIL module
 0001:0005fe10       ?r_p4bpp_32d1@@YAXPAEI@Z   00460e10 f    CIL library: CIL module
 0001:0005feb0       ?r_p4bpp_32@@YAXPAEI@Z     00460eb0 f    CIL library: CIL module
 0001:0005ff00       ?r_p4bpp_16d@@YAXPAEI@Z    00460f00 f    CIL library: CIL module
 0001:0005ffc0       ?r_p4bpp_16d1@@YAXPAEI@Z   00460fc0 f    CIL library: CIL module
 0001:00060060       ?r_p4bpp_16@@YAXPAEI@Z     00461060 f    CIL library: CIL module
 0001:000600b0       ?r_p4bpp_8d@@YAXPAEI@Z     004610b0 f    CIL library: CIL module
 0001:00060170       ?r_p4bpp_8d1@@YAXPAEI@Z    00461170 f    CIL library: CIL module
 0001:00060210       ?r_p4bpp_8@@YAXPAEI@Z      00461210 f    CIL library: CIL module
 0001:00067a10       ?_bil_line2@@YIXPAE0@Z     00468a10 f    CIL library: CIL module
 0001:00067a80       ?_bil_line1@@YIXPAE0@Z     00468a80 f    CIL library: CIL module
 0001:0006b2f0       ?DoneD3d@@YAX_N@Z          0046c2f0 f    CIL library: CIL module
 0001:0006b730       ?FlipGdi@@YAXXZ            0046c730 f    CIL library: CIL module
 0001:0006ba80       ?CalcWindowSize@@YAXXZ     0046ca80 f    CIL library: CIL module
 0001:0006bc30       ?StartD3d@@YAXPAUHWND__@@@Z 0046cc30 f    CIL library: CIL module
 0001:0006c1a0       ?SetVideoModeD3d@@YAXXZ    0046d1a0 f    CIL library: CIL module
 0001:0006c7b0       ?FlipVideoMem@@YAXXZ       0046d7b0 f    CIL library: CIL module
 0001:0006c930       ?FlipD3d@@YAXXZ            0046d930 f    CIL library: CIL module
 0001:0006cae0       ?FlipBlt@@YAXXZ            0046dae0 f    CIL library: CIL module
 0001:00073900       ?rw_err@@YAXPBD@Z          00474900 f    CIL library: CIL module
 0001:000766c0       ?wtline@@YAXPBDII@Z        004776c0 f    CIL library: CIL module
 0001:0007a2f0       ?get_dos_flag@@YA_NXZ      0047b2f0 f    CIL library: CIL module
 0001:0007a300       ?SaveBpx@@YAXXZ            0047b300 f    CIL library: CIL module
 0001:0007a450       ?LoadBpx@@YAXXZ            0047b450 f    CIL library: CIL module
 0001:00081b10       ?rend_atm_frame@@YAXPAEI@Z 00482b10 f    CIL library: CIL module
 0001:00081b80       ?rend_atm_frame_small@@YAXPAEI@Z 00482b80 f    CIL library: CIL module
 0001:000854d7       __shift                    004864d7 f   LIBCMT:cvt.obj
 0001:0008551c       __cftoe2_l                 0048651c f   LIBCMT:cvt.obj
 0001:00085b0e       __cftof2_l                 00486b0e f   LIBCMT:cvt.obj
 0001:00089f97       __get_fname                0048af97 f   LIBCMT:_fpexcept_.obj
 0001:0008cf23       __abstract_cw              0048df23 f   LIBCMT:_ieee87_.obj
 0001:0008cfc2       __hw_cw                    0048dfc2 f   LIBCMT:_ieee87_.obj
 0001:0008d050       __abstract_sw              0048e050 f   LIBCMT:_ieee87_.obj
 0001:0008d093       ___abstract_cw_sse2        0048e093 f   LIBCMT:_ieee87_.obj
 0001:0008d133       ___hw_cw_sse2              0048e133 f   LIBCMT:_ieee87_.obj
 0001:0008d1d3       ___abstract_sw_sse2        0048e1d3 f   LIBCMT:_ieee87_.obj
 0001:0008d216       ___fpreset_sse2            0048e216 f   LIBCMT:_ieee87_.obj
 0001:0008d2ec       ___statusfp_sse2           0048e2ec f   LIBCMT:_ieee87_.obj
 0001:0008d327       ___clearfp_sse2            0048e327 f   LIBCMT:_ieee87_.obj
 0001:0008d377       ___control87_sse2          0048e377 f   LIBCMT:_ieee87_.obj
 0001:0008e2e0       ??__ECheatDlg@@YAXXZ       0048f2e0 f    CIL library: CIL module
 0001:0008e2f0       ??__Emon_labels@@YAXXZ     0048f2f0 f    CIL library: CIL module
 0001:0008e300       ??__Ersm@@YAXXZ            0048f300 f    CIL library: CIL module
 0001:0008e310       ??__Ecpu@@YAXXZ            0048f310 f    CIL library: CIL module
 0001:0008e320       ??__Esound@z80gs@@YAXXZ    0048f320 f    CIL library: CIL module
 0001:0008e330       ??__Egscpu@@YAXXZ          0048f330 f    CIL library: CIL module
 0001:0008e340       ??__Ecomp@@YAXXZ           0048f340 f    CIL library: CIL module
 0001:0008e370       ??__Ehdd@@YAXXZ            0048f370 f    CIL library: CIL module
 0001:0008e390       ??__Esound@@YAXXZ          0048f390 f    CIL library: CIL module
 0001:0008e3a0       ??__Eay@@YAXXZ             0048f3a0 f    CIL library: CIL module
 0001:0008e3d0       ??__EVs1001@@YAXXZ         0048f3d0 f    CIL library: CIL module
 0001:0008e490       ??__ESaa1099@@YAXXZ        0048f490 f    CIL library: CIL module
 0001:0008e4a0       ??__FCheatDlg@@YAXXZ       0048f4a0 f    CIL library: CIL module
 0001:0008e4c0       ??__Fmon_labels@@YAXXZ     0048f4c0 f    CIL library: CIL module
 0001:0008e500       ??__Frsm@@YAXXZ            0048f500 f    CIL library: CIL module
 0001:0008e510       ??__Fcpu@@YAXXZ            0048f510 f    CIL library: CIL module
 0001:0008e520       ??__Fgscpu@@YAXXZ          0048f520 f    CIL library: CIL module
 0001:0008e530       ??__Fcomp@@YAXXZ           0048f530 f    CIL library: CIL module
 0001:0008e560       ??__Fhdd@@YAXXZ            0048f560 f    CIL library: CIL module
 0001:0008e570       ??__FVs1001@@YAXXZ         0048f570 f    CIL library: CIL module
